../Drivers/BSP/components/ethernet/enc28j60.c:31:9:ENC28J60_ReadOp	24	static
../Drivers/BSP/components/ethernet/enc28j60.c:42:6:ENC28J60_WriteOp	16	static
../Drivers/BSP/components/ethernet/enc28j60.c:49:6:ENC28J60_PowerDown	8	static
../Drivers/BSP/components/ethernet/enc28j60.c:58:6:ENC28J60_PowerUp	8	static
../Drivers/BSP/components/ethernet/enc28j60.c:64:6:ENC28J60_ReadBuffer	24	static
../Drivers/BSP/components/ethernet/enc28j60.c:73:17:ENC28J60_ReadBufferWord	16	static
../Drivers/BSP/components/ethernet/enc28j60.c:79:6:ENC28J60_WriteBuffer	16	static
../Drivers/BSP/components/ethernet/enc28j60.c:87:6:ENC28J60_SetBank	16	static
../Drivers/BSP/components/ethernet/enc28j60.c:95:9:ENC28J60_Read	16	static
../Drivers/BSP/components/ethernet/enc28j60.c:102:6:ENC28J60_WriteWord	16	static
../Drivers/BSP/components/ethernet/enc28j60.c:108:10:ENC28J60_PhyReadH	16	static
../Drivers/BSP/components/ethernet/enc28j60.c:124:6:ENC28J60_Write	16	static
../Drivers/BSP/components/ethernet/enc28j60.c:131:6:ENC28J60_PhyWrite	16	static
../Drivers/BSP/components/ethernet/enc28j60.c:151:6:ENC28J60_Clkout	16	static
../Drivers/BSP/components/ethernet/enc28j60.c:156:6:ENC28J60_Init	16	static
../Drivers/BSP/components/ethernet/enc28j60.c:234:9:ENC28J60_Getrev	16	static
../Drivers/BSP/components/ethernet/enc28j60.c:248:6:ENC28J60_EnableBroadcast	8	static
../Drivers/BSP/components/ethernet/enc28j60.c:253:6:ENC28J60_DisableBroadcast	8	static
../Drivers/BSP/components/ethernet/enc28j60.c:258:6:ENC28J60_EnableMulticast	8	static
../Drivers/BSP/components/ethernet/enc28j60.c:263:6:ENC28J60_DisableMulticast	8	static
../Drivers/BSP/components/ethernet/enc28j60.c:269:9:ENC28J60_Linkup	8	static
../Drivers/BSP/components/ethernet/enc28j60.c:274:6:ENC28J60_PacketSend	16	static
../Drivers/BSP/components/ethernet/enc28j60.c:308:10:ENC28J60_PacketReceive	24	static
