../Drivers/BSP/components/ethernet/Ethernet.c:20:6:Ethernet_Init	24	static
../Drivers/BSP/components/ethernet/Ethernet.c:45:6:Ethernet_Clkout	16	static
../Drivers/BSP/components/ethernet/Ethernet.c:49:9:Ethernet_Linkup	8	static
../Drivers/BSP/components/ethernet/Ethernet.c:53:6:Ethernet_EnableBroadcast	8	static
../Drivers/BSP/components/ethernet/Ethernet.c:57:6:Ethernet_DisableBroadcast	8	static
../Drivers/BSP/components/ethernet/Ethernet.c:61:6:Ethernet_EnableMulticast	8	static
../Drivers/BSP/components/ethernet/Ethernet.c:65:6:Ethernet_DisableMulticast	8	static
../Drivers/BSP/components/ethernet/Ethernet.c:69:9:Ethernet_Read	16	static
../Drivers/BSP/components/ethernet/Ethernet.c:73:9:Ethernet_Revision	8	static
../Drivers/BSP/components/ethernet/Ethernet.c:77:6:Ethernet_PhyWrite	16	static
../Drivers/BSP/components/ethernet/Ethernet.c:81:10:Ethernet_PacketReceive	16	static
../Drivers/BSP/components/ethernet/Ethernet.c:85:6:Ethernet_PacketSend	16	static
../Drivers/BSP/components/ethernet/Ethernet.c:89:6:Ethernet_init_ip_arp_udp_tcp	24	static
../Drivers/BSP/components/ethernet/Ethernet.c:93:9:Ethernet_eth_type_is_arp_and_my_ip	16	static
../Drivers/BSP/components/ethernet/Ethernet.c:97:9:Ethernet_eth_type_is_ip_and_my_ip	16	static
../Drivers/BSP/components/ethernet/Ethernet.c:101:6:Ethernet_make_echo_reply_from_request	16	static
../Drivers/BSP/components/ethernet/Ethernet.c:105:6:Ethernet_make_tcp_synack_from_syn	16	static
../Drivers/BSP/components/ethernet/Ethernet.c:109:6:Ethernet_make_tcp_ack_from_any	16	static
../Drivers/BSP/components/ethernet/Ethernet.c:115:6:Ethernet_make_tcp_ack_with_data	16	static
../Drivers/BSP/components/ethernet/Ethernet.c:119:6:Ethernet_make_tcp_ack_with_data_noflags	16	static
../Drivers/BSP/components/ethernet/Ethernet.c:123:10:Ethernet_build_tcp_data	16	static
../Drivers/BSP/components/ethernet/Ethernet.c:127:6:Ethernet_send_tcp_data	16	static
../Drivers/BSP/components/ethernet/Ethernet.c:131:6:Ethernet_send_udp_data2	32	static
../Drivers/BSP/components/ethernet/Ethernet.c:140:6:Ethernet_send_udp_data1	24	static
../Drivers/BSP/components/ethernet/Ethernet.c:146:6:Ethernet_init_len_info	16	static
../Drivers/BSP/components/ethernet/Ethernet.c:154:10:Ethernet_checksum	16	static
../Drivers/BSP/components/ethernet/Ethernet.c:158:6:Ethernet_fill_ip_hdr_checksum	16	static
../Drivers/BSP/components/ethernet/Ethernet.c:162:10:Ethernet_get_tcp_data_pointer	8	static
../Drivers/BSP/components/ethernet/Ethernet.c:166:10:Ethernet_packetloop_icmp_tcp	16	static
../Drivers/BSP/components/ethernet/Ethernet.c:174:10:Ethernet_fill_tcp_data	24	static
../Drivers/BSP/components/ethernet/Ethernet.c:178:10:Ethernet_fill_tcp_data_len	24	static
../Drivers/BSP/components/ethernet/Ethernet.c:183:6:Ethernet_www_server_reply	16	static
../Drivers/BSP/components/ethernet/Ethernet.c:187:6:Ethernet_wb_server_reply	16	static
../Drivers/BSP/components/ethernet/Ethernet.c:190:9:Ethernet_client_store_gw_mac	16	static
../Drivers/BSP/components/ethernet/Ethernet.c:194:6:Ethernet_client_set_gwip	16	static
../Drivers/BSP/components/ethernet/Ethernet.c:198:6:Ethernet_client_set_wwwip	16	static
../Drivers/BSP/components/ethernet/Ethernet.c:203:6:Ethernet_client_tcp_set_serverip	16	static
../Drivers/BSP/components/ethernet/Ethernet.c:207:6:Ethernet_client_arp_whohas	16	static
../Drivers/BSP/components/ethernet/Ethernet.c:212:9:Ethernet_client_tcp_req	24	static
../Drivers/BSP/components/ethernet/Ethernet.c:219:6:Ethernet_tcp_client_send_packet	48	static
../Drivers/BSP/components/ethernet/Ethernet.c:228:10:Ethernet_tcp_get_dlength	16	static
../Drivers/BSP/components/ethernet/Ethernet.c:238:6:Ethernet_client_browse_url	24	static
../Drivers/BSP/components/ethernet/Ethernet.c:243:6:Ethernet_client_http_post	32	static
../Drivers/BSP/components/ethernet/Ethernet.c:262:6:Ethernet_register_ping_rec_callback	16	static
../Drivers/BSP/components/ethernet/Ethernet.c:267:6:Ethernet_client_icmp_request	16	static
../Drivers/BSP/components/ethernet/Ethernet.c:271:9:Ethernet_packetloop_icmp_checkreply	16	static
../Drivers/BSP/components/ethernet/Ethernet.c:309:9:Ethernet_client_waiting_gw	8	static
../Drivers/BSP/components/ethernet/Ethernet.c:466:6:Ethernet_PowerUp	8	static
../Drivers/BSP/components/ethernet/Ethernet.c:470:6:Ethernet_PowerDown	8	static
../Drivers/BSP/components/ethernet/Ethernet.c:475:9:Ethernet_nextTcpState	16	static
../Drivers/BSP/components/ethernet/Ethernet.c:479:9:Ethernet_currentTcpState	8	static
../Drivers/BSP/components/ethernet/Ethernet.c:483:9:Ethernet_tcpActiveOpen	32	static
../Drivers/BSP/components/ethernet/Ethernet.c:490:6:Ethernet_tcpPassiveOpen	16	static
../Drivers/BSP/components/ethernet/Ethernet.c:494:6:Ethernet_tcpClose	16	static
