../Core/Src/m_ether/m_ether.c:69:12:read_mac_addr	40	static
../Core/Src/m_ether/m_ether.c:132:12:read_packet	24	static
../Core/Src/m_ether/m_ether.c:162:12:ethernet_init	40	static
../Core/Src/m_ether/m_ether.c:200:6:ENC28J60_DelayUs	16	static,ignoring_inline_asm
../Core/Src/m_ether/m_ether.c:211:6:ENC28J60_DelayMs	16	static
../Core/Src/m_ether/m_ether.c:215:10:ENC28J60_GetMs	8	static
../Core/Src/m_ether/m_ether.c:219:6:ENC28J60_EnableChip	8	static
../Core/Src/m_ether/m_ether.c:223:6:ENC28J60_DisableChip	8	static
../Core/Src/m_ether/m_ether.c:227:9:ENC28J60_TransceiveByte	32	static
../Core/Src/m_ether/m_ether.c:240:5:m_eth_write_mac_ipaddr	64	static
../Core/Src/m_ether/m_ether.c:262:12:read_ipnet	72	static
../Core/Src/m_ether/m_ether.c:290:13:onWriteIPAddress	64	static
../Core/Src/m_ether/m_ether.c:313:13:On_set_mode	16	static
../Core/Src/m_ether/m_ether.c:321:6:m_eth_set_trigger	16	static
../Core/Src/m_ether/m_ether.c:326:5:m_eth_read_mac_ipaddr	16	static
../Core/Src/m_ether/m_ether.c:333:6:EthernetTask	16	static
../Core/Src/m_ether/m_ether.c:347:13:evt_handler	16	static
../Core/Src/m_ether/m_ether.c:364:5:EthernetInit	88	static
