../Core/Src/m_ether/m_ether.c:74:12:read_mac_addr	40	static
../Core/Src/m_ether/m_ether.c:137:12:read_packet	24	static
../Core/Src/m_ether/m_ether.c:167:12:ethernet_init	40	static
../Core/Src/m_ether/m_ether.c:205:6:ENC28J60_DelayUs	16	static,ignoring_inline_asm
../Core/Src/m_ether/m_ether.c:216:6:ENC28J60_DelayMs	16	static
../Core/Src/m_ether/m_ether.c:220:10:ENC28J60_GetMs	8	static
../Core/Src/m_ether/m_ether.c:224:6:ENC28J60_EnableChip	8	static
../Core/Src/m_ether/m_ether.c:228:6:ENC28J60_DisableChip	8	static
../Core/Src/m_ether/m_ether.c:232:9:ENC28J60_TransceiveByte	32	static
../Core/Src/m_ether/m_ether.c:245:5:m_eth_write_mac_ipaddr	72	static
../Core/Src/m_ether/m_ether.c:293:12:read_ipnet	4	static
../Core/Src/m_ether/m_ether.c:328:13:onWriteIPAddress	64	static
../Core/Src/m_ether/m_ether.c:351:13:On_set_mode	16	static
../Core/Src/m_ether/m_ether.c:359:6:m_eth_set_prev_set_mode	16	static
../Core/Src/m_ether/m_ether.c:364:6:m_eth_set_trigger	16	static
../Core/Src/m_ether/m_ether.c:369:5:m_eth_read_mac_ipaddr	16	static
../Core/Src/m_ether/m_ether.c:376:6:EthernetTask	16	static
../Core/Src/m_ether/m_ether.c:390:13:evt_handler	16	static
../Core/Src/m_ether/m_ether.c:407:5:EthernetInit	80	static
