D:/project/yns/MSV2008/Backend/Core/Src/m_event/m_event_queue.h:53:24:push_event0	24	static
../Core/Src/main.c:145:13:get_model	4	static
../Core/Src/main.c:150:13:banner	40	static
../Core/Src/main.c:163:6:JumpBootLoader	24	static,ignoring_inline_asm
../Core/Src/main.c:189:5:Initialize	16	static
../Core/Src/main.c:220:5:main	56	static
../Core/Src/main.c:314:6:SystemClock_Config	88	static
../Core/Src/main.c:361:13:MX_I2C1_Init	8	static
../Core/Src/main.c:395:13:MX_IWDG_Init	8	static
../Core/Src/main.c:423:13:MX_SPI1_Init	8	static
../Core/Src/main.c:461:13:MX_USART1_UART_Init	8	static
../Core/Src/main.c:494:13:MX_USART2_UART_Init	8	static
../Core/Src/main.c:527:13:MX_USART3_UART_Init	8	static
../Core/Src/main.c:560:13:MX_USART6_UART_Init	8	static
../Core/Src/main.c:593:13:MX_GPIO_Init	48	static
../Core/Src/main.c:652:13:evt_handler	16	static
../Core/Src/main.c:670:6:eventTask	24	static
../Core/Src/main.c:694:6:optimerCb	16	static
../Core/Src/main.c:709:6:HAL_TIM_PeriodElapsedCallback	16	static
../Core/Src/main.c:726:6:Error_Handler	4	static,ignoring_inline_asm
