D:/project/yns/MSV2008/Backend/Core/Src/m_event/m_event_queue.h:53:24:push_event0	1
../Core/Src/main.c:146:13:get_model	1
../Core/Src/main.c:151:13:banner	39
../Core/Src/main.c:164:6:JumpBootLoader	1
../Core/Src/main.c:190:5:Initialize	19
../Core/Src/main.c:224:5:main	4
../Core/Src/main.c:318:6:SystemClock_Config	3
../Core/Src/main.c:365:13:MX_I2C1_Init	2
../Core/Src/main.c:399:13:MX_IWDG_Init	2
../Core/Src/main.c:427:13:MX_SPI1_Init	2
../Core/Src/main.c:465:13:MX_USART1_UART_Init	2
../Core/Src/main.c:498:13:MX_USART2_UART_Init	2
../Core/Src/main.c:531:13:MX_USART3_UART_Init	2
../Core/Src/main.c:564:13:MX_USART6_UART_Init	2
../Core/Src/main.c:597:13:MX_GPIO_Init	1
../Core/Src/main.c:656:13:evt_handler	1
../Core/Src/main.c:674:6:eventTask	2
../Core/Src/main.c:698:6:optimerCb	1
../Core/Src/main.c:714:6:HAL_TIM_PeriodElapsedCallback	2
../Core/Src/main.c:731:6:Error_Handler	1
