../Core/Src/main.c:146:6:JumpToBootloader	24	static,ignoring_inline_asm
../Core/Src/main.c:171:13:get_model	4	static
../Core/Src/main.c:176:13:banner	40	static
../Core/Src/main.c:187:12:Init_device	8	static
../Core/Src/main.c:203:6:vApplicationStackOverflowHook	16	static
../Core/Src/main.c:212:5:main	128	static
../Core/Src/main.c:318:6:SystemClock_Config	72	static
../Core/Src/main.c:359:13:MX_IWDG_Init	8	static
../Core/Src/main.c:387:13:MX_USART1_UART_Init	8	static
../Core/Src/main.c:420:13:MX_USART2_UART_Init	8	static
../Core/Src/main.c:453:13:MX_GPIO_Init	40	static
../Core/Src/main.c:528:6:applicationTask	16	static
../Core/Src/main.c:556:6:SerialTask	16	static
../Core/Src/main.c:576:6:keyProc	16	static
../Core/Src/main.c:595:6:opLedCb	16	static
../Core/Src/main.c:610:6:HAL_TIM_PeriodElapsedCallback	16	static
../Core/Src/main.c:627:6:Error_Handler	4	static,ignoring_inline_asm
