../Core/Src/main.c:146:6:JumpToBootloader	24	static,ignoring_inline_asm
../Core/Src/main.c:171:13:get_model	4	static
../Core/Src/main.c:176:13:banner	40	static
../Core/Src/main.c:187:12:Init_device	8	static
../Core/Src/main.c:208:5:main	80	static
../Core/Src/main.c:303:6:SystemClock_Config	72	static
../Core/Src/main.c:372:13:MX_USART1_UART_Init	8	static
../Core/Src/main.c:405:13:MX_USART2_UART_Init	8	static
../Core/Src/main.c:438:13:MX_GPIO_Init	40	static
../Core/Src/main.c:513:6:eventTask	16	static
../Core/Src/main.c:538:6:SerialTask	16	static
../Core/Src/main.c:550:6:opLedCb	16	static
../Core/Src/main.c:565:6:HAL_TIM_PeriodElapsedCallback	16	static
../Core/Src/main.c:582:6:Error_Handler	4	static,ignoring_inline_asm
