../Core/Src/lcd/lcd.c:25:6:LCD_LOAD_CGRAM	24	static
../Core/Src/lcd/lcd.c:38:6:LCD_ENABLE	8	static
../Core/Src/lcd/lcd.c:45:13:Send4Bit	16	static
../Core/Src/lcd/lcd.c:54:6:LCD_CMD	16	static
../Core/Src/lcd/lcd.c:64:6:LCD_printchar	16	static
../Core/Src/lcd/lcd.c:74:6:LCD_printstring	16	static
../Core/Src/lcd/lcd.c:82:6:LCD_CLEAR_DISPLAY	8	static
../Core/Src/lcd/lcd.c:88:6:LCD_2ndROW	8	static
../Core/Src/lcd/lcd.c:93:6:LCD_HOME	8	static
../Core/Src/lcd/lcd.c:99:6:LCD_LSHIFT	8	static
../Core/Src/lcd/lcd.c:104:6:LCD_RSHIFT	8	static
../Core/Src/lcd/lcd.c:109:6:LCD_DISP_ON	8	static
../Core/Src/lcd/lcd.c:114:6:LCD_DISP_OFF	8	static
../Core/Src/lcd/lcd.c:119:6:LCD_DISP_CURSOR	8	static
../Core/Src/lcd/lcd.c:124:6:LCD_LOCATE	16	static
../Core/Src/lcd/lcd.c:142:6:LCD_printf	24	static
../Core/Src/lcd/lcd.c:166:6:LCD_INIT	8	static
