../Core/Src/lcd/lcd.c:25:13:DWT_Init	4	static
../Core/Src/lcd/lcd.c:33:13:delay_us	32	static
../Core/Src/lcd/lcd.c:42:6:LCD_LOAD_CGRAM	24	static
../Core/Src/lcd/lcd.c:55:6:LCD_ENABLE	8	static
../Core/Src/lcd/lcd.c:63:13:Send4Bit	16	static
../Core/Src/lcd/lcd.c:72:6:LCD_CMD	16	static
../Core/Src/lcd/lcd.c:82:6:LCD_printchar	16	static
../Core/Src/lcd/lcd.c:92:6:LCD_printstring	16	static
../Core/Src/lcd/lcd.c:101:6:LCD_CLEAR_DISPLAY	8	static
../Core/Src/lcd/lcd.c:107:6:LCD_2ndROW	8	static
../Core/Src/lcd/lcd.c:112:6:LCD_HOME	8	static
../Core/Src/lcd/lcd.c:118:6:LCD_LSHIFT	8	static
../Core/Src/lcd/lcd.c:123:6:LCD_RSHIFT	8	static
../Core/Src/lcd/lcd.c:128:6:LCD_DISP_ON	8	static
../Core/Src/lcd/lcd.c:134:6:LCD_DISP_OFF	8	static
../Core/Src/lcd/lcd.c:139:6:LCD_DISP_CURSOR	8	static
../Core/Src/lcd/lcd.c:145:6:LCD_LOCATE	16	static
../Core/Src/lcd/lcd.c:167:6:LCD_printf	24	static
../Core/Src/lcd/lcd.c:192:6:LCD_INIT	8	static
