../Core/Src/lcd/screen.c:174:13:backend_cmd_2_str	16	static
../Core/Src/lcd/screen.c:206:6:screen_init	56	static
../Core/Src/lcd/screen.c:229:13:send_cmd_2_backend	16	static
../Core/Src/lcd/screen.c:235:6:screen_sync_complete	16	static
../Core/Src/lcd/screen.c:242:6:screen_send_config	24	static
../Core/Src/lcd/screen.c:314:6:screen_blink	8	static
../Core/Src/lcd/screen.c:324:12:screen_process	40	static
../Core/Src/lcd/screen.c:341:12:draw_title	80	static
../Core/Src/lcd/screen.c:470:13:split_num	24	static
../Core/Src/lcd/screen.c:489:12:combine_array	24	static
../Core/Src/lcd/screen.c:506:12:channel_screen_func	48	static
../Core/Src/lcd/screen.c:619:12:set_changetime_func	72	static
../Core/Src/lcd/screen.c:781:19:save_data	8	static
../Core/Src/lcd/screen.c:792:13:run_remote_mode	16	static
../Core/Src/lcd/screen.c:801:12:blink_text_screen_func	40	static
../Core/Src/lcd/screen.c:997:12:set_level_screen_func	56	static
../Core/Src/lcd/screen.c:1070:12:uart_screen_func	32	static
../Core/Src/lcd/screen.c:1134:13:check_octet	24	static
../Core/Src/lcd/screen.c:1158:12:ip_screen_func	80	static
../Core/Src/lcd/screen.c:1304:12:port_screen_func	64	static
../Core/Src/lcd/screen.c:1429:12:remote_screen_func	24	static
../Core/Src/lcd/screen.c:1452:12:findCharIndex	24	static
../Core/Src/lcd/screen.c:1459:13:increaseChar	24	static
../Core/Src/lcd/screen.c:1465:13:decreaseChar	24	static
../Core/Src/lcd/screen.c:1470:12:user_screen_func	40	static
../Core/Src/lcd/screen.c:1518:12:factory_screen_func	24	static
../Core/Src/lcd/screen.c:1541:13:select_ch_set_blink	88	static
../Core/Src/lcd/screen.c:1550:12:select_ch_screen_func	32	static
