../Core/Src/lcd/screen.c:140:6:screen_init	32	static
../Core/Src/lcd/screen.c:155:6:screen_blink	8	static
../Core/Src/lcd/screen.c:165:13:send_cmd_2_backend	16	static
../Core/Src/lcd/screen.c:171:12:screen_process	32	static
../Core/Src/lcd/screen.c:188:13:draw_title	80	static
../Core/Src/lcd/screen.c:293:13:split_num	24	static
../Core/Src/lcd/screen.c:312:12:combine_array	24	static
../Core/Src/lcd/screen.c:329:12:channel_screen_func	24	static
../Core/Src/lcd/screen.c:409:12:set_changetime_func	56	static
../Core/Src/lcd/screen.c:551:19:save_data	8	static
../Core/Src/lcd/screen.c:562:13:run_remote_mode	8	static
../Core/Src/lcd/screen.c:568:12:blink_text_screen_func	32	static
../Core/Src/lcd/screen.c:658:12:uart_screen_func	24	static
../Core/Src/lcd/screen.c:709:13:check_octet	24	static
../Core/Src/lcd/screen.c:733:12:ip_screen_func	80	static
../Core/Src/lcd/screen.c:856:12:port_screen_func	56	static
../Core/Src/lcd/screen.c:975:12:remote_screen_func	24	static
../Core/Src/lcd/screen.c:993:12:findCharIndex	24	static
../Core/Src/lcd/screen.c:1000:13:increaseChar	24	static
../Core/Src/lcd/screen.c:1006:13:decreaseChar	24	static
../Core/Src/lcd/screen.c:1011:12:user_screen_func	40	static
../Core/Src/lcd/screen.c:1059:12:factory_screen_func	24	static
../Core/Src/lcd/screen.c:1078:13:select_ch_set_blink	88	static
../Core/Src/lcd/screen.c:1087:12:select_ch_screen_func	24	static
../Core/Src/lcd/screen.c:1138:12:version_screen_func	24	static
