../Core/Src/lcd/screen.c:136:6:screen_init	32	static
../Core/Src/lcd/screen.c:151:6:screen_blink	8	static
../Core/Src/lcd/screen.c:161:13:send_cmd_2_backend	16	static
../Core/Src/lcd/screen.c:167:12:screen_process	40	static
../Core/Src/lcd/screen.c:184:13:draw_title	80	static
../Core/Src/lcd/screen.c:269:13:split_num	24	static
../Core/Src/lcd/screen.c:288:12:combine_array	24	static
../Core/Src/lcd/screen.c:304:12:channel_screen_func	24	static
../Core/Src/lcd/screen.c:356:12:set_changetime_func	72	static
../Core/Src/lcd/screen.c:473:19:save_data	8	static
../Core/Src/lcd/screen.c:484:13:run_remote_mode	8	static
../Core/Src/lcd/screen.c:490:12:blink_text_screen_func	24	static
../Core/Src/lcd/screen.c:567:12:uart_screen_func	24	static
../Core/Src/lcd/screen.c:618:13:check_octet	24	static
../Core/Src/lcd/screen.c:642:12:ip_screen_func	80	static
../Core/Src/lcd/screen.c:765:12:port_screen_func	56	static
../Core/Src/lcd/screen.c:869:12:self_test_screen_func	24	static
../Core/Src/lcd/screen.c:884:12:remote_screen_func	24	static
../Core/Src/lcd/screen.c:902:12:findCharIndex	24	static
../Core/Src/lcd/screen.c:909:13:increaseChar	24	static
../Core/Src/lcd/screen.c:915:13:decreaseChar	24	static
../Core/Src/lcd/screen.c:920:12:user_screen_func	40	static
../Core/Src/lcd/screen.c:967:12:factory_screen_func	24	static
../Core/Src/lcd/screen.c:986:13:select_ch_set_blink	88	static
../Core/Src/lcd/screen.c:1002:12:select_ch_screen_func	24	static
../Core/Src/lcd/screen.c:1037:12:version_screen_func	24	static
