../Core/Src/m_serial/fpga_proc.c:53:6:fpga_push_buf	24	static
../Core/Src/m_serial/fpga_proc.c:65:9:pop_fpga_buf	16	static
../Core/Src/m_serial/fpga_proc.c:74:9:fpga_read_register	40	static
../Core/Src/m_serial/fpga_proc.c:106:6:fpga_set_last_output_channel	8	static
../Core/Src/m_serial/fpga_proc.c:111:5:fpga_set_output_channel	32	static
../Core/Src/m_serial/fpga_proc.c:138:5:fpga_set_input_channel	32	static
../Core/Src/m_serial/fpga_proc.c:161:9:fpga_set_mode	24	static
../Core/Src/m_serial/fpga_proc.c:179:9:fpga_select_output	24	static
../Core/Src/m_serial/fpga_proc.c:200:9:fpga_select_edge	24	static
../Core/Src/m_serial/fpga_proc.c:218:9:fpga_pwm_reset	16	static
../Core/Src/m_serial/fpga_proc.c:233:5:fpga_set_delay_time	32	static
../Core/Src/m_serial/fpga_proc.c:255:5:fpga_set_on_time	24	static
../Core/Src/m_serial/fpga_proc.c:275:5:fpga_set_duty_time	24	static
../Core/Src/m_serial/fpga_proc.c:301:5:fpga_set_period_time	32	static
../Core/Src/m_serial/fpga_proc.c:325:5:fpga_set_trigger_order	40	static
../Core/Src/m_serial/fpga_proc.c:348:5:fpga_set_Group_input	32	static
../Core/Src/m_serial/fpga_proc.c:371:5:fpga_set_Group_output	32	static
../Core/Src/m_serial/fpga_proc.c:394:13:onTriggerCtrl	16	static
../Core/Src/m_serial/fpga_proc.c:400:16:parse_packet	16	static
../Core/Src/m_serial/fpga_proc.c:412:6:fpga_set_factory_reset	40	static
../Core/Src/m_serial/fpga_proc.c:448:6:fpga_get_trigger_status	16	static
../Core/Src/m_serial/fpga_proc.c:453:13:evt_handler	16	static
../Core/Src/m_serial/fpga_proc.c:471:13:FpgaProcTask	32	static
../Core/Src/m_serial/fpga_proc.c:538:10:fpga_proc_init	48	static
