Archive member included to satisfy reference by file (symbol)

C:/ST/STM32CubeIDE_1.7.0/STM32CubeIDE/plugins/com.st.stm32cube.ide.mcu.externaltools.gnu-tools-for-stm32.12.3.rel1.win32_1.1.0.202410251130/tools/bin/../lib/gcc/arm-none-eabi/12.3.1/../../../../arm-none-eabi/lib/thumb/v7e-m+fp/hard\libc_nano.a(libc_a-exit.o)
                              C:/ST/STM32CubeIDE_1.7.0/STM32CubeIDE/plugins/com.st.stm32cube.ide.mcu.externaltools.gnu-tools-for-stm32.12.3.rel1.win32_1.1.0.202410251130/tools/bin/../lib/gcc/arm-none-eabi/12.3.1/../../../../arm-none-eabi/lib/thumb/v7e-m+fp/hard/crt0.o (exit)
C:/ST/STM32CubeIDE_1.7.0/STM32CubeIDE/plugins/com.st.stm32cube.ide.mcu.externaltools.gnu-tools-for-stm32.12.3.rel1.win32_1.1.0.202410251130/tools/bin/../lib/gcc/arm-none-eabi/12.3.1/../../../../arm-none-eabi/lib/thumb/v7e-m+fp/hard\libc_nano.a(libc_a-rand.o)
                              ./Drivers/BSP/components/ethernet/dhcp.o (srand)
C:/ST/STM32CubeIDE_1.7.0/STM32CubeIDE/plugins/com.st.stm32cube.ide.mcu.externaltools.gnu-tools-for-stm32.12.3.rel1.win32_1.1.0.202410251130/tools/bin/../lib/gcc/arm-none-eabi/12.3.1/../../../../arm-none-eabi/lib/thumb/v7e-m+fp/hard\libc_nano.a(libc_a-findfp.o)
                              ./Middlewares/Third_Party/FreeRTOS/Source/tasks.o (__sf)
C:/ST/STM32CubeIDE_1.7.0/STM32CubeIDE/plugins/com.st.stm32cube.ide.mcu.externaltools.gnu-tools-for-stm32.12.3.rel1.win32_1.1.0.202410251130/tools/bin/../lib/gcc/arm-none-eabi/12.3.1/../../../../arm-none-eabi/lib/thumb/v7e-m+fp/hard\libc_nano.a(libc_a-fwalk.o)
                              C:/ST/STM32CubeIDE_1.7.0/STM32CubeIDE/plugins/com.st.stm32cube.ide.mcu.externaltools.gnu-tools-for-stm32.12.3.rel1.win32_1.1.0.202410251130/tools/bin/../lib/gcc/arm-none-eabi/12.3.1/../../../../arm-none-eabi/lib/thumb/v7e-m+fp/hard\libc_nano.a(libc_a-findfp.o) (_fwalk_sglue)
C:/ST/STM32CubeIDE_1.7.0/STM32CubeIDE/plugins/com.st.stm32cube.ide.mcu.externaltools.gnu-tools-for-stm32.12.3.rel1.win32_1.1.0.202410251130/tools/bin/../lib/gcc/arm-none-eabi/12.3.1/../../../../arm-none-eabi/lib/thumb/v7e-m+fp/hard\libc_nano.a(libc_a-sprintf.o)
                              ./Core/Src/m_ether/ip_arp_udp_tcp.o (sprintf)
C:/ST/STM32CubeIDE_1.7.0/STM32CubeIDE/plugins/com.st.stm32cube.ide.mcu.externaltools.gnu-tools-for-stm32.12.3.rel1.win32_1.1.0.202410251130/tools/bin/../lib/gcc/arm-none-eabi/12.3.1/../../../../arm-none-eabi/lib/thumb/v7e-m+fp/hard\libc_nano.a(libc_a-stdio.o)
                              C:/ST/STM32CubeIDE_1.7.0/STM32CubeIDE/plugins/com.st.stm32cube.ide.mcu.externaltools.gnu-tools-for-stm32.12.3.rel1.win32_1.1.0.202410251130/tools/bin/../lib/gcc/arm-none-eabi/12.3.1/../../../../arm-none-eabi/lib/thumb/v7e-m+fp/hard\libc_nano.a(libc_a-findfp.o) (__sread)
C:/ST/STM32CubeIDE_1.7.0/STM32CubeIDE/plugins/com.st.stm32cube.ide.mcu.externaltools.gnu-tools-for-stm32.12.3.rel1.win32_1.1.0.202410251130/tools/bin/../lib/gcc/arm-none-eabi/12.3.1/../../../../arm-none-eabi/lib/thumb/v7e-m+fp/hard\libc_nano.a(libc_a-vsnprintf.o)
                              ./Core/Src/log.o (vsnprintf)
C:/ST/STM32CubeIDE_1.7.0/STM32CubeIDE/plugins/com.st.stm32cube.ide.mcu.externaltools.gnu-tools-for-stm32.12.3.rel1.win32_1.1.0.202410251130/tools/bin/../lib/gcc/arm-none-eabi/12.3.1/../../../../arm-none-eabi/lib/thumb/v7e-m+fp/hard\libc_nano.a(libc_a-memcmp.o)
                              ./Core/Src/m_ether/m_ether.o (memcmp)
C:/ST/STM32CubeIDE_1.7.0/STM32CubeIDE/plugins/com.st.stm32cube.ide.mcu.externaltools.gnu-tools-for-stm32.12.3.rel1.win32_1.1.0.202410251130/tools/bin/../lib/gcc/arm-none-eabi/12.3.1/../../../../arm-none-eabi/lib/thumb/v7e-m+fp/hard\libc_nano.a(libc_a-memset.o)
                              C:/ST/STM32CubeIDE_1.7.0/STM32CubeIDE/plugins/com.st.stm32cube.ide.mcu.externaltools.gnu-tools-for-stm32.12.3.rel1.win32_1.1.0.202410251130/tools/bin/../lib/gcc/arm-none-eabi/12.3.1/../../../../arm-none-eabi/lib/thumb/v7e-m+fp/hard/crt0.o (memset)
C:/ST/STM32CubeIDE_1.7.0/STM32CubeIDE/plugins/com.st.stm32cube.ide.mcu.externaltools.gnu-tools-for-stm32.12.3.rel1.win32_1.1.0.202410251130/tools/bin/../lib/gcc/arm-none-eabi/12.3.1/../../../../arm-none-eabi/lib/thumb/v7e-m+fp/hard\libc_nano.a(libc_a-strncmp.o)
                              ./Core/Src/m_ether/ip_arp_udp_tcp.o (strncmp)
C:/ST/STM32CubeIDE_1.7.0/STM32CubeIDE/plugins/com.st.stm32cube.ide.mcu.externaltools.gnu-tools-for-stm32.12.3.rel1.win32_1.1.0.202410251130/tools/bin/../lib/gcc/arm-none-eabi/12.3.1/../../../../arm-none-eabi/lib/thumb/v7e-m+fp/hard\libc_nano.a(libc_a-closer.o)
                              C:/ST/STM32CubeIDE_1.7.0/STM32CubeIDE/plugins/com.st.stm32cube.ide.mcu.externaltools.gnu-tools-for-stm32.12.3.rel1.win32_1.1.0.202410251130/tools/bin/../lib/gcc/arm-none-eabi/12.3.1/../../../../arm-none-eabi/lib/thumb/v7e-m+fp/hard\libc_nano.a(libc_a-stdio.o) (_close_r)
[...]
Memory Configuration

Name             Origin             Length             Attributes
CCMRAM           0x10000000         0x00010000         xrw
RAM              0x20000000         0x00020000         xrw
FLASH            0x08000000         0x00100000         xr
*default*        0x00000000         0xffffffff

Linker script and memory map

LOAD C:/ST/STM32CubeIDE_1.7.0/STM32CubeIDE/plugins/com.st.stm32cube.ide.mcu.externaltools.gnu-tools-for-stm32.12.3.rel1.win32_1.1.0.202410251130/tools/bin/../lib/gcc/arm-none-eabi/12.3.1/thumb/v7e-m+fp/hard/crti.o
LOAD C:/ST/STM32CubeIDE_1.7.0/STM32CubeIDE/plugins/com.st.stm32cube.ide.mcu.externaltools.gnu-tools-for-stm32.12.3.rel1.win32_1.1.0.202410251130/tools/bin/../lib/gcc/arm-none-eabi/12.3.1/thumb/v7e-m+fp/hard/crtbegin.o
LOAD C:/ST/STM32CubeIDE_1.7.0/STM32CubeIDE/plugins/com.st.stm32cube.ide.mcu.externaltools.gnu-tools-for-stm32.12.3.rel1.win32_1.1.0.202410251130/tools/bin/../lib/gcc/arm-none-eabi/12.3.1/../../../../arm-none-eabi/lib/thumb/v7e-m+fp/hard/crt0.o
LOAD ./Core/Src/config/app_config.o
LOAD ./Core/Src/config/app_config_flash.o
LOAD ./Core/Src/config/app_state.o
LOAD ./Core/Src/freertos.o
LOAD ./Core/Src/log.o
LOAD ./Core/Src/main.o
LOAD ./Core/Src/stm32f4xx_hal_msp.o
LOAD ./Core/Src/stm32f4xx_hal_timebase_tim.o
LOAD ./Core/Src/stm32f4xx_it.o
LOAD ./Core/Src/syscalls.o
LOAD ./Core/Src/sysmem.o
LOAD ./Core/Src/system_stm32f4xx.o
LOAD ./Core/Src/m_env/m_env.o
LOAD ./Core/Src/m_env/m_flash.o
LOAD ./Core/Src/m_ether/ip_arp_udp_tcp.o
LOAD ./Core/Src/m_ether/m_ether.o
LOAD ./Core/Src/m_event/m_event_def.o
LOAD ./Core/Src/m_event/m_event_queue.o
LOAD ./Core/Src/m_menu/m_normal.o
LOAD ./Core/Src/m_serial/fpga_proc.o
LOAD ./Core/Src/m_serial/m_front.o
LOAD ./Core/Src/m_serial/m_remote.o
LOAD ./Core/Src/m_serial/m_serial.o
LOAD ./Core/Src/util/crc32_sw.o
LOAD ./Core/Startup/startup_stm32f405rgtx.o
LOAD ./Drivers/BSP/components/ethernet/Ethernet.o
LOAD ./Drivers/BSP/components/ethernet/dhcp.o
LOAD ./Drivers/BSP/components/ethernet/dnslkup.o
LOAD ./Drivers/BSP/components/ethernet/enc28j60.o
LOAD ./Drivers/STM32F4xx_HAL_Driver/Src/stm32f4xx_hal.o
LOAD ./Drivers/STM32F4xx_HAL_Driver/Src/stm32f4xx_hal_cortex.o
LOAD ./Drivers/STM32F4xx_HAL_Driver/Src/stm32f4xx_hal_dma.o
LOAD ./Drivers/STM32F4xx_HAL_Driver/Src/stm32f4xx_hal_dma_ex.o
LOAD ./Drivers/STM32F4xx_HAL_Driver/Src/stm32f4xx_hal_exti.o
LOAD ./Drivers/STM32F4xx_HAL_Driver/Src/stm32f4xx_hal_flash.o
LOAD ./Drivers/STM32F4xx_HAL_Driver/Src/stm32f4xx_hal_flash_ex.o
LOAD ./Drivers/STM32F4xx_HAL_Driver/Src/stm32f4xx_hal_flash_ramfunc.o
LOAD ./Drivers/STM32F4xx_HAL_Driver/Src/stm32f4xx_hal_gpio.o
LOAD ./Drivers/STM32F4xx_HAL_Driver/Src/stm32f4xx_hal_i2c.o
LOAD ./Drivers/STM32F4xx_HAL_Driver/Src/stm32f4xx_hal_i2c_ex.o
LOAD ./Drivers/STM32F4xx_HAL_Driver/Src/stm32f4xx_hal_iwdg.o
LOAD ./Drivers/STM32F4xx_HAL_Driver/Src/stm32f4xx_hal_pwr.o
LOAD ./Drivers/STM32F4xx_HAL_Driver/Src/stm32f4xx_hal_pwr_ex.o
LOAD ./Drivers/STM32F4xx_HAL_Driver/Src/stm32f4xx_hal_rcc.o
LOAD ./Drivers/STM32F4xx_HAL_Driver/Src/stm32f4xx_hal_rcc_ex.o
LOAD ./Drivers/STM32F4xx_HAL_Driver/Src/stm32f4xx_hal_spi.o
LOAD ./Drivers/STM32F4xx_HAL_Driver/Src/stm32f4xx_hal_tim.o
LOAD ./Drivers/STM32F4xx_HAL_Driver/Src/stm32f4xx_hal_tim_ex.o
LOAD ./Drivers/STM32F4xx_HAL_Driver/Src/stm32f4xx_hal_uart.o
LOAD ./Middlewares/Third_Party/FreeRTOS/Source/CMSIS_RTOS/cmsis_os.o
LOAD ./Middlewares/Third_Party/FreeRTOS/Source/croutine.o
LOAD ./Middlewares/Third_Party/FreeRTOS/Source/event_groups.o
LOAD ./Middlewares/Third_Party/FreeRTOS/Source/list.o
LOAD ./Middlewares/Third_Party/FreeRTOS/Source/queue.o
LOAD ./Middlewares/Third_Party/FreeRTOS/Source/stream_buffer.o
LOAD ./Middlewares/Third_Party/FreeRTOS/Source/tasks.o
LOAD ./Middlewares/Third_Party/FreeRTOS/Source/timers.o
LOAD ./Middlewares/Third_Party/FreeRTOS/Source/portable/GCC/ARM_CM4F/port.o
LOAD ./Middlewares/Third_Party/FreeRTOS/Source/portable/MemMang/heap_4.o
START GROUP
LOAD C:/ST/STM32CubeIDE_1.7.0/STM32CubeIDE/plugins/com.st.stm32cube.ide.mcu.externaltools.gnu-tools-for-stm32.12.3.rel1.win32_1.1.0.202410251130/tools/bin/../lib/gcc/arm-none-eabi/12.3.1/../../../../arm-none-eabi/lib/thumb/v7e-m+fp/hard\libc_nano.a
LOAD C:/ST/STM32CubeIDE_1.7.0/STM32CubeIDE/plugins/com.st.stm32cube.ide.mcu.externaltools.gnu-tools-for-stm32.12.3.rel1.win32_1.1.0.202410251130/tools/bin/../lib/gcc/arm-none-eabi/12.3.1/../../../../arm-none-eabi/lib/thumb/v7e-m+fp/hard\libm.a
END GROUP
START GROUP
LOAD C:/ST/STM32CubeIDE_1.7.0/STM32CubeIDE/plugins/com.st.stm32cube.ide.mcu.externaltools.gnu-tools-for-stm32.12.3.rel1.win32_1.1.0.202410251130/tools/bin/../lib/gcc/arm-none-eabi/12.3.1/thumb/v7e-m+fp/hard\libgcc.a
LOAD C:/ST/STM32CubeIDE_1.7.0/STM32CubeIDE/plugins/com.st.stm32cube.ide.mcu.externaltools.gnu-tools-for-stm32.12.3.rel1.win32_1.1.0.202410251130/tools/bin/../lib/gcc/arm-none-eabi/12.3.1/../../../../arm-none-eabi/lib/thumb/v7e-m+fp/hard\libc_nano.a
END GROUP
START GROUP
LOAD C:/ST/STM32CubeIDE_1.7.0/STM32CubeIDE/plugins/com.st.stm32cube.ide.mcu.externaltools.gnu-tools-for-stm32.12.3.rel1.win32_1.1.0.202410251130/tools/bin/../lib/gcc/arm-none-eabi/12.3.1/thumb/v7e-m+fp/hard\libgcc.a
LOAD C:/ST/STM32CubeIDE_1.7.0/STM32CubeIDE/plugins/com.st.stm32cube.ide.mcu.externaltools.gnu-tools-for-stm32.12.3.rel1.win32_1.1.0.202410251130/tools/bin/../lib/gcc/arm-none-eabi/12.3.1/../../../../arm-none-eabi/lib/thumb/v7e-m+fp/hard\libc_nano.a
LOAD C:/ST/STM32CubeIDE_1.7.0/STM32CubeIDE/plugins/com.st.stm32cube.ide.mcu.externaltools.gnu-tools-for-stm32.12.3.rel1.win32_1.1.0.202410251130/tools/bin/../lib/gcc/arm-none-eabi/12.3.1/../../../../arm-none-eabi/lib/thumb/v7e-m+fp/hard\libnosys.a
END GROUP
START GROUP
LOAD C:/ST/STM32CubeIDE_1.7.0/STM32CubeIDE/plugins/com.st.stm32cube.ide.mcu.externaltools.gnu-tools-for-stm32.12.3.rel1.win32_1.1.0.202410251130/tools/bin/../lib/gcc/arm-none-eabi/12.3.1/thumb/v7e-m+fp/hard\libgcc.a
LOAD C:/ST/STM32CubeIDE_1.7.0/STM32CubeIDE/plugins/com.st.stm32cube.ide.mcu.externaltools.gnu-tools-for-stm32.12.3.rel1.win32_1.1.0.202410251130/tools/bin/../lib/gcc/arm-none-eabi/12.3.1/../../../../arm-none-eabi/lib/thumb/v7e-m+fp/hard\libc_nano.a
LOAD C:/ST/STM32CubeIDE_1.7.0/STM32CubeIDE/plugins/com.st.stm32cube.ide.mcu.externaltools.gnu-tools-for-stm32.12.3.rel1.win32_1.1.0.202410251130/tools/bin/../lib/gcc/arm-none-eabi/12.3.1/../../../../arm-none-eabi/lib/thumb/v7e-m+fp/hard\libnosys.a
END GROUP
LOAD C:/ST/STM32CubeIDE_1.7.0/STM32CubeIDE/plugins/com.st.stm32cube.ide.mcu.externaltools.gnu-tools-for-stm32.12.3.rel1.win32_1.1.0.202410251130/tools/bin/../lib/gcc/arm-none-eabi/12.3.1/thumb/v7e-m+fp/hard/crtend.o
LOAD C:/ST/STM32CubeIDE_1.7.0/STM32CubeIDE/plugins/com.st.stm32cube.ide.mcu.externaltools.gnu-tools-for-stm32.12.3.rel1.win32_1.1.0.202410251130/tools/bin/../lib/gcc/arm-none-eabi/12.3.1/thumb/v7e-m+fp/hard/crtn.o
                0x20020000                        _estack = (ORIGIN (RAM) + LENGTH (RAM))
                0x00000200                        _Min_Heap_Size = 0x200
                0x00000400                        _Min_Stack_Size = 0x400

.isr_vector     0x08000000      0x188
                0x08000000                        . = ALIGN (0x4)
 *(.isr_vector)
 .isr_vector    0x08000000      0x188 ./Core/Startup/startup_stm32f405rgtx.o
                0x08000000                g_pfnVectors
                0x08000188                        . = ALIGN (0x4)

.text           0x08000190     0xe400
                0x08000190                        . = ALIGN (0x4)
 *(.text)
 .text          0x08000190       0x40 C:/ST/STM32CubeIDE_1.7.0/STM32CubeIDE/plugins/com.st.stm32cube.ide.mcu.externaltools.gnu-tools-for-stm32.12.3.rel1.win32_1.1.0.202410251130/tools/bin/../lib/gcc/arm-none-eabi/12.3.1/thumb/v7e-m+fp/hard/crtbegin.o
 .text          0x080001d0       0x10 C:/ST/STM32CubeIDE_1.7.0/STM32CubeIDE/plugins/com.st.stm32cube.ide.mcu.externaltools.gnu-tools-for-stm32.12.3.rel1.win32_1.1.0.202410251130/tools/bin/../lib/gcc/arm-none-eabi/12.3.1/../../../../arm-none-eabi/lib/thumb/v7e-m+fp/hard\libc_nano.a(libc_a-strlen.o)
                0x080001d0                strlen
 .text          0x080001e0       0xa0 C:/ST/STM32CubeIDE_1.7.0/STM32CubeIDE/plugins/com.st.stm32cube.ide.mcu.externaltools.gnu-tools-for-stm32.12.3.rel1.win32_1.1.0.202410251130/tools/bin/../lib/gcc/arm-none-eabi/12.3.1/../../../../arm-none-eabi/lib/thumb/v7e-m+fp/hard\libc_nano.a(libc_a-memchr.o)
                0x080001e0                memchr
 .text          0x08000280       0x30 C:/ST/STM32CubeIDE_1.7.0/STM32CubeIDE/plugins/com.st.stm32cube.ide.mcu.externaltools.gnu-tools-for-stm32.12.3.rel1.win32_1.1.0.202410251130/tools/bin/../lib/gcc/arm-none-eabi/12.3.1/thumb/v7e-m+fp/hard\libgcc.a(_aeabi_uldivmod.o)
                0x08000280                __aeabi_uldivmod
 .text          0x080002b0      0x2bc C:/ST/STM32CubeIDE_1.7.0/STM32CubeIDE/plugins/com.st.stm32cube.ide.mcu.externaltools.gnu-tools-for-stm32.12.3.rel1.win32_1.1.0.202410251130/tools/bin/../lib/gcc/arm-none-eabi/12.3.1/thumb/v7e-m+fp/hard\libgcc.a(_udivmoddi4.o)
                0x080002b0                __udivmoddi4
 .text          0x0800056c        0x4 C:/ST/STM32CubeIDE_1.7.0/STM32CubeIDE/plugins/com.st.stm32cube.ide.mcu.externaltools.gnu-tools-for-stm32.12.3.rel1.win32_1.1.0.202410251130/tools/bin/../lib/gcc/arm-none-eabi/12.3.1/thumb/v7e-m+fp/hard\libgcc.a(_dvmd_tls.o)
                0x0800056c                __aeabi_idiv0
                0x0800056c                __aeabi_ldiv0
 *(.text*)
 .text.push_event0
                0x08000570       0x28 ./Core/Src/config/app_config.o
 .text.app_config_init
                0x08000598       0x54 ./Core/Src/config/app_config.o
                0x08000598                app_config_init
 .text.app_config_reset
                0x080005ec       0x9c ./Core/Src/config/app_config.o
                0x080005ec                app_config_reset
 .text.app_config_save
                0x08000688       0x84 ./Core/Src/config/app_config.o
                0x08000688                app_config_save
 .text.app_config_flash_config_store
                0x0800070c       0xcc ./Core/Src/config/app_config_flash.o
                0x0800070c                app_config_flash_config_store
 .text.set_default_fgpa_value
                0x080007d8       0x80 ./Core/Src/config/app_config_flash.o
 .text.app_config_flash_renew
                0x08000858       0xb8 ./Core/Src/config/app_config_flash.o
                0x08000858                app_config_flash_renew
 .text.app_state_init
                0x08000910       0x60 ./Core/Src/config/app_state.o
                0x08000910                app_state_init
 .text.vApplicationGetIdleTaskMemory
                0x08000970       0x34 ./Core/Src/freertos.o
                0x08000970                vApplicationGetIdleTaskMemory
 .text.vApplicationGetTimerTaskMemory
                0x080009a4       0x34 ./Core/Src/freertos.o
                0x080009a4                vApplicationGetTimerTaskMemory
 .text.Printf   0x080009d8       0x68 ./Core/Src/log.o
                0x080009d8                Printf
 .text.hex_dump_line_print
                0x08000a40       0x58 ./Core/Src/log.o
 .text.dump_printf
                0x08000a98       0x50 ./Core/Src/log.o
                0x08000a98                dump_printf
 .text.Debug_Init
                0x08000ae8       0x34 ./Core/Src/log.o
                0x08000ae8                Debug_Init
 .text.push_event0
                0x08000b1c       0x28 ./Core/Src/main.o
 .text.get_model
                0x08000b44       0x14 ./Core/Src/main.o
                0x08000b44                get_model
 .text.banner   0x08000b58      0x25c ./Core/Src/main.o
 .text.Initialize
                0x08000db4      0x128 ./Core/Src/main.o
                0x08000db4                Initialize
 .text.main     0x08000edc       0xd4 ./Core/Src/main.o
                0x08000edc                main
 .text.SystemClock_Config
                0x08000fb0       0xd8 ./Core/Src/main.o
                0x08000fb0                SystemClock_Config
 .text.MX_I2C1_Init
                0x08001088       0x5c ./Core/Src/main.o
 .text.MX_IWDG_Init
                0x080010e4       0x34 ./Core/Src/main.o
 .text.MX_SPI1_Init
                0x08001118       0x6c ./Core/Src/main.o
 .text.MX_USART1_UART_Init
                0x08001184       0x54 ./Core/Src/main.o
 .text.MX_USART2_UART_Init
                0x080011d8       0x54 ./Core/Src/main.o
 .text.MX_USART3_UART_Init
                0x0800122c       0x54 ./Core/Src/main.o
 .text.MX_USART6_UART_Init
                0x08001280       0x54 ./Core/Src/main.o
 .text.MX_GPIO_Init
                0x080012d4      0x148 ./Core/Src/main.o
 .text.evt_handler
                0x0800141c       0x18 ./Core/Src/main.o
 .text.eventTask
                0x08001434       0x58 ./Core/Src/main.o
                0x08001434                eventTask
 .text.optimerCb
                0x0800148c       0x14 ./Core/Src/main.o
                0x0800148c                optimerCb
 .text.HAL_TIM_PeriodElapsedCallback
                0x080014a0       0x24 ./Core/Src/main.o
                0x080014a0                HAL_TIM_PeriodElapsedCallback
 .text.Error_Handler
                0x080014c4        0xc ./Core/Src/main.o
                0x080014c4                Error_Handler
 .text.HAL_MspInit
                0x080014d0       0x58 ./Core/Src/stm32f4xx_hal_msp.o
                0x080014d0                HAL_MspInit
 .text.HAL_I2C_MspInit
                0x08001528       0x90 ./Core/Src/stm32f4xx_hal_msp.o
                0x08001528                HAL_I2C_MspInit
 .text.HAL_SPI_MspInit
                0x080015b8       0x90 ./Core/Src/stm32f4xx_hal_msp.o
                0x080015b8                HAL_SPI_MspInit
 .text.HAL_UART_MspInit
                0x08001648      0x200 ./Core/Src/stm32f4xx_hal_msp.o
                0x08001648                HAL_UART_MspInit
 .text.HAL_InitTick
                0x08001848       0xf8 ./Core/Src/stm32f4xx_hal_timebase_tim.o
                0x08001848                HAL_InitTick
 .text.NMI_Handler
                0x08001940        0x8 ./Core/Src/stm32f4xx_it.o
                0x08001940                NMI_Handler
 .text.HardFault_Handler
                0x08001948        0x8 ./Core/Src/stm32f4xx_it.o
                0x08001948                HardFault_Handler
 .text.MemManage_Handler
                0x08001950        0x8 ./Core/Src/stm32f4xx_it.o
                0x08001950                MemManage_Handler
 .text.BusFault_Handler
                0x08001958        0x8 ./Core/Src/stm32f4xx_it.o
                0x08001958                BusFault_Handler
 .text.UsageFault_Handler
                0x08001960        0x8 ./Core/Src/stm32f4xx_it.o
                0x08001960                UsageFault_Handler
 .text.DebugMon_Handler
                0x08001968        0xe ./Core/Src/stm32f4xx_it.o
                0x08001968                DebugMon_Handler
 *fill*         0x08001976        0x2 
 .text.USART1_IRQHandler
                0x08001978       0x14 ./Core/Src/stm32f4xx_it.o
                0x08001978                USART1_IRQHandler
 .text.USART2_IRQHandler
                0x0800198c       0x14 ./Core/Src/stm32f4xx_it.o
                0x0800198c                USART2_IRQHandler
 .text.TIM6_DAC_IRQHandler
                0x080019a0       0x14 ./Core/Src/stm32f4xx_it.o
                0x080019a0                TIM6_DAC_IRQHandler
 .text.USART6_IRQHandler
                0x080019b4       0x14 ./Core/Src/stm32f4xx_it.o
                0x080019b4                USART6_IRQHandler
 .text._sbrk    0x080019c8       0x6c ./Core/Src/sysmem.o
                0x080019c8                _sbrk
 .text.SystemInit
                0x08001a34       0x24 ./Core/Src/system_stm32f4xx.o
                0x08001a34                SystemInit
 .text.m_dipsw_read_Channel
                0x08001a58       0x10 ./Core/Src/m_env/m_env.o
                0x08001a58                m_dipsw_read_Channel
 .text.m_env_e2p_write
                0x08001a68       0x70 ./Core/Src/m_env/m_env.o
                0x08001a68                m_env_e2p_write
 .text.m_env_e2p_read
                0x08001ad8       0x70 ./Core/Src/m_env/m_env.o
                0x08001ad8                m_env_e2p_read
 .text.m_flash_config_erase
                0x08001b48       0xc8 ./Core/Src/m_env/m_flash.o
                0x08001b48                m_flash_config_erase
 .text.m_flash_config_write
                0x08001c10       0x9c ./Core/Src/m_env/m_flash.o
                0x08001c10                m_flash_config_write
 .text.checksum
                0x08001cac       0xa6 ./Core/Src/m_ether/ip_arp_udp_tcp.o
                0x08001cac                checksum
 *fill*         0x08001d52        0x2 
 .text.init_ip_arp_udp_tcp
                0x08001d54       0x80 ./Core/Src/m_ether/ip_arp_udp_tcp.o
                0x08001d54                init_ip_arp_udp_tcp
 .text.check_ip_message_is_from
                0x08001dd4       0x46 ./Core/Src/m_ether/ip_arp_udp_tcp.o
                0x08001dd4                check_ip_message_is_from
 *fill*         0x08001e1a        0x2 
 .text.eth_type_is_arp_and_my_ip
                0x08001e1c       0x6c ./Core/Src/m_ether/ip_arp_udp_tcp.o
                0x08001e1c                eth_type_is_arp_and_my_ip
 .text.eth_type_is_ip_and_my_ip
                0x08001e88       0x78 ./Core/Src/m_ether/ip_arp_udp_tcp.o
                0x08001e88                eth_type_is_ip_and_my_ip
 .text.make_eth
                0x08001f00       0x54 ./Core/Src/m_ether/ip_arp_udp_tcp.o
                0x08001f00                make_eth
 .text.fill_ip_hdr_checksum
                0x08001f54       0x62 ./Core/Src/m_ether/ip_arp_udp_tcp.o
                0x08001f54                fill_ip_hdr_checksum
 *fill*         0x08001fb6        0x2 
 .text.make_ip  0x08001fb8       0x58 ./Core/Src/m_ether/ip_arp_udp_tcp.o
                0x08001fb8                make_ip
 .text.step_seq
                0x08002010       0x82 ./Core/Src/m_ether/ip_arp_udp_tcp.o
                0x08002010                step_seq
 .text.make_tcphead
                0x08002092       0x74 ./Core/Src/m_ether/ip_arp_udp_tcp.o
                0x08002092                make_tcphead
 *fill*         0x08002106        0x2 
 .text.make_arp_answer_from_request
                0x08002108       0xb0 ./Core/Src/m_ether/ip_arp_udp_tcp.o
                0x08002108                make_arp_answer_from_request
 .text.make_echo_reply_from_request
                0x080021b8       0x58 ./Core/Src/m_ether/ip_arp_udp_tcp.o
                0x080021b8                make_echo_reply_from_request
 .text.make_tcp_synack_from_syn
                0x08002210       0xdc ./Core/Src/m_ether/ip_arp_udp_tcp.o
                0x08002210                make_tcp_synack_from_syn
 .text.get_tcp_data_len
                0x080022ec       0x56 ./Core/Src/m_ether/ip_arp_udp_tcp.o
                0x080022ec                get_tcp_data_len
 .text.make_tcp_ack_from_any
                0x08002342       0xbc ./Core/Src/m_ether/ip_arp_udp_tcp.o
                0x08002342                make_tcp_ack_from_any
 .text.make_tcp_ack_with_data_noflags
                0x080023fe       0x86 ./Core/Src/m_ether/ip_arp_udp_tcp.o
                0x080023fe                make_tcp_ack_with_data_noflags
 .text.wb_server_reply
                0x08002484       0x3c ./Core/Src/m_ether/ip_arp_udp_tcp.o
                0x08002484                wb_server_reply
 .text.fill_buf_p
                0x080024c0       0x3e ./Core/Src/m_ether/ip_arp_udp_tcp.o
                0x080024c0                fill_buf_p
 *fill*         0x080024fe        0x2 
 .text.client_arp_whohas
                0x08002500       0xf0 ./Core/Src/m_ether/ip_arp_udp_tcp.o
                0x08002500                client_arp_whohas
 .text.client_store_gw_mac
                0x080025f0       0x70 ./Core/Src/m_ether/ip_arp_udp_tcp.o
                0x080025f0                client_store_gw_mac
 .text.client_set_gwip
                0x08002660       0x44 ./Core/Src/m_ether/ip_arp_udp_tcp.o
                0x08002660                client_set_gwip
 .text.client_syn
                0x080026a4      0x1c0 ./Core/Src/m_ether/ip_arp_udp_tcp.o
                0x080026a4                client_syn
 .text.packetloop_icmp_tcp
                0x08002864      0x4e8 ./Core/Src/m_ether/ip_arp_udp_tcp.o
                0x08002864                packetloop_icmp_tcp
 .text.read_mac_addr
                0x08002d4c       0x90 ./Core/Src/m_ether/m_ether.o
 .text.read_packet
                0x08002ddc       0x6c ./Core/Src/m_ether/m_ether.o
 .text.ethernet_init
                0x08002e48       0xfc ./Core/Src/m_ether/m_ether.o
 .text.ENC28J60_DelayUs
                0x08002f44       0x28 ./Core/Src/m_ether/m_ether.o
                0x08002f44                ENC28J60_DelayUs
 .text.ENC28J60_DelayMs
                0x08002f6c       0x16 ./Core/Src/m_ether/m_ether.o
                0x08002f6c                ENC28J60_DelayMs
 *fill*         0x08002f82        0x2 
 .text.ENC28J60_EnableChip
                0x08002f84       0x18 ./Core/Src/m_ether/m_ether.o
                0x08002f84                ENC28J60_EnableChip
 .text.ENC28J60_DisableChip
                0x08002f9c       0x18 ./Core/Src/m_ether/m_ether.o
                0x08002f9c                ENC28J60_DisableChip
 .text.ENC28J60_TransceiveByte
                0x08002fb4       0x5c ./Core/Src/m_ether/m_ether.o
                0x08002fb4                ENC28J60_TransceiveByte
 .text.m_eth_write_mac_ipaddr
                0x08003010       0xd4 ./Core/Src/m_ether/m_ether.o
                0x08003010                m_eth_write_mac_ipaddr
 .text.read_ipnet
                0x080030e4      0x100 ./Core/Src/m_ether/m_ether.o
 .text.onWriteIPAddress
                0x080031e4       0xb8 ./Core/Src/m_ether/m_ether.o
 .text.On_set_mode
                0x0800329c       0x40 ./Core/Src/m_ether/m_ether.o
 .text.EthernetTask
                0x080032dc       0x48 ./Core/Src/m_ether/m_ether.o
                0x080032dc                EthernetTask
 .text.evt_handler
                0x08003324       0x4e ./Core/Src/m_ether/m_ether.o
 *fill*         0x08003372        0x2 
 .text.EthernetInit
                0x08003374      0x1ac ./Core/Src/m_ether/m_ether.o
                0x08003374                EthernetInit
 .text.m_event_register
                0x08003520       0x54 ./Core/Src/m_event/m_event_queue.o
                0x08003520                m_event_register
 .text.m_event_push
                0x08003574      0x120 ./Core/Src/m_event/m_event_queue.o
                0x08003574                m_event_push
 .text.__free_event
                0x08003694       0x36 ./Core/Src/m_event/m_event_queue.o
 *fill*         0x080036ca        0x2 
 .text.m_event_dispatch
                0x080036cc       0xbc ./Core/Src/m_event/m_event_queue.o
                0x080036cc                m_event_dispatch
 .text.m_event_init
                0x08003788       0x5c ./Core/Src/m_event/m_event_queue.o
                0x08003788                m_event_init
 .text.push_event0
                0x080037e4       0x28 ./Core/Src/m_menu/m_normal.o
 .text.push_event1
                0x0800380c       0x2a ./Core/Src/m_menu/m_normal.o
 *fill*         0x08003836        0x2 
 .text.on_measure
                0x08003838       0x60 ./Core/Src/m_menu/m_normal.o
                0x08003838                on_measure
 .text.onPushTcpData
                0x08003898       0x38 ./Core/Src/m_menu/m_normal.o
 .text.onSaveConfg
                0x080038d0       0xb8 ./Core/Src/m_menu/m_normal.o
 .text.onStartStrobe
                0x08003988       0xc4 ./Core/Src/m_menu/m_normal.o
 .text.onStartSelfTest
                0x08003a4c       0xc4 ./Core/Src/m_menu/m_normal.o
 .text.onSetDeviceID
                0x08003b10       0x20 ./Core/Src/m_menu/m_normal.o
 .text.check_test_done
                0x08003b30       0x44 ./Core/Src/m_menu/m_normal.o
 .text.demo1st  0x08003b74       0x70 ./Core/Src/m_menu/m_normal.o
 .text.demo2nd  0x08003be4       0xc0 ./Core/Src/m_menu/m_normal.o
 .text.demo3rd  0x08003ca4       0x38 ./Core/Src/m_menu/m_normal.o
 .text.runDemoTest
                0x08003cdc       0x68 ./Core/Src/m_menu/m_normal.o
 .text.DemoProcTask
                0x08003d44       0xb0 ./Core/Src/m_menu/m_normal.o
 .text.evt_handler
                0x08003df4       0xf8 ./Core/Src/m_menu/m_normal.o
 .text.m_menu_normal_init
                0x08003eec      0x170 ./Core/Src/m_menu/m_normal.o
                0x08003eec                m_menu_normal_init
 .text.fpga_push_buf
                0x0800405c       0x64 ./Core/Src/m_serial/fpga_proc.o
                0x0800405c                fpga_push_buf
 .text.pop_fpga_buf
                0x080040c0       0x58 ./Core/Src/m_serial/fpga_proc.o
                0x080040c0                pop_fpga_buf
 .text.fpga_set_output_channel
                0x08004118       0xd0 ./Core/Src/m_serial/fpga_proc.o
                0x08004118                fpga_set_output_channel
 .text.fpga_set_input_channel
                0x080041e8       0xc0 ./Core/Src/m_serial/fpga_proc.o
                0x080041e8                fpga_set_input_channel
 .text.fpga_set_mode
                0x080042a8       0x5c ./Core/Src/m_serial/fpga_proc.o
                0x080042a8                fpga_set_mode
 .text.fpga_select_output
                0x08004304       0x60 ./Core/Src/m_serial/fpga_proc.o
                0x08004304                fpga_select_output
 .text.fpga_select_edge
                0x08004364       0x3c ./Core/Src/m_serial/fpga_proc.o
                0x08004364                fpga_select_edge
 .text.fpga_set_delay_time
                0x080043a0       0x88 ./Core/Src/m_serial/fpga_proc.o
                0x080043a0                fpga_set_delay_time
 .text.fpga_set_on_time
                0x08004428       0x4c ./Core/Src/m_serial/fpga_proc.o
                0x08004428                fpga_set_on_time
 .text.fpga_set_trigger_order
                0x08004474       0xd8 ./Core/Src/m_serial/fpga_proc.o
                0x08004474                fpga_set_trigger_order
 .text.onTriggerCtrl
                0x0800454c       0x20 ./Core/Src/m_serial/fpga_proc.o
 .text.parse_packet
                0x0800456c       0x2a ./Core/Src/m_serial/fpga_proc.o
 .text.fpga_set_factory_reset
                0x08004596       0xc6 ./Core/Src/m_serial/fpga_proc.o
                0x08004596                fpga_set_factory_reset
 .text.fpga_get_trigger_status
                0x0800465c       0x28 ./Core/Src/m_serial/fpga_proc.o
                0x0800465c                fpga_get_trigger_status
 .text.evt_handler
                0x08004684       0x4c ./Core/Src/m_serial/fpga_proc.o
 .text.FpgaProcTask
                0x080046d0      0x154 ./Core/Src/m_serial/fpga_proc.o
 .text.fpga_proc_init
                0x08004824       0x60 ./Core/Src/m_serial/fpga_proc.o
                0x08004824                fpga_proc_init
 .text.push_event0
                0x08004884       0x28 ./Core/Src/m_serial/m_front.o
 .text.push_event1
                0x080048ac       0x2a ./Core/Src/m_serial/m_front.o
 *fill*         0x080048d6        0x2 
 .text.front_push_buf
                0x080048d8       0x54 ./Core/Src/m_serial/m_front.o
                0x080048d8                front_push_buf
 .text.pop_buf  0x0800492c       0x54 ./Core/Src/m_serial/m_front.o
 .text.find_cmd
                0x08004980       0x94 ./Core/Src/m_serial/m_front.o
 .text.parse_front_cmd
                0x08004a14       0x58 ./Core/Src/m_serial/m_front.o
 .text.frontTask
                0x08004a6c       0x40 ./Core/Src/m_serial/m_front.o
                0x08004a6c                frontTask
 .text.m_front_update_trigger_status
                0x08004aac       0x38 ./Core/Src/m_serial/m_front.o
                0x08004aac                m_front_update_trigger_status
 .text.m_front_response
                0x08004ae4       0x38 ./Core/Src/m_serial/m_front.o
                0x08004ae4                m_front_response
 .text.push_event0
                0x08004b1c       0x28 ./Core/Src/m_serial/m_remote.o
 .text.push_event1
                0x08004b44       0x2a ./Core/Src/m_serial/m_remote.o
 *fill*         0x08004b6e        0x2 
 .text.remote_push_buf
                0x08004b70       0xa0 ./Core/Src/m_serial/m_remote.o
                0x08004b70                remote_push_buf
 .text.remote_pop_buf
                0x08004c10       0x58 ./Core/Src/m_serial/m_remote.o
                0x08004c10                remote_pop_buf
 .text.On_set_mode
                0x08004c68       0x3c ./Core/Src/m_serial/m_remote.o
 .text.m_remote_response
                0x08004ca4       0x4e ./Core/Src/m_serial/m_remote.o
                0x08004ca4                m_remote_response
 *fill*         0x08004cf2        0x2 
 .text.parse_command
                0x08004cf4      0x1ec ./Core/Src/m_serial/m_remote.o
 .text.m_remote_front_parser
                0x08004ee0       0x22 ./Core/Src/m_serial/m_remote.o
                0x08004ee0                m_remote_front_parser
 *fill*         0x08004f02        0x2 
 .text.m_remote_eth_parser
                0x08004f04      0x118 ./Core/Src/m_serial/m_remote.o
                0x08004f04                m_remote_eth_parser
 .text.RemoteProcTask
                0x0800501c       0xe4 ./Core/Src/m_serial/m_remote.o
 .text.evt_handler
                0x08005100       0x2a ./Core/Src/m_serial/m_remote.o
 *fill*         0x0800512a        0x2 
 .text.remote_proc_init
                0x0800512c       0x88 ./Core/Src/m_serial/m_remote.o
                0x0800512c                remote_proc_init
 .text.HAL_UART_RxCpltCallback
                0x080051b4       0x94 ./Core/Src/m_serial/m_serial.o
                0x080051b4                HAL_UART_RxCpltCallback
 .text.HAL_UART_TxCpltCallback
                0x08005248       0x20 ./Core/Src/m_serial/m_serial.o
                0x08005248                HAL_UART_TxCpltCallback
 .text.m_serial_send
                0x08005268      0x1a4 ./Core/Src/m_serial/m_serial.o
                0x08005268                m_serial_send
 .text.m_serial_SendPC
                0x0800540c       0x1a ./Core/Src/m_serial/m_serial.o
                0x0800540c                m_serial_SendPC
 *fill*         0x08005426        0x2 
 .text.m_serial_init
                0x08005428       0xd8 ./Core/Src/m_serial/m_serial.o
                0x08005428                m_serial_init
 .text.crc32_ieee
                0x08005500       0x1e ./Core/Src/util/crc32_sw.o
                0x08005500                crc32_ieee
 *fill*         0x0800551e        0x2 
 .text.crc32_ieee_update
                0x08005520       0x7c ./Core/Src/util/crc32_sw.o
                0x08005520                crc32_ieee_update
 .text.Reset_Handler
                0x0800559c       0x50 ./Core/Startup/startup_stm32f405rgtx.o
                0x0800559c                Reset_Handler
 .text.Default_Handler
                0x080055ec        0x2 ./Core/Startup/startup_stm32f405rgtx.o
                0x080055ec                RTC_Alarm_IRQHandler
                0x080055ec                HASH_RNG_IRQHandler
                0x080055ec                EXTI2_IRQHandler
                0x080055ec                TIM8_CC_IRQHandler
                0x080055ec                TIM1_CC_IRQHandler
                0x080055ec                DMA2_Stream5_IRQHandler
                0x080055ec                DMA1_Stream5_IRQHandler
                0x080055ec                PVD_IRQHandler
                0x080055ec                SDIO_IRQHandler
                0x080055ec                TAMP_STAMP_IRQHandler
                0x080055ec                CAN2_RX1_IRQHandler
                0x080055ec                EXTI3_IRQHandler
                0x080055ec                TIM8_TRG_COM_TIM14_IRQHandler
                0x080055ec                TIM1_UP_TIM10_IRQHandler
                0x080055ec                TIM8_UP_TIM13_IRQHandler
                0x080055ec                I2C3_ER_IRQHandler
                0x080055ec                EXTI0_IRQHandler
                0x080055ec                I2C2_EV_IRQHandler
                0x080055ec                DMA1_Stream2_IRQHandler
                0x080055ec                CAN1_RX0_IRQHandler
                0x080055ec                FPU_IRQHandler
                0x080055ec                OTG_HS_WKUP_IRQHandler
                0x080055ec                CAN2_SCE_IRQHandler
                0x080055ec                DMA2_Stream2_IRQHandler
                0x080055ec                SPI1_IRQHandler
                0x080055ec                TIM1_BRK_TIM9_IRQHandler
                0x080055ec                CAN2_RX0_IRQHandler
                0x080055ec                DMA2_Stream3_IRQHandler
                0x080055ec                USART3_IRQHandler
                0x080055ec                CAN1_RX1_IRQHandler
                0x080055ec                UART5_IRQHandler
                0x080055ec                DMA2_Stream0_IRQHandler
                0x080055ec                TIM4_IRQHandler
                0x080055ec                I2C1_EV_IRQHandler
                0x080055ec                DMA1_Stream6_IRQHandler
                0x080055ec                DMA1_Stream1_IRQHandler
                0x080055ec                UART4_IRQHandler
                0x080055ec                TIM3_IRQHandler
                0x080055ec                RCC_IRQHandler
                0x080055ec                TIM8_BRK_TIM12_IRQHandler
                0x080055ec                Default_Handler
                0x080055ec                EXTI15_10_IRQHandler
                0x080055ec                ADC_IRQHandler
                0x080055ec                DMA1_Stream7_IRQHandler
                0x080055ec                TIM7_IRQHandler
                0x080055ec                CAN2_TX_IRQHandler
                0x080055ec                TIM5_IRQHandler
                0x080055ec                DMA2_Stream7_IRQHandler
                0x080055ec                I2C3_EV_IRQHandler
                0x080055ec                EXTI9_5_IRQHandler
                0x080055ec                RTC_WKUP_IRQHandler
                0x080055ec                SPI2_IRQHandler
                0x080055ec                OTG_HS_EP1_IN_IRQHandler
                0x080055ec                DMA1_Stream0_IRQHandler
                0x080055ec                CAN1_TX_IRQHandler
                0x080055ec                EXTI4_IRQHandler
                0x080055ec                FSMC_IRQHandler
                0x080055ec                OTG_HS_EP1_OUT_IRQHandler
                0x080055ec                WWDG_IRQHandler
                0x080055ec                TIM2_IRQHandler
                0x080055ec                OTG_FS_WKUP_IRQHandler
                0x080055ec                TIM1_TRG_COM_TIM11_IRQHandler
                0x080055ec                OTG_HS_IRQHandler
                0x080055ec                EXTI1_IRQHandler
                0x080055ec                I2C2_ER_IRQHandler
                0x080055ec                DMA2_Stream1_IRQHandler
                0x080055ec                CAN1_SCE_IRQHandler
                0x080055ec                FLASH_IRQHandler
                0x080055ec                DMA2_Stream4_IRQHandler
                0x080055ec                OTG_FS_IRQHandler
                0x080055ec                SPI3_IRQHandler
                0x080055ec                DMA1_Stream4_IRQHandler
                0x080055ec                I2C1_ER_IRQHandler
                0x080055ec                DMA2_Stream6_IRQHandler
                0x080055ec                DMA1_Stream3_IRQHandler
 .text.Ethernet_Init
                0x080055ee       0x68 ./Drivers/BSP/components/ethernet/Ethernet.o
                0x080055ee                Ethernet_Init
 .text.Ethernet_Revision
                0x08005656        0xe ./Drivers/BSP/components/ethernet/Ethernet.o
                0x08005656                Ethernet_Revision
 .text.Ethernet_PacketReceive
                0x08005664       0x20 ./Drivers/BSP/components/ethernet/Ethernet.o
                0x08005664                Ethernet_PacketReceive
 .text.Ethernet_init_ip_arp_udp_tcp
                0x08005684       0x22 ./Drivers/BSP/components/ethernet/Ethernet.o
                0x08005684                Ethernet_init_ip_arp_udp_tcp
 .text.Ethernet_packetloop_icmp_tcp
                0x080056a6       0x20 ./Drivers/BSP/components/ethernet/Ethernet.o
                0x080056a6                Ethernet_packetloop_icmp_tcp
 .text.Ethernet_wb_server_reply
                0x080056c6       0x1e ./Drivers/BSP/components/ethernet/Ethernet.o
                0x080056c6                Ethernet_wb_server_reply
 .text.Ethernet_client_set_gwip
                0x080056e4       0x16 ./Drivers/BSP/components/ethernet/Ethernet.o
                0x080056e4                Ethernet_client_set_gwip
 .text.ENC28J60_ReadOp
                0x080056fa       0x58 ./Drivers/BSP/components/ethernet/enc28j60.o
                0x080056fa                ENC28J60_ReadOp
 .text.ENC28J60_WriteOp
                0x08005752       0x44 ./Drivers/BSP/components/ethernet/enc28j60.o
                0x08005752                ENC28J60_WriteOp
 .text.ENC28J60_ReadBuffer
                0x08005796       0x3e ./Drivers/BSP/components/ethernet/enc28j60.o
                0x08005796                ENC28J60_ReadBuffer
 .text.ENC28J60_ReadBufferWord
                0x080057d4       0x1a ./Drivers/BSP/components/ethernet/enc28j60.o
 .text.ENC28J60_WriteBuffer
                0x080057ee       0x3c ./Drivers/BSP/components/ethernet/enc28j60.o
                0x080057ee                ENC28J60_WriteBuffer
 *fill*         0x0800582a        0x2 
 .text.ENC28J60_SetBank
                0x0800582c       0x4c ./Drivers/BSP/components/ethernet/enc28j60.o
                0x0800582c                ENC28J60_SetBank
 .text.ENC28J60_Read
                0x08005878       0x26 ./Drivers/BSP/components/ethernet/enc28j60.o
                0x08005878                ENC28J60_Read
 .text.ENC28J60_WriteWord
                0x0800589e       0x3c ./Drivers/BSP/components/ethernet/enc28j60.o
                0x0800589e                ENC28J60_WriteWord
 .text.ENC28J60_PhyReadH
                0x080058da       0x4c ./Drivers/BSP/components/ethernet/enc28j60.o
                0x080058da                ENC28J60_PhyReadH
 .text.ENC28J60_Write
                0x08005926       0x2c ./Drivers/BSP/components/ethernet/enc28j60.o
                0x08005926                ENC28J60_Write
 .text.ENC28J60_PhyWrite
                0x08005952       0x58 ./Drivers/BSP/components/ethernet/enc28j60.o
                0x08005952                ENC28J60_PhyWrite
 .text.ENC28J60_Clkout
                0x080059aa       0x22 ./Drivers/BSP/components/ethernet/enc28j60.o
                0x080059aa                ENC28J60_Clkout
 .text.ENC28J60_Init
                0x080059cc      0x134 ./Drivers/BSP/components/ethernet/enc28j60.o
                0x080059cc                ENC28J60_Init
 .text.ENC28J60_Getrev
                0x08005b00       0x26 ./Drivers/BSP/components/ethernet/enc28j60.o
                0x08005b00                ENC28J60_Getrev
 .text.ENC28J60_Linkup
                0x08005b26       0x1c ./Drivers/BSP/components/ethernet/enc28j60.o
                0x08005b26                ENC28J60_Linkup
 .text.ENC28J60_PacketSend
                0x08005b42       0x86 ./Drivers/BSP/components/ethernet/enc28j60.o
                0x08005b42                ENC28J60_PacketSend
 .text.ENC28J60_PacketReceive
                0x08005bc8       0xc0 ./Drivers/BSP/components/ethernet/enc28j60.o
                0x08005bc8                ENC28J60_PacketReceive
 .text.HAL_Init
                0x08005c88       0x44 ./Drivers/STM32F4xx_HAL_Driver/Src/stm32f4xx_hal.o
                0x08005c88                HAL_Init
 .text.HAL_IncTick
                0x08005ccc       0x28 ./Drivers/STM32F4xx_HAL_Driver/Src/stm32f4xx_hal.o
                0x08005ccc                HAL_IncTick
 .text.HAL_GetTick
                0x08005cf4       0x18 ./Drivers/STM32F4xx_HAL_Driver/Src/stm32f4xx_hal.o
                0x08005cf4                HAL_GetTick
 .text.HAL_Delay
                0x08005d0c       0x48 ./Drivers/STM32F4xx_HAL_Driver/Src/stm32f4xx_hal.o
                0x08005d0c                HAL_Delay
 .text.__NVIC_SetPriorityGrouping
                0x08005d54       0x48 ./Drivers/STM32F4xx_HAL_Driver/Src/stm32f4xx_hal_cortex.o
 .text.__NVIC_GetPriorityGrouping
                0x08005d9c       0x1c ./Drivers/STM32F4xx_HAL_Driver/Src/stm32f4xx_hal_cortex.o
 .text.__NVIC_EnableIRQ
                0x08005db8       0x3c ./Drivers/STM32F4xx_HAL_Driver/Src/stm32f4xx_hal_cortex.o
 .text.__NVIC_SetPriority
                0x08005df4       0x54 ./Drivers/STM32F4xx_HAL_Driver/Src/stm32f4xx_hal_cortex.o
 .text.NVIC_EncodePriority
                0x08005e48       0x66 ./Drivers/STM32F4xx_HAL_Driver/Src/stm32f4xx_hal_cortex.o
 *fill*         0x08005eae        0x2 
 .text.__NVIC_SystemReset
                0x08005eb0       0x2c ./Drivers/STM32F4xx_HAL_Driver/Src/stm32f4xx_hal_cortex.o
 .text.HAL_NVIC_SetPriorityGrouping
                0x08005edc       0x16 ./Drivers/STM32F4xx_HAL_Driver/Src/stm32f4xx_hal_cortex.o
                0x08005edc                HAL_NVIC_SetPriorityGrouping
 .text.HAL_NVIC_SetPriority
                0x08005ef2       0x38 ./Drivers/STM32F4xx_HAL_Driver/Src/stm32f4xx_hal_cortex.o
                0x08005ef2                HAL_NVIC_SetPriority
 .text.HAL_NVIC_EnableIRQ
                0x08005f2a       0x1c ./Drivers/STM32F4xx_HAL_Driver/Src/stm32f4xx_hal_cortex.o
                0x08005f2a                HAL_NVIC_EnableIRQ
 .text.HAL_NVIC_SystemReset
                0x08005f46        0x8 ./Drivers/STM32F4xx_HAL_Driver/Src/stm32f4xx_hal_cortex.o
                0x08005f46                HAL_NVIC_SystemReset
 .text.HAL_DMA_Abort
                0x08005f4e       0xe0 ./Drivers/STM32F4xx_HAL_Driver/Src/stm32f4xx_hal_dma.o
                0x08005f4e                HAL_DMA_Abort
 .text.HAL_DMA_Abort_IT
                0x0800602e       0x44 ./Drivers/STM32F4xx_HAL_Driver/Src/stm32f4xx_hal_dma.o
                0x0800602e                HAL_DMA_Abort_IT
 *fill*         0x08006072        0x2 
 .text.HAL_FLASH_Program
                0x08006074       0xa8 ./Drivers/STM32F4xx_HAL_Driver/Src/stm32f4xx_hal_flash.o
                0x08006074                HAL_FLASH_Program
 .text.HAL_FLASH_Unlock
                0x0800611c       0x44 ./Drivers/STM32F4xx_HAL_Driver/Src/stm32f4xx_hal_flash.o
                0x0800611c                HAL_FLASH_Unlock
 .text.HAL_FLASH_Lock
                0x08006160       0x20 ./Drivers/STM32F4xx_HAL_Driver/Src/stm32f4xx_hal_flash.o
                0x08006160                HAL_FLASH_Lock
 .text.HAL_FLASH_GetError
                0x08006180       0x18 ./Drivers/STM32F4xx_HAL_Driver/Src/stm32f4xx_hal_flash.o
                0x08006180                HAL_FLASH_GetError
 .text.FLASH_WaitForLastOperation
                0x08006198       0x80 ./Drivers/STM32F4xx_HAL_Driver/Src/stm32f4xx_hal_flash.o
                0x08006198                FLASH_WaitForLastOperation
 .text.FLASH_Program_DoubleWord
                0x08006218       0x64 ./Drivers/STM32F4xx_HAL_Driver/Src/stm32f4xx_hal_flash.o
 .text.FLASH_Program_Word
                0x0800627c       0x44 ./Drivers/STM32F4xx_HAL_Driver/Src/stm32f4xx_hal_flash.o
 .text.FLASH_Program_HalfWord
                0x080062c0       0x48 ./Drivers/STM32F4xx_HAL_Driver/Src/stm32f4xx_hal_flash.o
 .text.FLASH_Program_Byte
                0x08006308       0x44 ./Drivers/STM32F4xx_HAL_Driver/Src/stm32f4xx_hal_flash.o
 .text.FLASH_SetErrorCode
                0x0800634c       0xac ./Drivers/STM32F4xx_HAL_Driver/Src/stm32f4xx_hal_flash.o
 .text.HAL_FLASHEx_Erase
                0x080063f8       0xe0 ./Drivers/STM32F4xx_HAL_Driver/Src/stm32f4xx_hal_flash_ex.o
                0x080063f8                HAL_FLASHEx_Erase
 .text.FLASH_MassErase
                0x080064d8       0x48 ./Drivers/STM32F4xx_HAL_Driver/Src/stm32f4xx_hal_flash_ex.o
 .text.FLASH_Erase_Sector
                0x08006520       0x90 ./Drivers/STM32F4xx_HAL_Driver/Src/stm32f4xx_hal_flash_ex.o
                0x08006520                FLASH_Erase_Sector
 .text.FLASH_FlushCaches
                0x080065b0       0x8c ./Drivers/STM32F4xx_HAL_Driver/Src/stm32f4xx_hal_flash_ex.o
                0x080065b0                FLASH_FlushCaches
 .text.HAL_GPIO_Init
                0x0800663c      0x338 ./Drivers/STM32F4xx_HAL_Driver/Src/stm32f4xx_hal_gpio.o
                0x0800663c                HAL_GPIO_Init
 .text.HAL_GPIO_WritePin
                0x08006974       0x32 ./Drivers/STM32F4xx_HAL_Driver/Src/stm32f4xx_hal_gpio.o
                0x08006974                HAL_GPIO_WritePin
 *fill*         0x080069a6        0x2 
 .text.HAL_I2C_Init
                0x080069a8      0x288 ./Drivers/STM32F4xx_HAL_Driver/Src/stm32f4xx_hal_i2c.o
                0x080069a8                HAL_I2C_Init
 .text.HAL_I2C_Mem_Write
                0x08006c30      0x1f4 ./Drivers/STM32F4xx_HAL_Driver/Src/stm32f4xx_hal_i2c.o
                0x08006c30                HAL_I2C_Mem_Write
 .text.HAL_I2C_Mem_Read
                0x08006e24      0x464 ./Drivers/STM32F4xx_HAL_Driver/Src/stm32f4xx_hal_i2c.o
                0x08006e24                HAL_I2C_Mem_Read
 .text.I2C_RequestMemoryWrite
                0x08007288      0x12c ./Drivers/STM32F4xx_HAL_Driver/Src/stm32f4xx_hal_i2c.o
 .text.I2C_RequestMemoryRead
                0x080073b4      0x1d0 ./Drivers/STM32F4xx_HAL_Driver/Src/stm32f4xx_hal_i2c.o
 .text.I2C_WaitOnFlagUntilTimeout
                0x08007584       0xf4 ./Drivers/STM32F4xx_HAL_Driver/Src/stm32f4xx_hal_i2c.o
 .text.I2C_WaitOnMasterAddressFlagUntilTimeout
                0x08007678      0x140 ./Drivers/STM32F4xx_HAL_Driver/Src/stm32f4xx_hal_i2c.o
 .text.I2C_WaitOnTXEFlagUntilTimeout
                0x080077b8       0x90 ./Drivers/STM32F4xx_HAL_Driver/Src/stm32f4xx_hal_i2c.o
 .text.I2C_WaitOnBTFFlagUntilTimeout
                0x08007848       0x90 ./Drivers/STM32F4xx_HAL_Driver/Src/stm32f4xx_hal_i2c.o
 .text.I2C_WaitOnRXNEFlagUntilTimeout
                0x080078d8       0xba ./Drivers/STM32F4xx_HAL_Driver/Src/stm32f4xx_hal_i2c.o
 .text.I2C_IsAcknowledgeFailed
                0x08007992       0x5e ./Drivers/STM32F4xx_HAL_Driver/Src/stm32f4xx_hal_i2c.o
 .text.HAL_IWDG_Init
                0x080079f0       0x84 ./Drivers/STM32F4xx_HAL_Driver/Src/stm32f4xx_hal_iwdg.o
                0x080079f0                HAL_IWDG_Init
 .text.HAL_RCC_OscConfig
                0x08007a74      0x4f0 ./Drivers/STM32F4xx_HAL_Driver/Src/stm32f4xx_hal_rcc.o
                0x08007a74                HAL_RCC_OscConfig
 .text.HAL_RCC_ClockConfig
                0x08007f64      0x1cc ./Drivers/STM32F4xx_HAL_Driver/Src/stm32f4xx_hal_rcc.o
                0x08007f64                HAL_RCC_ClockConfig
 .text.HAL_RCC_GetSysClockFreq
                0x08008130      0x18c ./Drivers/STM32F4xx_HAL_Driver/Src/stm32f4xx_hal_rcc.o
                0x08008130                HAL_RCC_GetSysClockFreq
 .text.HAL_RCC_GetHCLKFreq
                0x080082bc       0x18 ./Drivers/STM32F4xx_HAL_Driver/Src/stm32f4xx_hal_rcc.o
                0x080082bc                HAL_RCC_GetHCLKFreq
 .text.HAL_RCC_GetPCLK1Freq
                0x080082d4       0x28 ./Drivers/STM32F4xx_HAL_Driver/Src/stm32f4xx_hal_rcc.o
                0x080082d4                HAL_RCC_GetPCLK1Freq
 .text.HAL_RCC_GetPCLK2Freq
                0x080082fc       0x28 ./Drivers/STM32F4xx_HAL_Driver/Src/stm32f4xx_hal_rcc.o
                0x080082fc                HAL_RCC_GetPCLK2Freq
 .text.HAL_RCC_GetClockConfig
                0x08008324       0x64 ./Drivers/STM32F4xx_HAL_Driver/Src/stm32f4xx_hal_rcc.o
                0x08008324                HAL_RCC_GetClockConfig
 .text.HAL_SPI_Init
                0x08008388      0x112 ./Drivers/STM32F4xx_HAL_Driver/Src/stm32f4xx_hal_spi.o
                0x08008388                HAL_SPI_Init
 .text.HAL_SPI_TransmitReceive
                0x0800849a      0x352 ./Drivers/STM32F4xx_HAL_Driver/Src/stm32f4xx_hal_spi.o
                0x0800849a                HAL_SPI_TransmitReceive
 .text.SPI_WaitFlagStateUntilTimeout
                0x080087ec      0x110 ./Drivers/STM32F4xx_HAL_Driver/Src/stm32f4xx_hal_spi.o
 .text.SPI_EndRxTxTransaction
                0x080088fc       0xa8 ./Drivers/STM32F4xx_HAL_Driver/Src/stm32f4xx_hal_spi.o
 .text.HAL_TIM_Base_Init
                0x080089a4       0x9e ./Drivers/STM32F4xx_HAL_Driver/Src/stm32f4xx_hal_tim.o
                0x080089a4                HAL_TIM_Base_Init
 .text.HAL_TIM_Base_MspInit
                0x08008a42       0x14 ./Drivers/STM32F4xx_HAL_Driver/Src/stm32f4xx_hal_tim.o
                0x08008a42                HAL_TIM_Base_MspInit
 *fill*         0x08008a56        0x2 
 .text.HAL_TIM_Base_Start_IT
                0x08008a58       0xe0 ./Drivers/STM32F4xx_HAL_Driver/Src/stm32f4xx_hal_tim.o
                0x08008a58                HAL_TIM_Base_Start_IT
 .text.HAL_TIM_IRQHandler
                0x08008b38      0x1e0 ./Drivers/STM32F4xx_HAL_Driver/Src/stm32f4xx_hal_tim.o
                0x08008b38                HAL_TIM_IRQHandler
 .text.HAL_TIM_OC_DelayElapsedCallback
                0x08008d18       0x14 ./Drivers/STM32F4xx_HAL_Driver/Src/stm32f4xx_hal_tim.o
                0x08008d18                HAL_TIM_OC_DelayElapsedCallback
 .text.HAL_TIM_IC_CaptureCallback
                0x08008d2c       0x14 ./Drivers/STM32F4xx_HAL_Driver/Src/stm32f4xx_hal_tim.o
                0x08008d2c                HAL_TIM_IC_CaptureCallback
 .text.HAL_TIM_PWM_PulseFinishedCallback
                0x08008d40       0x14 ./Drivers/STM32F4xx_HAL_Driver/Src/stm32f4xx_hal_tim.o
                0x08008d40                HAL_TIM_PWM_PulseFinishedCallback
 .text.HAL_TIM_TriggerCallback
                0x08008d54       0x14 ./Drivers/STM32F4xx_HAL_Driver/Src/stm32f4xx_hal_tim.o
                0x08008d54                HAL_TIM_TriggerCallback
 .text.TIM_Base_SetConfig
                0x08008d68      0x158 ./Drivers/STM32F4xx_HAL_Driver/Src/stm32f4xx_hal_tim.o
                0x08008d68                TIM_Base_SetConfig
 .text.HAL_TIMEx_CommutCallback
                0x08008ec0       0x14 ./Drivers/STM32F4xx_HAL_Driver/Src/stm32f4xx_hal_tim_ex.o
                0x08008ec0                HAL_TIMEx_CommutCallback
 .text.HAL_TIMEx_BreakCallback
                0x08008ed4       0x14 ./Drivers/STM32F4xx_HAL_Driver/Src/stm32f4xx_hal_tim_ex.o
                0x08008ed4                HAL_TIMEx_BreakCallback
 .text.HAL_UART_Init
                0x08008ee8       0xa0 ./Drivers/STM32F4xx_HAL_Driver/Src/stm32f4xx_hal_uart.o
                0x08008ee8                HAL_UART_Init
 .text.HAL_UART_Transmit
                0x08008f88      0x116 ./Drivers/STM32F4xx_HAL_Driver/Src/stm32f4xx_hal_uart.o
                0x08008f88                HAL_UART_Transmit
 .text.HAL_UART_Transmit_IT
                0x0800909e       0x6c ./Drivers/STM32F4xx_HAL_Driver/Src/stm32f4xx_hal_uart.o
                0x0800909e                HAL_UART_Transmit_IT
 .text.HAL_UART_Receive_IT
                0x0800910a       0x4a ./Drivers/STM32F4xx_HAL_Driver/Src/stm32f4xx_hal_uart.o
                0x0800910a                HAL_UART_Receive_IT
 .text.HAL_UART_IRQHandler
                0x08009154      0x524 ./Drivers/STM32F4xx_HAL_Driver/Src/stm32f4xx_hal_uart.o
                0x08009154                HAL_UART_IRQHandler
 .text.HAL_UART_ErrorCallback
                0x08009678       0x14 ./Drivers/STM32F4xx_HAL_Driver/Src/stm32f4xx_hal_uart.o
                0x08009678                HAL_UART_ErrorCallback
 .text.HAL_UARTEx_RxEventCallback
                0x0800968c       0x18 ./Drivers/STM32F4xx_HAL_Driver/Src/stm32f4xx_hal_uart.o
                0x0800968c                HAL_UARTEx_RxEventCallback
 .text.HAL_UART_GetState
                0x080096a4       0x3c ./Drivers/STM32F4xx_HAL_Driver/Src/stm32f4xx_hal_uart.o
                0x080096a4                HAL_UART_GetState
 .text.UART_WaitOnFlagUntilTimeout
                0x080096e0       0xb2 ./Drivers/STM32F4xx_HAL_Driver/Src/stm32f4xx_hal_uart.o
 .text.UART_Start_Receive_IT
                0x08009792       0x74 ./Drivers/STM32F4xx_HAL_Driver/Src/stm32f4xx_hal_uart.o
                0x08009792                UART_Start_Receive_IT
 .text.UART_EndRxTransfer
                0x08009806       0xc6 ./Drivers/STM32F4xx_HAL_Driver/Src/stm32f4xx_hal_uart.o
 .text.UART_DMAAbortOnError
                0x080098cc       0x28 ./Drivers/STM32F4xx_HAL_Driver/Src/stm32f4xx_hal_uart.o
 .text.UART_Transmit_IT
                0x080098f4       0xa0 ./Drivers/STM32F4xx_HAL_Driver/Src/stm32f4xx_hal_uart.o
 .text.UART_EndTransmit_IT
                0x08009994       0x30 ./Drivers/STM32F4xx_HAL_Driver/Src/stm32f4xx_hal_uart.o
 .text.UART_Receive_IT
                0x080099c4      0x17c ./Drivers/STM32F4xx_HAL_Driver/Src/stm32f4xx_hal_uart.o
 .text.UART_SetConfig
                0x08009b40      0x4e8 ./Drivers/STM32F4xx_HAL_Driver/Src/stm32f4xx_hal_uart.o
 .text.makeFreeRtosPriority
                0x0800a028       0x30 ./Middlewares/Third_Party/FreeRTOS/Source/CMSIS_RTOS/cmsis_os.o
 .text.inHandlerMode
                0x0800a058       0x24 ./Middlewares/Third_Party/FreeRTOS/Source/CMSIS_RTOS/cmsis_os.o
 .text.osKernelStart
                0x0800a07c        0xe ./Middlewares/Third_Party/FreeRTOS/Source/CMSIS_RTOS/cmsis_os.o
                0x0800a07c                osKernelStart
 .text.osThreadCreate
                0x0800a08a       0x98 ./Middlewares/Third_Party/FreeRTOS/Source/CMSIS_RTOS/cmsis_os.o
                0x0800a08a                osThreadCreate
 .text.osDelay  0x0800a122       0x28 ./Middlewares/Third_Party/FreeRTOS/Source/CMSIS_RTOS/cmsis_os.o
                0x0800a122                osDelay
 *fill*         0x0800a14a        0x2 
 .text.osTimerCreate
                0x0800a14c       0x68 ./Middlewares/Third_Party/FreeRTOS/Source/CMSIS_RTOS/cmsis_os.o
                0x0800a14c                osTimerCreate
 .text.osTimerStart
                0x0800a1b4       0x88 ./Middlewares/Third_Party/FreeRTOS/Source/CMSIS_RTOS/cmsis_os.o
                0x0800a1b4                osTimerStart
 .text.osMutexCreate
                0x0800a23c       0x30 ./Middlewares/Third_Party/FreeRTOS/Source/CMSIS_RTOS/cmsis_os.o
                0x0800a23c                osMutexCreate
 .text.osMutexWait
                0x0800a26c       0x9c ./Middlewares/Third_Party/FreeRTOS/Source/CMSIS_RTOS/cmsis_os.o
                0x0800a26c                osMutexWait
 .text.osMutexRelease
                0x0800a308       0x6c ./Middlewares/Third_Party/FreeRTOS/Source/CMSIS_RTOS/cmsis_os.o
                0x0800a308                osMutexRelease
 .text.osSemaphoreCreate
                0x0800a374       0x64 ./Middlewares/Third_Party/FreeRTOS/Source/CMSIS_RTOS/cmsis_os.o
                0x0800a374                osSemaphoreCreate
 .text.osSemaphoreWait
                0x0800a3d8       0x9c ./Middlewares/Third_Party/FreeRTOS/Source/CMSIS_RTOS/cmsis_os.o
                0x0800a3d8                osSemaphoreWait
 .text.osSemaphoreRelease
                0x0800a474       0x6c ./Middlewares/Third_Party/FreeRTOS/Source/CMSIS_RTOS/cmsis_os.o
                0x0800a474                osSemaphoreRelease
 .text.osPoolCreate
                0x0800a4e0       0xba ./Middlewares/Third_Party/FreeRTOS/Source/CMSIS_RTOS/cmsis_os.o
                0x0800a4e0                osPoolCreate
 .text.osPoolAlloc
                0x0800a59a       0xc4 ./Middlewares/Third_Party/FreeRTOS/Source/CMSIS_RTOS/cmsis_os.o
                0x0800a59a                osPoolAlloc
 .text.osPoolFree
                0x0800a65e       0x82 ./Middlewares/Third_Party/FreeRTOS/Source/CMSIS_RTOS/cmsis_os.o
                0x0800a65e                osPoolFree
 .text.osMailCreate
                0x0800a6e0       0xb0 ./Middlewares/Third_Party/FreeRTOS/Source/CMSIS_RTOS/cmsis_os.o
                0x0800a6e0                osMailCreate
 .text.osMailAlloc
                0x0800a790       0x2a ./Middlewares/Third_Party/FreeRTOS/Source/CMSIS_RTOS/cmsis_os.o
                0x0800a790                osMailAlloc
 *fill*         0x0800a7ba        0x2 
 .text.osMailPut
                0x0800a7bc       0x7c ./Middlewares/Third_Party/FreeRTOS/Source/CMSIS_RTOS/cmsis_os.o
                0x0800a7bc                osMailPut
 .text.osMailGet
                0x0800a838       0xe8 ./Middlewares/Third_Party/FreeRTOS/Source/CMSIS_RTOS/cmsis_os.o
                0x0800a838                osMailGet
 .text.osMailFree
                0x0800a920       0x2a ./Middlewares/Third_Party/FreeRTOS/Source/CMSIS_RTOS/cmsis_os.o
                0x0800a920                osMailFree
 .text.vListInitialise
                0x0800a94a       0x40 ./Middlewares/Third_Party/FreeRTOS/Source/list.o
                0x0800a94a                vListInitialise
 .text.vListInitialiseItem
                0x0800a98a       0x1a ./Middlewares/Third_Party/FreeRTOS/Source/list.o
                0x0800a98a                vListInitialiseItem
 .text.vListInsertEnd
                0x0800a9a4       0x48 ./Middlewares/Third_Party/FreeRTOS/Source/list.o
                0x0800a9a4                vListInsertEnd
 .text.vListInsert
                0x0800a9ec       0x72 ./Middlewares/Third_Party/FreeRTOS/Source/list.o
                0x0800a9ec                vListInsert
 .text.uxListRemove
                0x0800aa5e       0x54 ./Middlewares/Third_Party/FreeRTOS/Source/list.o
                0x0800aa5e                uxListRemove
 *fill*         0x0800aab2        0x2 
 .text.xQueueGenericReset
                0x0800aab4       0xd4 ./Middlewares/Third_Party/FreeRTOS/Source/queue.o
                0x0800aab4                xQueueGenericReset
 .text.xQueueGenericCreateStatic
                0x0800ab88       0xfa ./Middlewares/Third_Party/FreeRTOS/Source/queue.o
                0x0800ab88                xQueueGenericCreateStatic
 .text.xQueueGenericCreate
                0x0800ac82       0x76 ./Middlewares/Third_Party/FreeRTOS/Source/queue.o
                0x0800ac82                xQueueGenericCreate
 .text.prvInitialiseNewQueue
                0x0800acf8       0x3e ./Middlewares/Third_Party/FreeRTOS/Source/queue.o
 .text.prvInitialiseMutex
                0x0800ad36       0x34 ./Middlewares/Third_Party/FreeRTOS/Source/queue.o
 .text.xQueueCreateMutex
                0x0800ad6a       0x30 ./Middlewares/Third_Party/FreeRTOS/Source/queue.o
                0x0800ad6a                xQueueCreateMutex
 .text.xQueueCreateMutexStatic
                0x0800ad9a       0x36 ./Middlewares/Third_Party/FreeRTOS/Source/queue.o
                0x0800ad9a                xQueueCreateMutexStatic
 .text.xQueueGenericSend
                0x0800add0      0x204 ./Middlewares/Third_Party/FreeRTOS/Source/queue.o
                0x0800add0                xQueueGenericSend
 .text.xQueueGenericSendFromISR
                0x0800afd4      0x13c ./Middlewares/Third_Party/FreeRTOS/Source/queue.o
                0x0800afd4                xQueueGenericSendFromISR
 .text.xQueueGiveFromISR
                0x0800b110      0x120 ./Middlewares/Third_Party/FreeRTOS/Source/queue.o
                0x0800b110                xQueueGiveFromISR
 .text.xQueueReceive
                0x0800b230      0x1c4 ./Middlewares/Third_Party/FreeRTOS/Source/queue.o
                0x0800b230                xQueueReceive
 .text.xQueueSemaphoreTake
                0x0800b3f4      0x220 ./Middlewares/Third_Party/FreeRTOS/Source/queue.o
                0x0800b3f4                xQueueSemaphoreTake
 .text.xQueueReceiveFromISR
                0x0800b614      0x104 ./Middlewares/Third_Party/FreeRTOS/Source/queue.o
                0x0800b614                xQueueReceiveFromISR
 .text.prvGetDisinheritPriorityAfterTimeout
                0x0800b718       0x30 ./Middlewares/Third_Party/FreeRTOS/Source/queue.o
 .text.prvCopyDataToQueue
                0x0800b748       0xd4 ./Middlewares/Third_Party/FreeRTOS/Source/queue.o
 .text.prvCopyDataFromQueue
                0x0800b81c       0x4c ./Middlewares/Third_Party/FreeRTOS/Source/queue.o
 .text.prvUnlockQueue
                0x0800b868       0xa4 ./Middlewares/Third_Party/FreeRTOS/Source/queue.o
 .text.prvIsQueueEmpty
                0x0800b90c       0x2c ./Middlewares/Third_Party/FreeRTOS/Source/queue.o
 .text.prvIsQueueFull
                0x0800b938       0x30 ./Middlewares/Third_Party/FreeRTOS/Source/queue.o
 .text.vQueueAddToRegistry
                0x0800b968       0x54 ./Middlewares/Third_Party/FreeRTOS/Source/queue.o
                0x0800b968                vQueueAddToRegistry
 .text.vQueueWaitForMessageRestricted
                0x0800b9bc       0x68 ./Middlewares/Third_Party/FreeRTOS/Source/queue.o
                0x0800b9bc                vQueueWaitForMessageRestricted
 .text.xTaskCreateStatic
                0x0800ba24       0xc0 ./Middlewares/Third_Party/FreeRTOS/Source/tasks.o
                0x0800ba24                xTaskCreateStatic
 .text.xTaskCreate
                0x0800bae4       0x8a ./Middlewares/Third_Party/FreeRTOS/Source/tasks.o
                0x0800bae4                xTaskCreate
 *fill*         0x0800bb6e        0x2 
 .text.prvInitialiseNewTask
                0x0800bb70      0x140 ./Middlewares/Third_Party/FreeRTOS/Source/tasks.o
 .text.prvAddNewTaskToReadyList
                0x0800bcb0       0xd4 ./Middlewares/Third_Party/FreeRTOS/Source/tasks.o
 .text.vTaskDelay
                0x0800bd84       0x6c ./Middlewares/Third_Party/FreeRTOS/Source/tasks.o
                0x0800bd84                vTaskDelay
 .text.vTaskStartScheduler
                0x0800bdf0       0xe0 ./Middlewares/Third_Party/FreeRTOS/Source/tasks.o
                0x0800bdf0                vTaskStartScheduler
 .text.vTaskSuspendAll
                0x0800bed0       0x1c ./Middlewares/Third_Party/FreeRTOS/Source/tasks.o
                0x0800bed0                vTaskSuspendAll
 .text.xTaskResumeAll
                0x0800beec      0x13c ./Middlewares/Third_Party/FreeRTOS/Source/tasks.o
                0x0800beec                xTaskResumeAll
 .text.xTaskGetTickCount
                0x0800c028       0x20 ./Middlewares/Third_Party/FreeRTOS/Source/tasks.o
                0x0800c028                xTaskGetTickCount
 .text.xTaskIncrementTick
                0x0800c048      0x174 ./Middlewares/Third_Party/FreeRTOS/Source/tasks.o
                0x0800c048                xTaskIncrementTick
 .text.vTaskSwitchContext
                0x0800c1bc       0xc8 ./Middlewares/Third_Party/FreeRTOS/Source/tasks.o
                0x0800c1bc                vTaskSwitchContext
 .text.vTaskPlaceOnEventList
                0x0800c284       0x4c ./Middlewares/Third_Party/FreeRTOS/Source/tasks.o
                0x0800c284                vTaskPlaceOnEventList
 .text.vTaskPlaceOnEventListRestricted
                0x0800c2d0       0x58 ./Middlewares/Third_Party/FreeRTOS/Source/tasks.o
                0x0800c2d0                vTaskPlaceOnEventListRestricted
 .text.xTaskRemoveFromEventList
                0x0800c328       0xc8 ./Middlewares/Third_Party/FreeRTOS/Source/tasks.o
                0x0800c328                xTaskRemoveFromEventList
 .text.vTaskInternalSetTimeOutState
                0x0800c3f0       0x2c ./Middlewares/Third_Party/FreeRTOS/Source/tasks.o
                0x0800c3f0                vTaskInternalSetTimeOutState
 .text.xTaskCheckForTimeOut
                0x0800c41c       0xc8 ./Middlewares/Third_Party/FreeRTOS/Source/tasks.o
                0x0800c41c                xTaskCheckForTimeOut
 .text.vTaskMissedYield
                0x0800c4e4       0x18 ./Middlewares/Third_Party/FreeRTOS/Source/tasks.o
                0x0800c4e4                vTaskMissedYield
 .text.prvIdleTask
                0x0800c4fc       0x30 ./Middlewares/Third_Party/FreeRTOS/Source/tasks.o
 .text.prvInitialiseTaskLists
                0x0800c52c       0x80 ./Middlewares/Third_Party/FreeRTOS/Source/tasks.o
 .text.prvCheckTasksWaitingTermination
                0x0800c5ac       0x5c ./Middlewares/Third_Party/FreeRTOS/Source/tasks.o
 .text.prvDeleteTCB
                0x0800c608       0x6a ./Middlewares/Third_Party/FreeRTOS/Source/tasks.o
 *fill*         0x0800c672        0x2 
 .text.prvResetNextTaskUnblockTime
                0x0800c674       0x40 ./Middlewares/Third_Party/FreeRTOS/Source/tasks.o
 .text.xTaskGetSchedulerState
                0x0800c6b4       0x3c ./Middlewares/Third_Party/FreeRTOS/Source/tasks.o
                0x0800c6b4                xTaskGetSchedulerState
 .text.xTaskPriorityInherit
                0x0800c6f0       0xec ./Middlewares/Third_Party/FreeRTOS/Source/tasks.o
                0x0800c6f0                xTaskPriorityInherit
 .text.xTaskPriorityDisinherit
                0x0800c7dc      0x110 ./Middlewares/Third_Party/FreeRTOS/Source/tasks.o
                0x0800c7dc                xTaskPriorityDisinherit
 .text.vTaskPriorityDisinheritAfterTimeout
                0x0800c8ec      0x120 ./Middlewares/Third_Party/FreeRTOS/Source/tasks.o
                0x0800c8ec                vTaskPriorityDisinheritAfterTimeout
 .text.pvTaskIncrementMutexHeldCount
                0x0800ca0c       0x28 ./Middlewares/Third_Party/FreeRTOS/Source/tasks.o
                0x0800ca0c                pvTaskIncrementMutexHeldCount
 .text.prvAddCurrentTaskToDelayedList
                0x0800ca34       0xcc ./Middlewares/Third_Party/FreeRTOS/Source/tasks.o
 .text.xTimerCreateTimerTask
                0x0800cb00       0x94 ./Middlewares/Third_Party/FreeRTOS/Source/timers.o
                0x0800cb00                xTimerCreateTimerTask
 .text.xTimerCreate
                0x0800cb94       0x42 ./Middlewares/Third_Party/FreeRTOS/Source/timers.o
                0x0800cb94                xTimerCreate
 .text.xTimerCreateStatic
                0x0800cbd6       0x80 ./Middlewares/Third_Party/FreeRTOS/Source/timers.o
                0x0800cbd6                xTimerCreateStatic
 .text.prvInitialiseNewTimer
                0x0800cc56       0x78 ./Middlewares/Third_Party/FreeRTOS/Source/timers.o
 *fill*         0x0800ccce        0x2 
 .text.xTimerGenericCommand
                0x0800ccd0       0x9c ./Middlewares/Third_Party/FreeRTOS/Source/timers.o
                0x0800ccd0                xTimerGenericCommand
 .text.prvProcessExpiredTimer
                0x0800cd6c       0x9c ./Middlewares/Third_Party/FreeRTOS/Source/timers.o
 .text.prvTimerTask
                0x0800ce08       0x26 ./Middlewares/Third_Party/FreeRTOS/Source/timers.o
 *fill*         0x0800ce2e        0x2 
 .text.prvProcessTimerOrBlockTask
                0x0800ce30       0x9c ./Middlewares/Third_Party/FreeRTOS/Source/timers.o
 .text.prvGetNextExpireTime
                0x0800cecc       0x48 ./Middlewares/Third_Party/FreeRTOS/Source/timers.o
 .text.prvSampleTimeNow
                0x0800cf14       0x40 ./Middlewares/Third_Party/FreeRTOS/Source/timers.o
 .text.prvInsertTimerInActiveList
                0x0800cf54       0x84 ./Middlewares/Third_Party/FreeRTOS/Source/timers.o
 .text.prvProcessReceivedCommands
                0x0800cfd8      0x194 ./Middlewares/Third_Party/FreeRTOS/Source/timers.o
 .text.prvSwitchTimerLists
                0x0800d16c       0xcc ./Middlewares/Third_Party/FreeRTOS/Source/timers.o
 .text.prvCheckForValidListAndQueue
                0x0800d238       0x80 ./Middlewares/Third_Party/FreeRTOS/Source/timers.o
 .text.pxPortInitialiseStack
                0x0800d2b8       0x68 ./Middlewares/Third_Party/FreeRTOS/Source/portable/GCC/ARM_CM4F/port.o
                0x0800d2b8                pxPortInitialiseStack
 .text.prvTaskExitError
                0x0800d320       0x5c ./Middlewares/Third_Party/FreeRTOS/Source/portable/GCC/ARM_CM4F/port.o
 *fill*         0x0800d37c        0x4 
 .text.SVC_Handler
                0x0800d380       0x28 ./Middlewares/Third_Party/FreeRTOS/Source/portable/GCC/ARM_CM4F/port.o
                0x0800d380                SVC_Handler
 .text.prvPortStartFirstTask
                0x0800d3a8       0x28 ./Middlewares/Third_Party/FreeRTOS/Source/portable/GCC/ARM_CM4F/port.o
 .text.xPortStartScheduler
                0x0800d3d0      0x148 ./Middlewares/Third_Party/FreeRTOS/Source/portable/GCC/ARM_CM4F/port.o
                0x0800d3d0                xPortStartScheduler
 .text.vPortEnterCritical
                0x0800d518       0x64 ./Middlewares/Third_Party/FreeRTOS/Source/portable/GCC/ARM_CM4F/port.o
                0x0800d518                vPortEnterCritical
 .text.vPortExitCritical
                0x0800d57c       0x54 ./Middlewares/Third_Party/FreeRTOS/Source/portable/GCC/ARM_CM4F/port.o
                0x0800d57c                vPortExitCritical
 .text.PendSV_Handler
                0x0800d5d0       0x68 ./Middlewares/Third_Party/FreeRTOS/Source/portable/GCC/ARM_CM4F/port.o
                0x0800d5d0                PendSV_Handler
 .text.SysTick_Handler
                0x0800d638       0x44 ./Middlewares/Third_Party/FreeRTOS/Source/portable/GCC/ARM_CM4F/port.o
                0x0800d638                SysTick_Handler
 .text.vPortSetupTimerInterrupt
                0x0800d67c       0x48 ./Middlewares/Third_Party/FreeRTOS/Source/portable/GCC/ARM_CM4F/port.o
                0x0800d67c                vPortSetupTimerInterrupt
 .text.vPortEnableVFP
                0x0800d6c4       0x14 ./Middlewares/Third_Party/FreeRTOS/Source/portable/GCC/ARM_CM4F/port.o
 .text.vPortValidateInterruptPriority
                0x0800d6d8       0x84 ./Middlewares/Third_Party/FreeRTOS/Source/portable/GCC/ARM_CM4F/port.o
                0x0800d6d8                vPortValidateInterruptPriority
 .text.pvPortMalloc
                0x0800d75c      0x19c ./Middlewares/Third_Party/FreeRTOS/Source/portable/MemMang/heap_4.o
                0x0800d75c                pvPortMalloc
 .text.vPortFree
                0x0800d8f8       0xc8 ./Middlewares/Third_Party/FreeRTOS/Source/portable/MemMang/heap_4.o
                0x0800d8f8                vPortFree
 .text.prvHeapInit
                0x0800d9c0       0xc4 ./Middlewares/Third_Party/FreeRTOS/Source/portable/MemMang/heap_4.o
 .text.prvInsertBlockIntoFreeList
                0x0800da84       0xb4 ./Middlewares/Third_Party/FreeRTOS/Source/portable/MemMang/heap_4.o
 .text._vsnprintf_r
                0x0800db38       0x56 C:/ST/STM32CubeIDE_1.7.0/STM32CubeIDE/plugins/com.st.stm32cube.ide.mcu.externaltools.gnu-tools-for-stm32.12.3.rel1.win32_1.1.0.202410251130/tools/bin/../lib/gcc/arm-none-eabi/12.3.1/../../../../arm-none-eabi/lib/thumb/v7e-m+fp/hard\libc_nano.a(libc_a-vsnprintf.o)
                0x0800db38                _vsniprintf_r
                0x0800db38                _vsnprintf_r
 *fill*         0x0800db8e        0x2 
 .text.vsnprintf
                0x0800db90       0x1c C:/ST/STM32CubeIDE_1.7.0/STM32CubeIDE/plugins/com.st.stm32cube.ide.mcu.externaltools.gnu-tools-for-stm32.12.3.rel1.win32_1.1.0.202410251130/tools/bin/../lib/gcc/arm-none-eabi/12.3.1/../../../../arm-none-eabi/lib/thumb/v7e-m+fp/hard\libc_nano.a(libc_a-vsnprintf.o)
                0x0800db90                vsniprintf
                0x0800db90                vsnprintf
 .text.memcmp   0x0800dbac       0x20 C:/ST/STM32CubeIDE_1.7.0/STM32CubeIDE/plugins/com.st.stm32cube.ide.mcu.externaltools.gnu-tools-for-stm32.12.3.rel1.win32_1.1.0.202410251130/tools/bin/../lib/gcc/arm-none-eabi/12.3.1/../../../../arm-none-eabi/lib/thumb/v7e-m+fp/hard\libc_nano.a(libc_a-memcmp.o)
                0x0800dbac                memcmp
 .text.memset   0x0800dbcc       0x10 C:/ST/STM32CubeIDE_1.7.0/STM32CubeIDE/plugins/com.st.stm32cube.ide.mcu.externaltools.gnu-tools-for-stm32.12.3.rel1.win32_1.1.0.202410251130/tools/bin/../lib/gcc/arm-none-eabi/12.3.1/../../../../arm-none-eabi/lib/thumb/v7e-m+fp/hard\libc_nano.a(libc_a-memset.o)
                0x0800dbcc                memset
 .text._reclaim_reent
                0x0800dbdc       0xac C:/ST/STM32CubeIDE_1.7.0/STM32CubeIDE/plugins/com.st.stm32cube.ide.mcu.externaltools.gnu-tools-for-stm32.12.3.rel1.win32_1.1.0.202410251130/tools/bin/../lib/gcc/arm-none-eabi/12.3.1/../../../../arm-none-eabi/lib/thumb/v7e-m+fp/hard\libc_nano.a(libc_a-reent.o)
                0x0800dbdc                _reclaim_reent
 .text.__errno  0x0800dc88        0xc C:/ST/STM32CubeIDE_1.7.0/STM32CubeIDE/plugins/com.st.stm32cube.ide.mcu.externaltools.gnu-tools-for-stm32.12.3.rel1.win32_1.1.0.202410251130/tools/bin/../lib/gcc/arm-none-eabi/12.3.1/../../../../arm-none-eabi/lib/thumb/v7e-m+fp/hard\libc_nano.a(libc_a-errno.o)
                0x0800dc88                __errno
 .text.__libc_init_array
                0x0800dc94       0x48 C:/ST/STM32CubeIDE_1.7.0/STM32CubeIDE/plugins/com.st.stm32cube.ide.mcu.externaltools.gnu-tools-for-stm32.12.3.rel1.win32_1.1.0.202410251130/tools/bin/../lib/gcc/arm-none-eabi/12.3.1/../../../../arm-none-eabi/lib/thumb/v7e-m+fp/hard\libc_nano.a(libc_a-init.o)
                0x0800dc94                __libc_init_array
 .text.__retarget_lock_acquire_recursive
                0x0800dcdc        0x2 C:/ST/STM32CubeIDE_1.7.0/STM32CubeIDE/plugins/com.st.stm32cube.ide.mcu.externaltools.gnu-tools-for-stm32.12.3.rel1.win32_1.1.0.202410251130/tools/bin/../lib/gcc/arm-none-eabi/12.3.1/../../../../arm-none-eabi/lib/thumb/v7e-m+fp/hard\libc_nano.a(libc_a-lock.o)
                0x0800dcdc                __retarget_lock_acquire_recursive
 .text.__retarget_lock_release_recursive
                0x0800dcde        0x2 C:/ST/STM32CubeIDE_1.7.0/STM32CubeIDE/plugins/com.st.stm32cube.ide.mcu.externaltools.gnu-tools-for-stm32.12.3.rel1.win32_1.1.0.202410251130/tools/bin/../lib/gcc/arm-none-eabi/12.3.1/../../../../arm-none-eabi/lib/thumb/v7e-m+fp/hard\libc_nano.a(libc_a-lock.o)
                0x0800dcde                __retarget_lock_release_recursive
 .text.memcpy   0x0800dce0       0x1c C:/ST/STM32CubeIDE_1.7.0/STM32CubeIDE/plugins/com.st.stm32cube.ide.mcu.externaltools.gnu-tools-for-stm32.12.3.rel1.win32_1.1.0.202410251130/tools/bin/../lib/gcc/arm-none-eabi/12.3.1/../../../../arm-none-eabi/lib/thumb/v7e-m+fp/hard\libc_nano.a(libc_a-memcpy-stub.o)
                0x0800dce0                memcpy
 .text._free_r  0x0800dcfc       0x94 C:/ST/STM32CubeIDE_1.7.0/STM32CubeIDE/plugins/com.st.stm32cube.ide.mcu.externaltools.gnu-tools-for-stm32.12.3.rel1.win32_1.1.0.202410251130/tools/bin/../lib/gcc/arm-none-eabi/12.3.1/../../../../arm-none-eabi/lib/thumb/v7e-m+fp/hard\libc_nano.a(libc_a-freer.o)
                0x0800dcfc                _free_r
 .text.sbrk_aligned
                0x0800dd90       0x44 C:/ST/STM32CubeIDE_1.7.0/STM32CubeIDE/plugins/com.st.stm32cube.ide.mcu.externaltools.gnu-tools-for-stm32.12.3.rel1.win32_1.1.0.202410251130/tools/bin/../lib/gcc/arm-none-eabi/12.3.1/../../../../arm-none-eabi/lib/thumb/v7e-m+fp/hard\libc_nano.a(libc_a-mallocr.o)
 .text._malloc_r
                0x0800ddd4      0x100 C:/ST/STM32CubeIDE_1.7.0/STM32CubeIDE/plugins/com.st.stm32cube.ide.mcu.externaltools.gnu-tools-for-stm32.12.3.rel1.win32_1.1.0.202410251130/tools/bin/../lib/gcc/arm-none-eabi/12.3.1/../../../../arm-none-eabi/lib/thumb/v7e-m+fp/hard\libc_nano.a(libc_a-mallocr.o)
                0x0800ddd4                _malloc_r
 .text.__malloc_lock
                0x0800ded4        0xc C:/ST/STM32CubeIDE_1.7.0/STM32CubeIDE/plugins/com.st.stm32cube.ide.mcu.externaltools.gnu-tools-for-stm32.12.3.rel1.win32_1.1.0.202410251130/tools/bin/../lib/gcc/arm-none-eabi/12.3.1/../../../../arm-none-eabi/lib/thumb/v7e-m+fp/hard\libc_nano.a(libc_a-mlock.o)
                0x0800ded4                __malloc_lock
 .text.__malloc_unlock
                0x0800dee0        0xc C:/ST/STM32CubeIDE_1.7.0/STM32CubeIDE/plugins/com.st.stm32cube.ide.mcu.externaltools.gnu-tools-for-stm32.12.3.rel1.win32_1.1.0.202410251130/tools/bin/../lib/gcc/arm-none-eabi/12.3.1/../../../../arm-none-eabi/lib/thumb/v7e-m+fp/hard\libc_nano.a(libc_a-mlock.o)
                0x0800dee0                __malloc_unlock
 .text.__ssputs_r
                0x0800deec       0xb6 C:/ST/STM32CubeIDE_1.7.0/STM32CubeIDE/plugins/com.st.stm32cube.ide.mcu.externaltools.gnu-tools-for-stm32.12.3.rel1.win32_1.1.0.202410251130/tools/bin/../lib/gcc/arm-none-eabi/12.3.1/../../../../arm-none-eabi/lib/thumb/v7e-m+fp/hard\libc_nano.a(libc_a-nano-svfprintf.o)
                0x0800deec                __ssputs_r
 *fill*         0x0800dfa2        0x2 
 .text._svfprintf_r
                0x0800dfa4      0x1f8 C:/ST/STM32CubeIDE_1.7.0/STM32CubeIDE/plugins/com.st.stm32cube.ide.mcu.externaltools.gnu-tools-for-stm32.12.3.rel1.win32_1.1.0.202410251130/tools/bin/../lib/gcc/arm-none-eabi/12.3.1/../../../../arm-none-eabi/lib/thumb/v7e-m+fp/hard\libc_nano.a(libc_a-nano-svfprintf.o)
                0x0800dfa4                _svfiprintf_r
                0x0800dfa4                _svfprintf_r
 .text._printf_common
                0x0800e19c       0xda C:/ST/STM32CubeIDE_1.7.0/STM32CubeIDE/plugins/com.st.stm32cube.ide.mcu.externaltools.gnu-tools-for-stm32.12.3.rel1.win32_1.1.0.202410251130/tools/bin/../lib/gcc/arm-none-eabi/12.3.1/../../../../arm-none-eabi/lib/thumb/v7e-m+fp/hard\libc_nano.a(libc_a-nano-vfprintf_i.o)
                0x0800e19c                _printf_common
 *fill*         0x0800e276        0x2 
 .text._printf_i
                0x0800e278      0x240 C:/ST/STM32CubeIDE_1.7.0/STM32CubeIDE/plugins/com.st.stm32cube.ide.mcu.externaltools.gnu-tools-for-stm32.12.3.rel1.win32_1.1.0.202410251130/tools/bin/../lib/gcc/arm-none-eabi/12.3.1/../../../../arm-none-eabi/lib/thumb/v7e-m+fp/hard\libc_nano.a(libc_a-nano-vfprintf_i.o)
                0x0800e278                _printf_i
 .text.memmove  0x0800e4b8       0x34 C:/ST/STM32CubeIDE_1.7.0/STM32CubeIDE/plugins/com.st.stm32cube.ide.mcu.externaltools.gnu-tools-for-stm32.12.3.rel1.win32_1.1.0.202410251130/tools/bin/../lib/gcc/arm-none-eabi/12.3.1/../../../../arm-none-eabi/lib/thumb/v7e-m+fp/hard\libc_nano.a(libc_a-memmove.o)
                0x0800e4b8                memmove
 .text._sbrk_r  0x0800e4ec       0x20 C:/ST/STM32CubeIDE_1.7.0/STM32CubeIDE/plugins/com.st.stm32cube.ide.mcu.externaltools.gnu-tools-for-stm32.12.3.rel1.win32_1.1.0.202410251130/tools/bin/../lib/gcc/arm-none-eabi/12.3.1/../../../../arm-none-eabi/lib/thumb/v7e-m+fp/hard\libc_nano.a(libc_a-sbrkr.o)
                0x0800e4ec                _sbrk_r
 .text._realloc_r
                0x0800e50c       0x5c C:/ST/STM32CubeIDE_1.7.0/STM32CubeIDE/plugins/com.st.stm32cube.ide.mcu.externaltools.gnu-tools-for-stm32.12.3.rel1.win32_1.1.0.202410251130/tools/bin/../lib/gcc/arm-none-eabi/12.3.1/../../../../arm-none-eabi/lib/thumb/v7e-m+fp/hard\libc_nano.a(libc_a-reallocr.o)
                0x0800e50c                _realloc_r
 .text._malloc_usable_size_r
                0x0800e568       0x10 C:/ST/STM32CubeIDE_1.7.0/STM32CubeIDE/plugins/com.st.stm32cube.ide.mcu.externaltools.gnu-tools-for-stm32.12.3.rel1.win32_1.1.0.202410251130/tools/bin/../lib/gcc/arm-none-eabi/12.3.1/../../../../arm-none-eabi/lib/thumb/v7e-m+fp/hard\libc_nano.a(libc_a-msizer.o)
                0x0800e568                _malloc_usable_size_r
 *(.glue_7)
 .glue_7        0x0800e578        0x0 linker stubs
 *(.glue_7t)
 .glue_7t       0x0800e578        0x0 linker stubs
 *(.eh_frame)
 .eh_frame      0x0800e578        0x0 C:/ST/STM32CubeIDE_1.7.0/STM32CubeIDE/plugins/com.st.stm32cube.ide.mcu.externaltools.gnu-tools-for-stm32.12.3.rel1.win32_1.1.0.202410251130/tools/bin/../lib/gcc/arm-none-eabi/12.3.1/thumb/v7e-m+fp/hard/crtbegin.o
 *(.init)
 .init          0x0800e578        0x4 C:/ST/STM32CubeIDE_1.7.0/STM32CubeIDE/plugins/com.st.stm32cube.ide.mcu.externaltools.gnu-tools-for-stm32.12.3.rel1.win32_1.1.0.202410251130/tools/bin/../lib/gcc/arm-none-eabi/12.3.1/thumb/v7e-m+fp/hard/crti.o
                0x0800e578                _init
 .init          0x0800e57c        0x8 C:/ST/STM32CubeIDE_1.7.0/STM32CubeIDE/plugins/com.st.stm32cube.ide.mcu.externaltools.gnu-tools-for-stm32.12.3.rel1.win32_1.1.0.202410251130/tools/bin/../lib/gcc/arm-none-eabi/12.3.1/thumb/v7e-m+fp/hard/crtn.o
 *(.fini)
 .fini          0x0800e584        0x4 C:/ST/STM32CubeIDE_1.7.0/STM32CubeIDE/plugins/com.st.stm32cube.ide.mcu.externaltools.gnu-tools-for-stm32.12.3.rel1.win32_1.1.0.202410251130/tools/bin/../lib/gcc/arm-none-eabi/12.3.1/thumb/v7e-m+fp/hard/crti.o
                0x0800e584                _fini
 .fini          0x0800e588        0x8 C:/ST/STM32CubeIDE_1.7.0/STM32CubeIDE/plugins/com.st.stm32cube.ide.mcu.externaltools.gnu-tools-for-stm32.12.3.rel1.win32_1.1.0.202410251130/tools/bin/../lib/gcc/arm-none-eabi/12.3.1/thumb/v7e-m+fp/hard/crtn.o
                0x0800e590                        . = ALIGN (0x4)
                0x0800e590                        _etext = .

.vfp11_veneer   0x0800e590        0x0
 .vfp11_veneer  0x0800e590        0x0 linker stubs

.v4_bx          0x0800e590        0x0
 .v4_bx         0x0800e590        0x0 linker stubs

.iplt           0x0800e590        0x0
 .iplt          0x0800e590        0x0 C:/ST/STM32CubeIDE_1.7.0/STM32CubeIDE/plugins/com.st.stm32cube.ide.mcu.externaltools.gnu-tools-for-stm32.12.3.rel1.win32_1.1.0.202410251130/tools/bin/../lib/gcc/arm-none-eabi/12.3.1/thumb/v7e-m+fp/hard/crtbegin.o

.rodata         0x0800e590     0x1574
                0x0800e590                        . = ALIGN (0x4)
 *(.rodata)
 .rodata        0x0800e590      0x144 ./Core/Src/config/app_config.o
 .rodata        0x0800e6d4      0x135 ./Core/Src/config/app_config_flash.o
 *fill*         0x0800e809        0x3 
 .rodata        0x0800e80c        0xf ./Core/Src/log.o
 *fill*         0x0800e81b        0x1 
 .rodata        0x0800e81c      0x1f2 ./Core/Src/main.o
 *fill*         0x0800ea0e        0x2 
 .rodata        0x0800ea10       0x5c ./Core/Src/m_env/m_env.o
 .rodata        0x0800ea6c       0xc9 ./Core/Src/m_env/m_flash.o
 *fill*         0x0800eb35        0x3 
 .rodata        0x0800eb38      0x11c ./Core/Src/m_ether/ip_arp_udp_tcp.o
 .rodata        0x0800ec54      0x35c ./Core/Src/m_ether/m_ether.o
 .rodata        0x0800efb0       0xd4 ./Core/Src/m_event/m_event_queue.o
 .rodata        0x0800f084      0x2b0 ./Core/Src/m_menu/m_normal.o
 .rodata        0x0800f334      0x168 ./Core/Src/m_serial/fpga_proc.o
 .rodata        0x0800f49c       0x38 ./Core/Src/m_serial/m_front.o
 .rodata        0x0800f4d4      0x1e8 ./Core/Src/m_serial/m_remote.o
 .rodata        0x0800f6bc       0x97 ./Core/Src/m_serial/m_serial.o
 *fill*         0x0800f753        0x1 
 .rodata        0x0800f754        0x1 ./Middlewares/Third_Party/FreeRTOS/Source/CMSIS_RTOS/cmsis_os.o
 *fill*         0x0800f755        0x3 
 .rodata        0x0800f758        0x5 ./Middlewares/Third_Party/FreeRTOS/Source/tasks.o
 *fill*         0x0800f75d        0x3 
 .rodata        0x0800f760        0xd ./Middlewares/Third_Party/FreeRTOS/Source/timers.o
 *(.rodata*)
 *fill*         0x0800f76d        0x3 
 .rodata.__func__.5
                0x0800f770       0x10 ./Core/Src/config/app_config.o
 .rodata.__func__.4
                0x0800f780       0x11 ./Core/Src/config/app_config.o
 *fill*         0x0800f791        0x3 
 .rodata.__func__.3
                0x0800f794       0x10 ./Core/Src/config/app_config.o
 .rodata.__func__.3
                0x0800f7a4       0x1e ./Core/Src/config/app_config_flash.o
 *fill*         0x0800f7c2        0x2 
 .rodata.__func__.1
                0x0800f7c4       0x17 ./Core/Src/config/app_config_flash.o
 *fill*         0x0800f7db        0x1 
 .rodata.__func__.3
                0x0800f7dc        0x7 ./Core/Src/main.o
 *fill*         0x0800f7e3        0x1 
 .rodata.__func__.2
                0x0800f7e4        0xb ./Core/Src/main.o
 *fill*         0x0800f7ef        0x1 
 .rodata.__func__.1
                0x0800f7f0        0x5 ./Core/Src/main.o
 *fill*         0x0800f7f5        0x3 
 .rodata.__func__.0
                0x0800f7f8        0xa ./Core/Src/main.o
 *fill*         0x0800f802        0x2 
 .rodata.AHBPrescTable
                0x0800f804       0x10 ./Core/Src/system_stm32f4xx.o
                0x0800f804                AHBPrescTable
 .rodata.APBPrescTable
                0x0800f814        0x8 ./Core/Src/system_stm32f4xx.o
                0x0800f814                APBPrescTable
 .rodata.__func__.1
                0x0800f81c       0x10 ./Core/Src/m_env/m_env.o
 .rodata.__func__.0
                0x0800f82c        0xf ./Core/Src/m_env/m_env.o
 *fill*         0x0800f83b        0x1 
 .rodata.__func__.1
                0x0800f83c       0x15 ./Core/Src/m_env/m_flash.o
 *fill*         0x0800f851        0x3 
 .rodata.__func__.0
                0x0800f854       0x15 ./Core/Src/m_env/m_flash.o
 *fill*         0x0800f869        0x3 
 .rodata.arpreqhdr
                0x0800f86c        0x8 ./Core/Src/m_ether/ip_arp_udp_tcp.o
                0x0800f86c                arpreqhdr
 .rodata.iphdr  0x0800f874        0x9 ./Core/Src/m_ether/ip_arp_udp_tcp.o
                0x0800f874                iphdr
 *fill*         0x0800f87d        0x3 
 .rodata.__func__.0
                0x0800f880       0x14 ./Core/Src/m_ether/ip_arp_udp_tcp.o
 .rodata.__func__.8
                0x0800f894        0xe ./Core/Src/m_ether/m_ether.o
 *fill*         0x0800f8a2        0x2 
 .rodata.__func__.7
                0x0800f8a4        0xe ./Core/Src/m_ether/m_ether.o
 *fill*         0x0800f8b2        0x2 
 .rodata.__func__.6
                0x0800f8b4       0x18 ./Core/Src/m_ether/m_ether.o
 .rodata.__func__.5
                0x0800f8cc       0x17 ./Core/Src/m_ether/m_ether.o
 *fill*         0x0800f8e3        0x1 
 .rodata.__func__.4
                0x0800f8e4        0xb ./Core/Src/m_ether/m_ether.o
 *fill*         0x0800f8ef        0x1 
 .rodata.__func__.3
                0x0800f8f0       0x11 ./Core/Src/m_ether/m_ether.o
 *fill*         0x0800f901        0x3 
 .rodata.__func__.2
                0x0800f904        0xc ./Core/Src/m_ether/m_ether.o
 .rodata.__func__.1
                0x0800f910        0xd ./Core/Src/m_ether/m_ether.o
 *fill*         0x0800f91d        0x3 
 .rodata.__func__.0
                0x0800f920        0xd ./Core/Src/m_ether/m_ether.o
 *fill*         0x0800f92d        0x3 
 .rodata.__func__.3
                0x0800f930        0xd ./Core/Src/m_event/m_event_queue.o
 *fill*         0x0800f93d        0x3 
 .rodata.__func__.1
                0x0800f940       0x11 ./Core/Src/m_event/m_event_queue.o
 *fill*         0x0800f951        0x3 
 .rodata.__func__.0
                0x0800f954        0xd ./Core/Src/m_event/m_event_queue.o
 *fill*         0x0800f961        0x3 
 .rodata.__func__.6
                0x0800f964        0xb ./Core/Src/m_menu/m_normal.o
 *fill*         0x0800f96f        0x1 
 .rodata.__func__.5
                0x0800f970        0xc ./Core/Src/m_menu/m_normal.o
 .rodata.__func__.4
                0x0800f97c       0x10 ./Core/Src/m_menu/m_normal.o
 .rodata.__func__.3
                0x0800f98c        0x8 ./Core/Src/m_menu/m_normal.o
 .rodata.__func__.2
                0x0800f994        0x8 ./Core/Src/m_menu/m_normal.o
 .rodata.__func__.1
                0x0800f99c        0xd ./Core/Src/m_menu/m_normal.o
 *fill*         0x0800f9a9        0x3 
 .rodata.__func__.0
                0x0800f9ac       0x13 ./Core/Src/m_menu/m_normal.o
 *fill*         0x0800f9bf        0x1 
 .rodata.__func__.5
                0x0800f9c0       0x18 ./Core/Src/m_serial/fpga_proc.o
 .rodata.__func__.4
                0x0800f9d8       0x17 ./Core/Src/m_serial/fpga_proc.o
 *fill*         0x0800f9ef        0x1 
 .rodata.__func__.3
                0x0800f9f0        0xe ./Core/Src/m_serial/fpga_proc.o
 *fill*         0x0800f9fe        0x2 
 .rodata.__func__.2
                0x0800fa00       0x14 ./Core/Src/m_serial/fpga_proc.o
 .rodata.__func__.1
                0x0800fa14       0x17 ./Core/Src/m_serial/fpga_proc.o
 *fill*         0x0800fa2b        0x1 
 .rodata.__func__.0
                0x0800fa2c        0xd ./Core/Src/m_serial/fpga_proc.o
 *fill*         0x0800fa39        0x3 
 .rodata.__func__.2
                0x0800fa3c       0x10 ./Core/Src/m_serial/m_remote.o
 .rodata.__func__.1
                0x0800fa4c        0xf ./Core/Src/m_serial/m_remote.o
 *fill*         0x0800fa5b        0x1 
 .rodata.__func__.0
                0x0800fa5c       0x11 ./Core/Src/m_serial/m_remote.o
 *fill*         0x0800fa6d        0x3 
 .rodata.__func__.1
                0x0800fa70        0xe ./Core/Src/m_serial/m_serial.o
 *fill*         0x0800fa7e        0x2 
 .rodata.__func__.0
                0x0800fa80        0xe ./Core/Src/m_serial/m_serial.o
 *fill*         0x0800fa8e        0x2 
 .rodata.table.0
                0x0800fa90       0x40 ./Core/Src/util/crc32_sw.o
 .rodata._svfprintf_r.str1.1
                0x0800fad0       0x11 C:/ST/STM32CubeIDE_1.7.0/STM32CubeIDE/plugins/com.st.stm32cube.ide.mcu.externaltools.gnu-tools-for-stm32.12.3.rel1.win32_1.1.0.202410251130/tools/bin/../lib/gcc/arm-none-eabi/12.3.1/../../../../arm-none-eabi/lib/thumb/v7e-m+fp/hard\libc_nano.a(libc_a-nano-svfprintf.o)
 .rodata._printf_i.str1.1
                0x0800fae1       0x22 C:/ST/STM32CubeIDE_1.7.0/STM32CubeIDE/plugins/com.st.stm32cube.ide.mcu.externaltools.gnu-tools-for-stm32.12.3.rel1.win32_1.1.0.202410251130/tools/bin/../lib/gcc/arm-none-eabi/12.3.1/../../../../arm-none-eabi/lib/thumb/v7e-m+fp/hard\libc_nano.a(libc_a-nano-vfprintf_i.o)
                0x0800fb04                        . = ALIGN (0x4)
 *fill*         0x0800fb03        0x1 

.ARM.extab      0x0800fb04        0x0
                0x0800fb04                        . = ALIGN (0x4)
 *(.ARM.extab* .gnu.linkonce.armextab.*)
                0x0800fb04                        . = ALIGN (0x4)

.ARM            0x0800fb04        0x8
                0x0800fb04                        . = ALIGN (0x4)
                0x0800fb04                        __exidx_start = .
 *(.ARM.exidx*)
 .ARM.exidx     0x0800fb04        0x8 C:/ST/STM32CubeIDE_1.7.0/STM32CubeIDE/plugins/com.st.stm32cube.ide.mcu.externaltools.gnu-tools-for-stm32.12.3.rel1.win32_1.1.0.202410251130/tools/bin/../lib/gcc/arm-none-eabi/12.3.1/../../../../arm-none-eabi/lib/thumb/v7e-m+fp/hard\libc_nano.a(libc_a-strlen.o)
 .ARM.exidx     0x0800fb0c        0x0 C:/ST/STM32CubeIDE_1.7.0/STM32CubeIDE/plugins/com.st.stm32cube.ide.mcu.externaltools.gnu-tools-for-stm32.12.3.rel1.win32_1.1.0.202410251130/tools/bin/../lib/gcc/arm-none-eabi/12.3.1/../../../../arm-none-eabi/lib/thumb/v7e-m+fp/hard\libc_nano.a(libc_a-memchr.o)
                                  0x8 (size before relaxing)
 .ARM.exidx     0x0800fb0c        0x0 C:/ST/STM32CubeIDE_1.7.0/STM32CubeIDE/plugins/com.st.stm32cube.ide.mcu.externaltools.gnu-tools-for-stm32.12.3.rel1.win32_1.1.0.202410251130/tools/bin/../lib/gcc/arm-none-eabi/12.3.1/thumb/v7e-m+fp/hard\libgcc.a(_udivmoddi4.o)
                                  0x8 (size before relaxing)
                0x0800fb0c                        __exidx_end = .
                0x0800fb0c                        . = ALIGN (0x4)

.preinit_array  0x0800fb0c        0x0
                0x0800fb0c                        . = ALIGN (0x4)
                0x0800fb0c                        PROVIDE (__preinit_array_start = .)
 *(.preinit_array*)
                0x0800fb0c                        PROVIDE (__preinit_array_end = .)
                0x0800fb0c                        . = ALIGN (0x4)

.init_array     0x0800fb0c        0x4
                0x0800fb0c                        . = ALIGN (0x4)
                0x0800fb0c                        PROVIDE (__init_array_start = .)
 *(SORT_BY_NAME(.init_array.*))
 *(.init_array*)
 .init_array    0x0800fb0c        0x4 C:/ST/STM32CubeIDE_1.7.0/STM32CubeIDE/plugins/com.st.stm32cube.ide.mcu.externaltools.gnu-tools-for-stm32.12.3.rel1.win32_1.1.0.202410251130/tools/bin/../lib/gcc/arm-none-eabi/12.3.1/thumb/v7e-m+fp/hard/crtbegin.o
                0x0800fb10                        PROVIDE (__init_array_end = .)
                0x0800fb10                        . = ALIGN (0x4)

.fini_array     0x0800fb10        0x4
                0x0800fb10                        . = ALIGN (0x4)
                [!provide]                        PROVIDE (__fini_array_start = .)
 *(SORT_BY_NAME(.fini_array.*))
 *(.fini_array*)
 .fini_array    0x0800fb10        0x4 C:/ST/STM32CubeIDE_1.7.0/STM32CubeIDE/plugins/com.st.stm32cube.ide.mcu.externaltools.gnu-tools-for-stm32.12.3.rel1.win32_1.1.0.202410251130/tools/bin/../lib/gcc/arm-none-eabi/12.3.1/thumb/v7e-m+fp/hard/crtbegin.o
                [!provide]                        PROVIDE (__fini_array_end = .)
                0x0800fb14                        . = ALIGN (0x4)
                0x0800fb14                        _sidata = LOADADDR (.data)

.rel.dyn        0x0800fb14        0x0
 .rel.iplt      0x0800fb14        0x0 C:/ST/STM32CubeIDE_1.7.0/STM32CubeIDE/plugins/com.st.stm32cube.ide.mcu.externaltools.gnu-tools-for-stm32.12.3.rel1.win32_1.1.0.202410251130/tools/bin/../lib/gcc/arm-none-eabi/12.3.1/thumb/v7e-m+fp/hard/crtbegin.o

.data           0x20000000      0x100 load address 0x0800fb14
                0x20000000                        . = ALIGN (0x4)
                0x20000000                        _sdata = .
 *(.data)
 *(.data*)
 .data.def_config
                0x20000000       0x7a ./Core/Src/config/app_config.o
 *fill*         0x2000007a        0x2 
 .data.m_app_cfg
                0x2000007c        0x4 ./Core/Src/config/app_config.o
                0x2000007c                m_app_cfg
 .data.SystemCoreClock
                0x20000080        0x4 ./Core/Src/system_stm32f4xx.o
                0x20000080                SystemCoreClock
 .data.wwwport_l
                0x20000084        0x1 ./Core/Src/m_ether/ip_arp_udp_tcp.o
 .data.tcpclient_src_port_l
                0x20000085        0x1 ./Core/Src/m_ether/ip_arp_udp_tcp.o
 .data.delaycnt
                0x20000086        0x2 ./Core/Src/m_ether/ip_arp_udp_tcp.o
 .data.waitgwmac
                0x20000088        0x1 ./Core/Src/m_ether/ip_arp_udp_tcp.o
 .data.seqnum   0x20000089        0x1 ./Core/Src/m_ether/ip_arp_udp_tcp.o
 *fill*         0x2000008a        0x2 
 .data.mymac    0x2000008c        0x6 ./Core/Src/m_ether/m_ether.o
 *fill*         0x20000092        0x2 
 .data.old_status.7
                0x20000094        0x4 ./Core/Src/m_menu/m_normal.o
 .data.m_cfg    0x20000098        0xc ./Core/Src/m_serial/m_remote.o
 .data.uwTickPrio
                0x200000a4        0x4 ./Drivers/STM32F4xx_HAL_Driver/Src/stm32f4xx_hal.o
                0x200000a4                uwTickPrio
 .data.uwTickFreq
                0x200000a8        0x1 ./Drivers/STM32F4xx_HAL_Driver/Src/stm32f4xx_hal.o
                0x200000a8                uwTickFreq
 *fill*         0x200000a9        0x3 
 .data.uxCriticalNesting
                0x200000ac        0x4 ./Middlewares/Third_Party/FreeRTOS/Source/portable/GCC/ARM_CM4F/port.o
 .data._impure_ptr