Archive member included to satisfy reference by file (symbol)

C:/ST/STM32CubeIDE_1.7.0/STM32CubeIDE/plugins/com.st.stm32cube.ide.mcu.externaltools.gnu-tools-for-stm32.13.3.rel1.win32_1.0.0.202411081344/tools/bin/../lib/gcc/arm-none-eabi/13.3.1/../../../../arm-none-eabi/lib/thumb/v7e-m+fp/hard\libc_nano.a(libc_a-exit.o)
                              C:/ST/STM32CubeIDE_1.7.0/STM32CubeIDE/plugins/com.st.stm32cube.ide.mcu.externaltools.gnu-tools-for-stm32.13.3.rel1.win32_1.0.0.202411081344/tools/bin/../lib/gcc/arm-none-eabi/13.3.1/../../../../arm-none-eabi/lib/thumb/v7e-m+fp/hard/crt0.o (exit)
C:/ST/STM32CubeIDE_1.7.0/STM32CubeIDE/plugins/com.st.stm32cube.ide.mcu.externaltools.gnu-tools-for-stm32.13.3.rel1.win32_1.0.0.202411081344/tools/bin/../lib/gcc/arm-none-eabi/13.3.1/../../../../arm-none-eabi/lib/thumb/v7e-m+fp/hard\libc_nano.a(libc_a-rand.o)
                              ./Drivers/BSP/components/ethernet/dhcp.o (srand)
C:/ST/STM32CubeIDE_1.7.0/STM32CubeIDE/plugins/com.st.stm32cube.ide.mcu.externaltools.gnu-tools-for-stm32.13.3.rel1.win32_1.0.0.202411081344/tools/bin/../lib/gcc/arm-none-eabi/13.3.1/../../../../arm-none-eabi/lib/thumb/v7e-m+fp/hard\libc_nano.a(libc_a-findfp.o)
                              ./Middlewares/Third_Party/FreeRTOS/Source/tasks.o (__sf)
C:/ST/STM32CubeIDE_1.7.0/STM32CubeIDE/plugins/com.st.stm32cube.ide.mcu.externaltools.gnu-tools-for-stm32.13.3.rel1.win32_1.0.0.202411081344/tools/bin/../lib/gcc/arm-none-eabi/13.3.1/../../../../arm-none-eabi/lib/thumb/v7e-m+fp/hard\libc_nano.a(libc_a-fwalk.o)
                              C:/ST/STM32CubeIDE_1.7.0/STM32CubeIDE/plugins/com.st.stm32cube.ide.mcu.externaltools.gnu-tools-for-stm32.13.3.rel1.win32_1.0.0.202411081344/tools/bin/../lib/gcc/arm-none-eabi/13.3.1/../../../../arm-none-eabi/lib/thumb/v7e-m+fp/hard\libc_nano.a(libc_a-findfp.o) (_fwalk_sglue)
C:/ST/STM32CubeIDE_1.7.0/STM32CubeIDE/plugins/com.st.stm32cube.ide.mcu.externaltools.gnu-tools-for-stm32.13.3.rel1.win32_1.0.0.202411081344/tools/bin/../lib/gcc/arm-none-eabi/13.3.1/../../../../arm-none-eabi/lib/thumb/v7e-m+fp/hard\libc_nano.a(libc_a-sprintf.o)
                              ./Core/Src/m_ether/ip_arp_udp_tcp.o (sprintf)
C:/ST/STM32CubeIDE_1.7.0/STM32CubeIDE/plugins/com.st.stm32cube.ide.mcu.externaltools.gnu-tools-for-stm32.13.3.rel1.win32_1.0.0.202411081344/tools/bin/../lib/gcc/arm-none-eabi/13.3.1/../../../../arm-none-eabi/lib/thumb/v7e-m+fp/hard\libc_nano.a(libc_a-stdio.o)
                              C:/ST/STM32CubeIDE_1.7.0/STM32CubeIDE/plugins/com.st.stm32cube.ide.mcu.externaltools.gnu-tools-for-stm32.13.3.rel1.win32_1.0.0.202411081344/tools/bin/../lib/gcc/arm-none-eabi/13.3.1/../../../../arm-none-eabi/lib/thumb/v7e-m+fp/hard\libc_nano.a(libc_a-findfp.o) (__sread)
C:/ST/STM32CubeIDE_1.7.0/STM32CubeIDE/plugins/com.st.stm32cube.ide.mcu.externaltools.gnu-tools-for-stm32.13.3.rel1.win32_1.0.0.202411081344/tools/bin/../lib/gcc/arm-none-eabi/13.3.1/../../../../arm-none-eabi/lib/thumb/v7e-m+fp/hard\libc_nano.a(libc_a-vsnprintf.o)
                              ./Core/Src/log.o (vsnprintf)
C:/ST/STM32CubeIDE_1.7.0/STM32CubeIDE/plugins/com.st.stm32cube.ide.mcu.externaltools.gnu-tools-for-stm32.13.3.rel1.win32_1.0.0.202411081344/tools/bin/../lib/gcc/arm-none-eabi/13.3.1/../../../../arm-none-eabi/lib/thumb/v7e-m+fp/hard\libc_nano.a(libc_a-memset.o)
                              C:/ST/STM32CubeIDE_1.7.0/STM32CubeIDE/plugins/com.st.stm32cube.ide.mcu.externaltools.gnu-tools-for-stm32.13.3.rel1.win32_1.0.0.202411081344/tools/bin/../lib/gcc/arm-none-eabi/13.3.1/../../../../arm-none-eabi/lib/thumb/v7e-m+fp/hard/crt0.o (memset)
C:/ST/STM32CubeIDE_1.7.0/STM32CubeIDE/plugins/com.st.stm32cube.ide.mcu.externaltools.gnu-tools-for-stm32.13.3.rel1.win32_1.0.0.202411081344/tools/bin/../lib/gcc/arm-none-eabi/13.3.1/../../../../arm-none-eabi/lib/thumb/v7e-m+fp/hard\libc_nano.a(libc_a-strncmp.o)
                              ./Core/Src/m_ether/ip_arp_udp_tcp.o (strncmp)
C:/ST/STM32CubeIDE_1.7.0/STM32CubeIDE/plugins/com.st.stm32cube.ide.mcu.externaltools.gnu-tools-for-stm32.13.3.rel1.win32_1.0.0.202411081344/tools/bin/../lib/gcc/arm-none-eabi/13.3.1/../../../../arm-none-eabi/lib/thumb/v7e-m+fp/hard\libc_nano.a(libc_a-closer.o)
                              C:/ST/STM32CubeIDE_1.7.0/STM32CubeIDE/plugins/com.st.stm32cube.ide.mcu.externaltools.gnu-tools-for-stm32.13.3.rel1.win32_1.0.0.202411081344/tools/bin/../lib/gcc/arm-none-eabi/13.3.1/../../../../arm-none-eabi/lib/thumb/v7e-m+fp/hard\libc_nano.a(libc_a-stdio.o) (_close_r)
C:/ST/STM32CubeIDE_1.7.0/STM32CubeIDE/plugins/com.st.stm32cube.ide.mcu.externaltools.gnu-tools-for-stm32.13.3.rel1.win32_1.0.0.202411081344/tools/bin/../lib/gcc/arm-none-eabi/13.3.1/../../../../arm-none-eabi/lib/thumb/v7e-m+fp/hard\libc_nano.a(libc_a-reent.o)
                              ./Middlewares/Third_Party/FreeRTOS/Source/tasks.o (_reclaim_reent)
[...]
Memory Configuration

Name             Origin             Length             Attributes
CCMRAM           0x10000000         0x00010000         xrw
RAM              0x20000000         0x00020000         xrw
FLASH            0x08000000         0x00100000         xr
*default*        0x00000000         0xffffffff

Linker script and memory map

LOAD C:/ST/STM32CubeIDE_1.7.0/STM32CubeIDE/plugins/com.st.stm32cube.ide.mcu.externaltools.gnu-tools-for-stm32.13.3.rel1.win32_1.0.0.202411081344/tools/bin/../lib/gcc/arm-none-eabi/13.3.1/thumb/v7e-m+fp/hard/crti.o
LOAD C:/ST/STM32CubeIDE_1.7.0/STM32CubeIDE/plugins/com.st.stm32cube.ide.mcu.externaltools.gnu-tools-for-stm32.13.3.rel1.win32_1.0.0.202411081344/tools/bin/../lib/gcc/arm-none-eabi/13.3.1/thumb/v7e-m+fp/hard/crtbegin.o
LOAD C:/ST/STM32CubeIDE_1.7.0/STM32CubeIDE/plugins/com.st.stm32cube.ide.mcu.externaltools.gnu-tools-for-stm32.13.3.rel1.win32_1.0.0.202411081344/tools/bin/../lib/gcc/arm-none-eabi/13.3.1/../../../../arm-none-eabi/lib/thumb/v7e-m+fp/hard/crt0.o
LOAD ./Core/Src/config/app_config.o
LOAD ./Core/Src/config/app_config_flash.o
LOAD ./Core/Src/config/app_state.o
LOAD ./Core/Src/freertos.o
LOAD ./Core/Src/log.o
LOAD ./Core/Src/main.o
LOAD ./Core/Src/stm32f4xx_hal_msp.o
LOAD ./Core/Src/stm32f4xx_hal_timebase_tim.o
LOAD ./Core/Src/stm32f4xx_it.o
LOAD ./Core/Src/syscalls.o
LOAD ./Core/Src/sysmem.o
LOAD ./Core/Src/system_stm32f4xx.o
LOAD ./Core/Src/m_env/m_env.o
LOAD ./Core/Src/m_env/m_flash.o
LOAD ./Core/Src/m_ether/ip_arp_udp_tcp.o
LOAD ./Core/Src/m_ether/m_ether.o
LOAD ./Core/Src/m_event/m_event_def.o
LOAD ./Core/Src/m_event/m_event_queue.o
LOAD ./Core/Src/m_menu/m_normal.o
LOAD ./Core/Src/m_serial/fpga_proc.o
LOAD ./Core/Src/m_serial/m_front.o
LOAD ./Core/Src/m_serial/m_remote.o
LOAD ./Core/Src/m_serial/m_serial.o
LOAD ./Core/Src/util/crc32_sw.o
LOAD ./Core/Startup/startup_stm32f405rgtx.o
LOAD ./Drivers/BSP/components/ethernet/Ethernet.o
LOAD ./Drivers/BSP/components/ethernet/dhcp.o
LOAD ./Drivers/BSP/components/ethernet/dnslkup.o
LOAD ./Drivers/BSP/components/ethernet/enc28j60.o
LOAD ./Drivers/STM32F4xx_HAL_Driver/Src/stm32f4xx_hal.o
LOAD ./Drivers/STM32F4xx_HAL_Driver/Src/stm32f4xx_hal_cortex.o
LOAD ./Drivers/STM32F4xx_HAL_Driver/Src/stm32f4xx_hal_dma.o
LOAD ./Drivers/STM32F4xx_HAL_Driver/Src/stm32f4xx_hal_dma_ex.o
LOAD ./Drivers/STM32F4xx_HAL_Driver/Src/stm32f4xx_hal_exti.o
LOAD ./Drivers/STM32F4xx_HAL_Driver/Src/stm32f4xx_hal_flash.o
LOAD ./Drivers/STM32F4xx_HAL_Driver/Src/stm32f4xx_hal_flash_ex.o
LOAD ./Drivers/STM32F4xx_HAL_Driver/Src/stm32f4xx_hal_flash_ramfunc.o
LOAD ./Drivers/STM32F4xx_HAL_Driver/Src/stm32f4xx_hal_gpio.o
LOAD ./Drivers/STM32F4xx_HAL_Driver/Src/stm32f4xx_hal_i2c.o
LOAD ./Drivers/STM32F4xx_HAL_Driver/Src/stm32f4xx_hal_i2c_ex.o
LOAD ./Drivers/STM32F4xx_HAL_Driver/Src/stm32f4xx_hal_iwdg.o
LOAD ./Drivers/STM32F4xx_HAL_Driver/Src/stm32f4xx_hal_pwr.o
LOAD ./Drivers/STM32F4xx_HAL_Driver/Src/stm32f4xx_hal_pwr_ex.o
LOAD ./Drivers/STM32F4xx_HAL_Driver/Src/stm32f4xx_hal_rcc.o
LOAD ./Drivers/STM32F4xx_HAL_Driver/Src/stm32f4xx_hal_rcc_ex.o
LOAD ./Drivers/STM32F4xx_HAL_Driver/Src/stm32f4xx_hal_spi.o
LOAD ./Drivers/STM32F4xx_HAL_Driver/Src/stm32f4xx_hal_tim.o
LOAD ./Drivers/STM32F4xx_HAL_Driver/Src/stm32f4xx_hal_tim_ex.o
LOAD ./Drivers/STM32F4xx_HAL_Driver/Src/stm32f4xx_hal_uart.o
LOAD ./Middlewares/Third_Party/FreeRTOS/Source/CMSIS_RTOS/cmsis_os.o
LOAD ./Middlewares/Third_Party/FreeRTOS/Source/croutine.o
LOAD ./Middlewares/Third_Party/FreeRTOS/Source/event_groups.o
LOAD ./Middlewares/Third_Party/FreeRTOS/Source/list.o
LOAD ./Middlewares/Third_Party/FreeRTOS/Source/queue.o
LOAD ./Middlewares/Third_Party/FreeRTOS/Source/stream_buffer.o
LOAD ./Middlewares/Third_Party/FreeRTOS/Source/tasks.o
LOAD ./Middlewares/Third_Party/FreeRTOS/Source/timers.o
LOAD ./Middlewares/Third_Party/FreeRTOS/Source/portable/GCC/ARM_CM4F/port.o
LOAD ./Middlewares/Third_Party/FreeRTOS/Source/portable/MemMang/heap_4.o
START GROUP
LOAD C:/ST/STM32CubeIDE_1.7.0/STM32CubeIDE/plugins/com.st.stm32cube.ide.mcu.externaltools.gnu-tools-for-stm32.13.3.rel1.win32_1.0.0.202411081344/tools/bin/../lib/gcc/arm-none-eabi/13.3.1/../../../../arm-none-eabi/lib/thumb/v7e-m+fp/hard\libc_nano.a
LOAD C:/ST/STM32CubeIDE_1.7.0/STM32CubeIDE/plugins/com.st.stm32cube.ide.mcu.externaltools.gnu-tools-for-stm32.13.3.rel1.win32_1.0.0.202411081344/tools/bin/../lib/gcc/arm-none-eabi/13.3.1/../../../../arm-none-eabi/lib/thumb/v7e-m+fp/hard\libm.a
END GROUP
START GROUP
LOAD C:/ST/STM32CubeIDE_1.7.0/STM32CubeIDE/plugins/com.st.stm32cube.ide.mcu.externaltools.gnu-tools-for-stm32.13.3.rel1.win32_1.0.0.202411081344/tools/bin/../lib/gcc/arm-none-eabi/13.3.1/thumb/v7e-m+fp/hard\libgcc.a
LOAD C:/ST/STM32CubeIDE_1.7.0/STM32CubeIDE/plugins/com.st.stm32cube.ide.mcu.externaltools.gnu-tools-for-stm32.13.3.rel1.win32_1.0.0.202411081344/tools/bin/../lib/gcc/arm-none-eabi/13.3.1/../../../../arm-none-eabi/lib/thumb/v7e-m+fp/hard\libc_nano.a
END GROUP
START GROUP
LOAD C:/ST/STM32CubeIDE_1.7.0/STM32CubeIDE/plugins/com.st.stm32cube.ide.mcu.externaltools.gnu-tools-for-stm32.13.3.rel1.win32_1.0.0.202411081344/tools/bin/../lib/gcc/arm-none-eabi/13.3.1/thumb/v7e-m+fp/hard\libgcc.a
LOAD C:/ST/STM32CubeIDE_1.7.0/STM32CubeIDE/plugins/com.st.stm32cube.ide.mcu.externaltools.gnu-tools-for-stm32.13.3.rel1.win32_1.0.0.202411081344/tools/bin/../lib/gcc/arm-none-eabi/13.3.1/../../../../arm-none-eabi/lib/thumb/v7e-m+fp/hard\libc_nano.a
LOAD C:/ST/STM32CubeIDE_1.7.0/STM32CubeIDE/plugins/com.st.stm32cube.ide.mcu.externaltools.gnu-tools-for-stm32.13.3.rel1.win32_1.0.0.202411081344/tools/bin/../lib/gcc/arm-none-eabi/13.3.1/../../../../arm-none-eabi/lib/thumb/v7e-m+fp/hard\libnosys.a
END GROUP
START GROUP
LOAD C:/ST/STM32CubeIDE_1.7.0/STM32CubeIDE/plugins/com.st.stm32cube.ide.mcu.externaltools.gnu-tools-for-stm32.13.3.rel1.win32_1.0.0.202411081344/tools/bin/../lib/gcc/arm-none-eabi/13.3.1/thumb/v7e-m+fp/hard\libgcc.a
LOAD C:/ST/STM32CubeIDE_1.7.0/STM32CubeIDE/plugins/com.st.stm32cube.ide.mcu.externaltools.gnu-tools-for-stm32.13.3.rel1.win32_1.0.0.202411081344/tools/bin/../lib/gcc/arm-none-eabi/13.3.1/../../../../arm-none-eabi/lib/thumb/v7e-m+fp/hard\libc_nano.a
LOAD C:/ST/STM32CubeIDE_1.7.0/STM32CubeIDE/plugins/com.st.stm32cube.ide.mcu.externaltools.gnu-tools-for-stm32.13.3.rel1.win32_1.0.0.202411081344/tools/bin/../lib/gcc/arm-none-eabi/13.3.1/../../../../arm-none-eabi/lib/thumb/v7e-m+fp/hard\libnosys.a
END GROUP
LOAD C:/ST/STM32CubeIDE_1.7.0/STM32CubeIDE/plugins/com.st.stm32cube.ide.mcu.externaltools.gnu-tools-for-stm32.13.3.rel1.win32_1.0.0.202411081344/tools/bin/../lib/gcc/arm-none-eabi/13.3.1/thumb/v7e-m+fp/hard/crtend.o
LOAD C:/ST/STM32CubeIDE_1.7.0/STM32CubeIDE/plugins/com.st.stm32cube.ide.mcu.externaltools.gnu-tools-for-stm32.13.3.rel1.win32_1.0.0.202411081344/tools/bin/../lib/gcc/arm-none-eabi/13.3.1/thumb/v7e-m+fp/hard/crtn.o
                0x20020000                        _estack = (ORIGIN (RAM) + LENGTH (RAM))
                0x00000200                        _Min_Heap_Size = 0x200
                0x00000400                        _Min_Stack_Size = 0x400

.isr_vector     0x08000000      0x188
                0x08000000                        . = ALIGN (0x4)
 *(.isr_vector)
 .isr_vector    0x08000000      0x188 ./Core/Startup/startup_stm32f405rgtx.o
                0x08000000                g_pfnVectors
                0x08000188                        . = ALIGN (0x4)

.text           0x08000190     0xee00
                0x08000190                        . = ALIGN (0x4)
 *(.text)
 .text          0x08000190       0x40 C:/ST/STM32CubeIDE_1.7.0/STM32CubeIDE/plugins/com.st.stm32cube.ide.mcu.externaltools.gnu-tools-for-stm32.13.3.rel1.win32_1.0.0.202411081344/tools/bin/../lib/gcc/arm-none-eabi/13.3.1/thumb/v7e-m+fp/hard/crtbegin.o
 .text          0x080001d0       0x10 C:/ST/STM32CubeIDE_1.7.0/STM32CubeIDE/plugins/com.st.stm32cube.ide.mcu.externaltools.gnu-tools-for-stm32.13.3.rel1.win32_1.0.0.202411081344/tools/bin/../lib/gcc/arm-none-eabi/13.3.1/../../../../arm-none-eabi/lib/thumb/v7e-m+fp/hard\libc_nano.a(libc_a-strlen.o)
                0x080001d0                strlen
 .text          0x080001e0       0xa0 C:/ST/STM32CubeIDE_1.7.0/STM32CubeIDE/plugins/com.st.stm32cube.ide.mcu.externaltools.gnu-tools-for-stm32.13.3.rel1.win32_1.0.0.202411081344/tools/bin/../lib/gcc/arm-none-eabi/13.3.1/../../../../arm-none-eabi/lib/thumb/v7e-m+fp/hard\libc_nano.a(libc_a-memchr.o)
                0x080001e0                memchr
 .text          0x08000280       0x30 C:/ST/STM32CubeIDE_1.7.0/STM32CubeIDE/plugins/com.st.stm32cube.ide.mcu.externaltools.gnu-tools-for-stm32.13.3.rel1.win32_1.0.0.202411081344/tools/bin/../lib/gcc/arm-none-eabi/13.3.1/thumb/v7e-m+fp/hard\libgcc.a(_aeabi_uldivmod.o)
                0x08000280                __aeabi_uldivmod
 .text          0x080002b0      0x2f8 C:/ST/STM32CubeIDE_1.7.0/STM32CubeIDE/plugins/com.st.stm32cube.ide.mcu.externaltools.gnu-tools-for-stm32.13.3.rel1.win32_1.0.0.202411081344/tools/bin/../lib/gcc/arm-none-eabi/13.3.1/thumb/v7e-m+fp/hard\libgcc.a(_udivmoddi4.o)
                0x080002b0                __udivmoddi4
 .text          0x080005a8        0x4 C:/ST/STM32CubeIDE_1.7.0/STM32CubeIDE/plugins/com.st.stm32cube.ide.mcu.externaltools.gnu-tools-for-stm32.13.3.rel1.win32_1.0.0.202411081344/tools/bin/../lib/gcc/arm-none-eabi/13.3.1/thumb/v7e-m+fp/hard\libgcc.a(_dvmd_tls.o)
                0x080005a8                __aeabi_idiv0
                0x080005a8                __aeabi_ldiv0
 *(.text*)
 .text.push_event0
                0x080005ac       0x28 ./Core/Src/config/app_config.o
 .text.app_config_init
                0x080005d4       0xac ./Core/Src/config/app_config.o
                0x080005d4                app_config_init
 .text.app_config_reset
                0x08000680       0x9c ./Core/Src/config/app_config.o
                0x08000680                app_config_reset
 .text.app_config_save_dbg
                0x0800071c       0x8c ./Core/Src/config/app_config.o
                0x0800071c                app_config_save_dbg
 .text.app_config_flash_config_store
                0x080007a8      0x178 ./Core/Src/config/app_config_flash.o
                0x080007a8                app_config_flash_config_store
 .text.app_config_flash_config_load
                0x08000920       0xb8 ./Core/Src/config/app_config_flash.o
                0x08000920                app_config_flash_config_load
 .text.set_default_fgpa_value
                0x080009d8       0x80 ./Core/Src/config/app_config_flash.o
 .text.app_config_flash_renew
                0x08000a58      0x154 ./Core/Src/config/app_config_flash.o
                0x08000a58                app_config_flash_renew
 .text.app_config_flash_init
                0x08000bac      0x1a8 ./Core/Src/config/app_config_flash.o
                0x08000bac                app_config_flash_init
 .text.app_state_init
                0x08000d54       0x48 ./Core/Src/config/app_state.o
                0x08000d54                app_state_init
 .text.vApplicationGetIdleTaskMemory
                0x08000d9c       0x34 ./Core/Src/freertos.o
                0x08000d9c                vApplicationGetIdleTaskMemory
 .text.vApplicationGetTimerTaskMemory
                0x08000dd0       0x34 ./Core/Src/freertos.o
                0x08000dd0                vApplicationGetTimerTaskMemory
 .text.Printf   0x08000e04       0x68 ./Core/Src/log.o
                0x08000e04                Printf
 .text.hex_dump_line_print
                0x08000e6c       0x58 ./Core/Src/log.o
 .text.dump_printf
                0x08000ec4       0x50 ./Core/Src/log.o
                0x08000ec4                dump_printf
 .text.Debug_Init
                0x08000f14       0x34 ./Core/Src/log.o
                0x08000f14                Debug_Init
 .text.push_event0
                0x08000f48       0x28 ./Core/Src/main.o
 .text.get_model
                0x08000f70       0x14 ./Core/Src/main.o
                0x08000f70                get_model
 .text.banner   0x08000f84      0x25c ./Core/Src/main.o
 .text.Initialize
                0x080011e0      0x158 ./Core/Src/main.o
                0x080011e0                Initialize
 .text.main     0x08001338       0xd4 ./Core/Src/main.o
                0x08001338                main
 .text.SystemClock_Config
                0x0800140c       0xd8 ./Core/Src/main.o
                0x0800140c                SystemClock_Config
 .text.MX_I2C1_Init
                0x080014e4       0x5c ./Core/Src/main.o
 .text.MX_IWDG_Init
                0x08001540       0x34 ./Core/Src/main.o
 .text.MX_SPI1_Init
                0x08001574       0x6c ./Core/Src/main.o
 .text.MX_USART1_UART_Init
                0x080015e0       0x54 ./Core/Src/main.o
 .text.MX_USART2_UART_Init
                0x08001634       0x54 ./Core/Src/main.o
 .text.MX_USART3_UART_Init
                0x08001688       0x54 ./Core/Src/main.o
 .text.MX_USART6_UART_Init
                0x080016dc       0x54 ./Core/Src/main.o
 .text.MX_GPIO_Init
                0x08001730      0x148 ./Core/Src/main.o
 .text.evt_handler
                0x08001878       0x18 ./Core/Src/main.o
 .text.eventTask
                0x08001890       0x58 ./Core/Src/main.o
                0x08001890                eventTask
 .text.optimerCb
                0x080018e8       0x1c ./Core/Src/main.o
                0x080018e8                optimerCb
 .text.HAL_TIM_PeriodElapsedCallback
                0x08001904       0x24 ./Core/Src/main.o
                0x08001904                HAL_TIM_PeriodElapsedCallback
 .text.Error_Handler
                0x08001928        0xc ./Core/Src/main.o
                0x08001928                Error_Handler
 .text.HAL_MspInit
                0x08001934       0x58 ./Core/Src/stm32f4xx_hal_msp.o
                0x08001934                HAL_MspInit
 .text.HAL_I2C_MspInit
                0x0800198c       0x90 ./Core/Src/stm32f4xx_hal_msp.o
                0x0800198c                HAL_I2C_MspInit
 .text.HAL_SPI_MspInit
                0x08001a1c       0x90 ./Core/Src/stm32f4xx_hal_msp.o
                0x08001a1c                HAL_SPI_MspInit
 .text.HAL_UART_MspInit
                0x08001aac      0x200 ./Core/Src/stm32f4xx_hal_msp.o
                0x08001aac                HAL_UART_MspInit
 .text.HAL_InitTick
                0x08001cac       0xf8 ./Core/Src/stm32f4xx_hal_timebase_tim.o
                0x08001cac                HAL_InitTick
 .text.NMI_Handler
                0x08001da4        0x8 ./Core/Src/stm32f4xx_it.o
                0x08001da4                NMI_Handler
 .text.HardFault_Handler
                0x08001dac        0x8 ./Core/Src/stm32f4xx_it.o
                0x08001dac                HardFault_Handler
 .text.MemManage_Handler
                0x08001db4        0x8 ./Core/Src/stm32f4xx_it.o
                0x08001db4                MemManage_Handler
 .text.BusFault_Handler
                0x08001dbc        0x8 ./Core/Src/stm32f4xx_it.o
                0x08001dbc                BusFault_Handler
 .text.UsageFault_Handler
                0x08001dc4        0x8 ./Core/Src/stm32f4xx_it.o
                0x08001dc4                UsageFault_Handler
 .text.DebugMon_Handler
                0x08001dcc        0xe ./Core/Src/stm32f4xx_it.o
                0x08001dcc                DebugMon_Handler
 *fill*         0x08001dda        0x2 
 .text.USART1_IRQHandler
                0x08001ddc       0x14 ./Core/Src/stm32f4xx_it.o
                0x08001ddc                USART1_IRQHandler
 .text.USART2_IRQHandler
                0x08001df0       0x14 ./Core/Src/stm32f4xx_it.o
                0x08001df0                USART2_IRQHandler
 .text.TIM6_DAC_IRQHandler
                0x08001e04       0x14 ./Core/Src/stm32f4xx_it.o
                0x08001e04                TIM6_DAC_IRQHandler
 .text.USART6_IRQHandler
                0x08001e18       0x14 ./Core/Src/stm32f4xx_it.o
                0x08001e18                USART6_IRQHandler
 .text._sbrk    0x08001e2c       0x6c ./Core/Src/sysmem.o
                0x08001e2c                _sbrk
 .text.SystemInit
                0x08001e98       0x24 ./Core/Src/system_stm32f4xx.o
                0x08001e98                SystemInit
 .text.m_dipsw_read_Channel
                0x08001ebc       0x10 ./Core/Src/m_env/m_env.o
                0x08001ebc                m_dipsw_read_Channel
 .text.m_env_e2p_write
                0x08001ecc       0x70 ./Core/Src/m_env/m_env.o
                0x08001ecc                m_env_e2p_write
 .text.m_env_e2p_read
                0x08001f3c       0x70 ./Core/Src/m_env/m_env.o
                0x08001f3c                m_env_e2p_read
 .text.checksum
                0x08001fac       0xa6 ./Core/Src/m_ether/ip_arp_udp_tcp.o
                0x08001fac                checksum
 *fill*         0x08002052        0x2 
 .text.init_ip_arp_udp_tcp
                0x08002054       0x80 ./Core/Src/m_ether/ip_arp_udp_tcp.o
                0x08002054                init_ip_arp_udp_tcp
 .text.check_ip_message_is_from
                0x080020d4       0x46 ./Core/Src/m_ether/ip_arp_udp_tcp.o
                0x080020d4                check_ip_message_is_from
 *fill*         0x0800211a        0x2 
 .text.eth_type_is_arp_and_my_ip
                0x0800211c       0x6c ./Core/Src/m_ether/ip_arp_udp_tcp.o
                0x0800211c                eth_type_is_arp_and_my_ip
 .text.eth_type_is_ip_and_my_ip
                0x08002188       0x78 ./Core/Src/m_ether/ip_arp_udp_tcp.o
                0x08002188                eth_type_is_ip_and_my_ip
 .text.make_eth
                0x08002200       0x54 ./Core/Src/m_ether/ip_arp_udp_tcp.o
                0x08002200                make_eth
 .text.fill_ip_hdr_checksum
                0x08002254       0x62 ./Core/Src/m_ether/ip_arp_udp_tcp.o
                0x08002254                fill_ip_hdr_checksum
 *fill*         0x080022b6        0x2 
 .text.make_ip  0x080022b8       0x58 ./Core/Src/m_ether/ip_arp_udp_tcp.o
                0x080022b8                make_ip
 .text.step_seq
                0x08002310       0x82 ./Core/Src/m_ether/ip_arp_udp_tcp.o
                0x08002310                step_seq
 .text.make_tcphead
                0x08002392       0x74 ./Core/Src/m_ether/ip_arp_udp_tcp.o
                0x08002392                make_tcphead
 *fill*         0x08002406        0x2 
 .text.make_arp_answer_from_request
                0x08002408       0xb0 ./Core/Src/m_ether/ip_arp_udp_tcp.o
                0x08002408                make_arp_answer_from_request
 .text.make_echo_reply_from_request
                0x080024b8       0x58 ./Core/Src/m_ether/ip_arp_udp_tcp.o
                0x080024b8                make_echo_reply_from_request
 .text.make_tcp_synack_from_syn
                0x08002510       0xdc ./Core/Src/m_ether/ip_arp_udp_tcp.o
                0x08002510                make_tcp_synack_from_syn
 .text.get_tcp_data_len
                0x080025ec       0x58 ./Core/Src/m_ether/ip_arp_udp_tcp.o
                0x080025ec                get_tcp_data_len
 .text.make_tcp_ack_from_any
                0x08002644       0xbc ./Core/Src/m_ether/ip_arp_udp_tcp.o
                0x08002644                make_tcp_ack_from_any
 .text.make_tcp_ack_with_data_noflags
                0x08002700       0x86 ./Core/Src/m_ether/ip_arp_udp_tcp.o
                0x08002700                make_tcp_ack_with_data_noflags
 *fill*         0x08002786        0x2 
 .text.wb_server_reply
                0x08002788       0x3c ./Core/Src/m_ether/ip_arp_udp_tcp.o
                0x08002788                wb_server_reply
 .text.fill_buf_p
                0x080027c4       0x3e ./Core/Src/m_ether/ip_arp_udp_tcp.o
                0x080027c4                fill_buf_p
 *fill*         0x08002802        0x2 
 .text.client_arp_whohas
                0x08002804       0xf0 ./Core/Src/m_ether/ip_arp_udp_tcp.o
                0x08002804                client_arp_whohas
 .text.client_store_gw_mac
                0x080028f4       0x70 ./Core/Src/m_ether/ip_arp_udp_tcp.o
                0x080028f4                client_store_gw_mac
 .text.client_set_gwip
                0x08002964       0x44 ./Core/Src/m_ether/ip_arp_udp_tcp.o
                0x08002964                client_set_gwip
 .text.client_syn
                0x080029a8      0x1c0 ./Core/Src/m_ether/ip_arp_udp_tcp.o
                0x080029a8                client_syn
 .text.packetloop_icmp_tcp
                0x08002b68      0x4e8 ./Core/Src/m_ether/ip_arp_udp_tcp.o
                0x08002b68                packetloop_icmp_tcp
 .text.read_mac_addr
                0x08003050       0x90 ./Core/Src/m_ether/m_ether.o
 .text.read_packet
                0x080030e0       0x6c ./Core/Src/m_ether/m_ether.o
 .text.ethernet_init
                0x0800314c      0x100 ./Core/Src/m_ether/m_ether.o
 .text.ENC28J60_DelayUs
                0x0800324c       0x28 ./Core/Src/m_ether/m_ether.o
                0x0800324c                ENC28J60_DelayUs
 .text.ENC28J60_DelayMs
                0x08003274       0x16 ./Core/Src/m_ether/m_ether.o
                0x08003274                ENC28J60_DelayMs
 *fill*         0x0800328a        0x2 
 .text.ENC28J60_EnableChip
                0x0800328c       0x18 ./Core/Src/m_ether/m_ether.o
                0x0800328c                ENC28J60_EnableChip
 .text.ENC28J60_DisableChip
                0x080032a4       0x18 ./Core/Src/m_ether/m_ether.o
                0x080032a4                ENC28J60_DisableChip
 .text.ENC28J60_TransceiveByte
                0x080032bc       0x5c ./Core/Src/m_ether/m_ether.o
                0x080032bc                ENC28J60_TransceiveByte
 .text.m_eth_write_mac_ipaddr
                0x08003318      0x128 ./Core/Src/m_ether/m_ether.o
                0x08003318                m_eth_write_mac_ipaddr
 .text.read_ipnet
                0x08003440       0x30 ./Core/Src/m_ether/m_ether.o
 .text.onWriteIPAddress
                0x08003470       0xb0 ./Core/Src/m_ether/m_ether.o
 .text.On_set_mode
                0x08003520       0x40 ./Core/Src/m_ether/m_ether.o
 .text.m_eth_set_prev_set_mode
                0x08003560       0x1a ./Core/Src/m_ether/m_ether.o
                0x08003560                m_eth_set_prev_set_mode
 *fill*         0x0800357a        0x2 
 .text.EthernetTask
                0x0800357c       0x48 ./Core/Src/m_ether/m_ether.o
                0x0800357c                EthernetTask
 .text.evt_handler
                0x080035c4       0x4e ./Core/Src/m_ether/m_ether.o
 *fill*         0x08003612        0x2 
 .text.EthernetInit
                0x08003614      0x19c ./Core/Src/m_ether/m_ether.o
                0x08003614                EthernetInit
 .text.m_event_register
                0x080037b0       0x54 ./Core/Src/m_event/m_event_queue.o
                0x080037b0                m_event_register
 .text.m_event_push
                0x08003804      0x120 ./Core/Src/m_event/m_event_queue.o
                0x08003804                m_event_push
 .text.__free_event
                0x08003924       0x36 ./Core/Src/m_event/m_event_queue.o
 *fill*         0x0800395a        0x2 
 .text.m_event_dispatch
                0x0800395c       0xbc ./Core/Src/m_event/m_event_queue.o
                0x0800395c                m_event_dispatch
 .text.m_event_init
                0x08003a18       0x5c ./Core/Src/m_event/m_event_queue.o
                0x08003a18                m_event_init
 .text.push_event0
                0x08003a74       0x28 ./Core/Src/m_menu/m_normal.o
 .text.on_measure
                0x08003a9c       0x60 ./Core/Src/m_menu/m_normal.o
                0x08003a9c                on_measure
 .text.onPushTcpData
                0x08003afc       0x38 ./Core/Src/m_menu/m_normal.o
 .text.onSaveConfg
                0x08003b34       0xa0 ./Core/Src/m_menu/m_normal.o
 .text.onStartStrobe
                0x08003bd4      0x280 ./Core/Src/m_menu/m_normal.o
 .text.onStartSelfTest
                0x08003e54       0xc4 ./Core/Src/m_menu/m_normal.o
 .text.onSetDeviceID
                0x08003f18       0x20 ./Core/Src/m_menu/m_normal.o
 .text.check_test_done
                0x08003f38       0x44 ./Core/Src/m_menu/m_normal.o
 .text.demo1st  0x08003f7c       0x70 ./Core/Src/m_menu/m_normal.o
 .text.demo2nd  0x08003fec       0xc0 ./Core/Src/m_menu/m_normal.o
 .text.demo3rd  0x080040ac       0x38 ./Core/Src/m_menu/m_normal.o
 .text.runDemoTest
                0x080040e4       0x68 ./Core/Src/m_menu/m_normal.o
 .text.DemoProcTask
                0x0800414c       0xb0 ./Core/Src/m_menu/m_normal.o
 .text.evt_handler
                0x080041fc      0x158 ./Core/Src/m_menu/m_normal.o
 .text.m_menu_normal_init
                0x08004354      0x170 ./Core/Src/m_menu/m_normal.o
                0x08004354                m_menu_normal_init
 .text.fpga_push_buf
                0x080044c4       0x64 ./Core/Src/m_serial/fpga_proc.o
                0x080044c4                fpga_push_buf
 .text.pop_fpga_buf
                0x08004528       0x58 ./Core/Src/m_serial/fpga_proc.o
                0x08004528                pop_fpga_buf
 .text.fpga_set_output_channel
                0x08004580       0xe4 ./Core/Src/m_serial/fpga_proc.o
                0x08004580                fpga_set_output_channel
 .text.fpga_set_input_channel
                0x08004664       0xc0 ./Core/Src/m_serial/fpga_proc.o
                0x08004664                fpga_set_input_channel
 .text.fpga_set_mode
                0x08004724       0x70 ./Core/Src/m_serial/fpga_proc.o
                0x08004724                fpga_set_mode
 .text.fpga_select_output
                0x08004794       0x6c ./Core/Src/m_serial/fpga_proc.o
                0x08004794                fpga_select_output
 .text.fpga_select_edge
                0x08004800       0x5c ./Core/Src/m_serial/fpga_proc.o
                0x08004800                fpga_select_edge
 .text.fpga_set_delay_time
                0x0800485c       0xa0 ./Core/Src/m_serial/fpga_proc.o
                0x0800485c                fpga_set_delay_time
 .text.fpga_set_on_time
                0x080048fc       0x6c ./Core/Src/m_serial/fpga_proc.o
                0x080048fc                fpga_set_on_time
 .text.fpga_set_duty_time
                0x08004968       0x6c ./Core/Src/m_serial/fpga_proc.o
                0x08004968                fpga_set_duty_time
 .text.fpga_set_period_time
                0x080049d4       0x84 ./Core/Src/m_serial/fpga_proc.o
                0x080049d4                fpga_set_period_time
 .text.fpga_set_trigger_order
                0x08004a58       0xd8 ./Core/Src/m_serial/fpga_proc.o
                0x08004a58                fpga_set_trigger_order
 .text.fpga_set_Group_input
                0x08004b30       0xc8 ./Core/Src/m_serial/fpga_proc.o
                0x08004b30                fpga_set_Group_input
 .text.fpga_set_Group_output
                0x08004bf8       0xc8 ./Core/Src/m_serial/fpga_proc.o
                0x08004bf8                fpga_set_Group_output
 .text.onTriggerCtrl
                0x08004cc0       0x20 ./Core/Src/m_serial/fpga_proc.o
 .text.parse_packet
                0x08004ce0       0x2a ./Core/Src/m_serial/fpga_proc.o
 *fill*         0x08004d0a        0x2 
 .text.fpga_set_factory_reset
                0x08004d0c      0x198 ./Core/Src/m_serial/fpga_proc.o
                0x08004d0c                fpga_set_factory_reset
 .text.fpga_get_trigger_status
                0x08004ea4       0x28 ./Core/Src/m_serial/fpga_proc.o
                0x08004ea4                fpga_get_trigger_status
 .text.evt_handler
                0x08004ecc       0x4c ./Core/Src/m_serial/fpga_proc.o
 .text.FpgaProcTask
                0x08004f18      0x138 ./Core/Src/m_serial/fpga_proc.o
 .text.fpga_proc_init
                0x08005050       0x60 ./Core/Src/m_serial/fpga_proc.o
                0x08005050                fpga_proc_init
 .text.push_event0
                0x080050b0       0x28 ./Core/Src/m_serial/m_front.o
 .text.push_event1
                0x080050d8       0x2a ./Core/Src/m_serial/m_front.o
 .text.push_event0_param
                0x08005102       0x2c ./Core/Src/m_serial/m_front.o
 *fill*         0x0800512e        0x2 
 .text.reset_queue
                0x08005130       0x20 ./Core/Src/m_serial/m_front.o
 .text.front_push_buf
                0x08005150       0x58 ./Core/Src/m_serial/m_front.o
                0x08005150                front_push_buf
 .text.pop_buf  0x080051a8       0x58 ./Core/Src/m_serial/m_front.o
 .text.find_cmd
                0x08005200       0x98 ./Core/Src/m_serial/m_front.o
 .text.parse_front_cmd
                0x08005298      0x118 ./Core/Src/m_serial/m_front.o
 .text.send_version
                0x080053b0       0x54 ./Core/Src/m_serial/m_front.o
 .text.frontTask
                0x08005404       0xb0 ./Core/Src/m_serial/m_front.o
                0x08005404                frontTask
 .text.m_front_update_trigger_status
                0x080054b4       0x38 ./Core/Src/m_serial/m_front.o
                0x080054b4                m_front_update_trigger_status
 .text.m_front_response
                0x080054ec       0x38 ./Core/Src/m_serial/m_front.o
                0x080054ec                m_front_response
 .text.m_front_init
                0x08005524       0x40 ./Core/Src/m_serial/m_front.o
                0x08005524                m_front_init
 .text.push_event0
                0x08005564       0x28 ./Core/Src/m_serial/m_remote.o
 .text.push_event1
                0x0800558c       0x2a ./Core/Src/m_serial/m_remote.o
 *fill*         0x080055b6        0x2 
 .text.remote_push_buf
                0x080055b8       0xb8 ./Core/Src/m_serial/m_remote.o
                0x080055b8                remote_push_buf
 .text.remote_pop_buf
                0x08005670       0x58 ./Core/Src/m_serial/m_remote.o
                0x08005670                remote_pop_buf
 .text.On_set_mode
                0x080056c8       0x7c ./Core/Src/m_serial/m_remote.o
 .text.m_remote_set_prev_mode
                0x08005744       0x3c ./Core/Src/m_serial/m_remote.o
                0x08005744                m_remote_set_prev_mode
 .text.m_remote_response
                0x08005780       0x50 ./Core/Src/m_serial/m_remote.o
                0x08005780                m_remote_response
 .text.parse_command
                0x080057d0      0x6c4 ./Core/Src/m_serial/m_remote.o
 .text.m_remote_front_parser
                0x08005e94       0x22 ./Core/Src/m_serial/m_remote.o
                0x08005e94                m_remote_front_parser
 *fill*         0x08005eb6        0x2 
 .text.m_remote_eth_parser
                0x08005eb8      0x118 ./Core/Src/m_serial/m_remote.o
                0x08005eb8                m_remote_eth_parser
 .text.RemoteProcTask
                0x08005fd0       0xe4 ./Core/Src/m_serial/m_remote.o
 .text.evt_handler
                0x080060b4       0x2a ./Core/Src/m_serial/m_remote.o
 *fill*         0x080060de        0x2 
 .text.remote_proc_init
                0x080060e0       0x88 ./Core/Src/m_serial/m_remote.o
                0x080060e0                remote_proc_init
 .text.HAL_UART_RxCpltCallback
                0x08006168       0x94 ./Core/Src/m_serial/m_serial.o
                0x08006168                HAL_UART_RxCpltCallback
 .text.HAL_UART_TxCpltCallback
                0x080061fc       0x20 ./Core/Src/m_serial/m_serial.o
                0x080061fc                HAL_UART_TxCpltCallback
 .text.m_serial_send
                0x0800621c      0x1a4 ./Core/Src/m_serial/m_serial.o
                0x0800621c                m_serial_send
 .text.m_serial_SendPC
                0x080063c0       0x1a ./Core/Src/m_serial/m_serial.o
                0x080063c0                m_serial_SendPC
 *fill*         0x080063da        0x2 
 .text.m_serial_init
                0x080063dc       0xd8 ./Core/Src/m_serial/m_serial.o
                0x080063dc                m_serial_init
 .text.crc32_ieee
                0x080064b4       0x1e ./Core/Src/util/crc32_sw.o
                0x080064b4                crc32_ieee
 *fill*         0x080064d2        0x2 
 .text.crc32_ieee_update
                0x080064d4       0x7c ./Core/Src/util/crc32_sw.o
                0x080064d4                crc32_ieee_update
 .text.Reset_Handler
                0x08006550       0x50 ./Core/Startup/startup_stm32f405rgtx.o
                0x08006550                Reset_Handler
 .text.Default_Handler
                0x080065a0        0x2 ./Core/Startup/startup_stm32f405rgtx.o
                0x080065a0                RTC_Alarm_IRQHandler
                0x080065a0                HASH_RNG_IRQHandler
                0x080065a0                EXTI2_IRQHandler
                0x080065a0                TIM8_CC_IRQHandler
                0x080065a0                TIM1_CC_IRQHandler
                0x080065a0                DMA2_Stream5_IRQHandler
                0x080065a0                DMA1_Stream5_IRQHandler
                0x080065a0                PVD_IRQHandler
                0x080065a0                SDIO_IRQHandler
                0x080065a0                TAMP_STAMP_IRQHandler
                0x080065a0                CAN2_RX1_IRQHandler
                0x080065a0                EXTI3_IRQHandler
                0x080065a0                TIM8_TRG_COM_TIM14_IRQHandler
                0x080065a0                TIM1_UP_TIM10_IRQHandler
                0x080065a0                TIM8_UP_TIM13_IRQHandler
                0x080065a0                I2C3_ER_IRQHandler
                0x080065a0                EXTI0_IRQHandler
                0x080065a0                I2C2_EV_IRQHandler
                0x080065a0                DMA1_Stream2_IRQHandler
                0x080065a0                CAN1_RX0_IRQHandler
                0x080065a0                FPU_IRQHandler
                0x080065a0                OTG_HS_WKUP_IRQHandler
                0x080065a0                CAN2_SCE_IRQHandler
                0x080065a0                DMA2_Stream2_IRQHandler
                0x080065a0                SPI1_IRQHandler
                0x080065a0                TIM1_BRK_TIM9_IRQHandler
                0x080065a0                CAN2_RX0_IRQHandler
                0x080065a0                DMA2_Stream3_IRQHandler
                0x080065a0                USART3_IRQHandler
                0x080065a0                CAN1_RX1_IRQHandler
                0x080065a0                UART5_IRQHandler
                0x080065a0                DMA2_Stream0_IRQHandler
                0x080065a0                TIM4_IRQHandler
                0x080065a0                I2C1_EV_IRQHandler
                0x080065a0                DMA1_Stream6_IRQHandler
                0x080065a0                DMA1_Stream1_IRQHandler
                0x080065a0                UART4_IRQHandler
                0x080065a0                TIM3_IRQHandler
                0x080065a0                RCC_IRQHandler
                0x080065a0                TIM8_BRK_TIM12_IRQHandler
                0x080065a0                Default_Handler
                0x080065a0                EXTI15_10_IRQHandler
                0x080065a0                ADC_IRQHandler
                0x080065a0                DMA1_Stream7_IRQHandler
                0x080065a0                TIM7_IRQHandler
                0x080065a0                CAN2_TX_IRQHandler
                0x080065a0                TIM5_IRQHandler
                0x080065a0                DMA2_Stream7_IRQHandler
                0x080065a0                I2C3_EV_IRQHandler
                0x080065a0                EXTI9_5_IRQHandler
                0x080065a0                RTC_WKUP_IRQHandler
                0x080065a0                SPI2_IRQHandler
                0x080065a0                OTG_HS_EP1_IN_IRQHandler
                0x080065a0                DMA1_Stream0_IRQHandler
                0x080065a0                CAN1_TX_IRQHandler
                0x080065a0                EXTI4_IRQHandler
                0x080065a0                FSMC_IRQHandler
                0x080065a0                OTG_HS_EP1_OUT_IRQHandler
                0x080065a0                WWDG_IRQHandler
                0x080065a0                TIM2_IRQHandler
                0x080065a0                OTG_FS_WKUP_IRQHandler
                0x080065a0                TIM1_TRG_COM_TIM11_IRQHandler
                0x080065a0                OTG_HS_IRQHandler
                0x080065a0                EXTI1_IRQHandler
                0x080065a0                I2C2_ER_IRQHandler
                0x080065a0                DMA2_Stream1_IRQHandler
                0x080065a0                CAN1_SCE_IRQHandler
                0x080065a0                FLASH_IRQHandler
                0x080065a0                DMA2_Stream4_IRQHandler
                0x080065a0                OTG_FS_IRQHandler
                0x080065a0                SPI3_IRQHandler
                0x080065a0                DMA1_Stream4_IRQHandler
                0x080065a0                I2C1_ER_IRQHandler
                0x080065a0                DMA2_Stream6_IRQHandler
                0x080065a0                DMA1_Stream3_IRQHandler
 .text.Ethernet_Init
                0x080065a2       0x68 ./Drivers/BSP/components/ethernet/Ethernet.o
                0x080065a2                Ethernet_Init
 .text.Ethernet_Revision
                0x0800660a        0xe ./Drivers/BSP/components/ethernet/Ethernet.o
                0x0800660a                Ethernet_Revision
 .text.Ethernet_PacketReceive
                0x08006618       0x20 ./Drivers/BSP/components/ethernet/Ethernet.o
                0x08006618                Ethernet_PacketReceive
 .text.Ethernet_init_ip_arp_udp_tcp
                0x08006638       0x22 ./Drivers/BSP/components/ethernet/Ethernet.o
                0x08006638                Ethernet_init_ip_arp_udp_tcp
 .text.Ethernet_packetloop_icmp_tcp
                0x0800665a       0x20 ./Drivers/BSP/components/ethernet/Ethernet.o
                0x0800665a                Ethernet_packetloop_icmp_tcp
 .text.Ethernet_wb_server_reply
                0x0800667a       0x1e ./Drivers/BSP/components/ethernet/Ethernet.o
                0x0800667a                Ethernet_wb_server_reply
 .text.Ethernet_client_set_gwip
                0x08006698       0x16 ./Drivers/BSP/components/ethernet/Ethernet.o
                0x08006698                Ethernet_client_set_gwip
 .text.ENC28J60_ReadOp
                0x080066ae       0x58 ./Drivers/BSP/components/ethernet/enc28j60.o
                0x080066ae                ENC28J60_ReadOp
 .text.ENC28J60_WriteOp
                0x08006706       0x44 ./Drivers/BSP/components/ethernet/enc28j60.o
                0x08006706                ENC28J60_WriteOp
 .text.ENC28J60_ReadBuffer
                0x0800674a       0x3e ./Drivers/BSP/components/ethernet/enc28j60.o
                0x0800674a                ENC28J60_ReadBuffer
 .text.ENC28J60_ReadBufferWord
                0x08006788       0x1a ./Drivers/BSP/components/ethernet/enc28j60.o
 .text.ENC28J60_WriteBuffer
                0x080067a2       0x3c ./Drivers/BSP/components/ethernet/enc28j60.o
                0x080067a2                ENC28J60_WriteBuffer
 *fill*         0x080067de        0x2 
 .text.ENC28J60_SetBank
                0x080067e0       0x4c ./Drivers/BSP/components/ethernet/enc28j60.o
                0x080067e0                ENC28J60_SetBank
 .text.ENC28J60_Read
                0x0800682c       0x26 ./Drivers/BSP/components/ethernet/enc28j60.o
                0x0800682c                ENC28J60_Read
 .text.ENC28J60_WriteWord
                0x08006852       0x3c ./Drivers/BSP/components/ethernet/enc28j60.o
                0x08006852                ENC28J60_WriteWord
 .text.ENC28J60_PhyReadH
                0x0800688e       0x4c ./Drivers/BSP/components/ethernet/enc28j60.o
                0x0800688e                ENC28J60_PhyReadH
 .text.ENC28J60_Write
                0x080068da       0x2c ./Drivers/BSP/components/ethernet/enc28j60.o
                0x080068da                ENC28J60_Write
 .text.ENC28J60_PhyWrite
                0x08006906       0x58 ./Drivers/BSP/components/ethernet/enc28j60.o
                0x08006906                ENC28J60_PhyWrite
 .text.ENC28J60_Clkout
                0x0800695e       0x22 ./Drivers/BSP/components/ethernet/enc28j60.o
                0x0800695e                ENC28J60_Clkout
 .text.ENC28J60_Init
                0x08006980      0x134 ./Drivers/BSP/components/ethernet/enc28j60.o
                0x08006980                ENC28J60_Init
 .text.ENC28J60_Getrev
                0x08006ab4       0x26 ./Drivers/BSP/components/ethernet/enc28j60.o
                0x08006ab4                ENC28J60_Getrev
 .text.ENC28J60_Linkup
                0x08006ada       0x1c ./Drivers/BSP/components/ethernet/enc28j60.o
                0x08006ada                ENC28J60_Linkup
 .text.ENC28J60_PacketSend
                0x08006af6       0x86 ./Drivers/BSP/components/ethernet/enc28j60.o
                0x08006af6                ENC28J60_PacketSend
 .text.ENC28J60_PacketReceive
                0x08006b7c       0xc0 ./Drivers/BSP/components/ethernet/enc28j60.o
                0x08006b7c                ENC28J60_PacketReceive
 .text.HAL_Init
                0x08006c3c       0x44 ./Drivers/STM32F4xx_HAL_Driver/Src/stm32f4xx_hal.o
                0x08006c3c                HAL_Init
 .text.HAL_IncTick
                0x08006c80       0x28 ./Drivers/STM32F4xx_HAL_Driver/Src/stm32f4xx_hal.o
                0x08006c80                HAL_IncTick
 .text.HAL_GetTick
                0x08006ca8       0x18 ./Drivers/STM32F4xx_HAL_Driver/Src/stm32f4xx_hal.o
                0x08006ca8                HAL_GetTick
 .text.HAL_Delay
                0x08006cc0       0x48 ./Drivers/STM32F4xx_HAL_Driver/Src/stm32f4xx_hal.o
                0x08006cc0                HAL_Delay
 .text.__NVIC_SetPriorityGrouping
                0x08006d08       0x48 ./Drivers/STM32F4xx_HAL_Driver/Src/stm32f4xx_hal_cortex.o
 .text.__NVIC_GetPriorityGrouping
                0x08006d50       0x1c ./Drivers/STM32F4xx_HAL_Driver/Src/stm32f4xx_hal_cortex.o
 .text.__NVIC_EnableIRQ
                0x08006d6c       0x3c ./Drivers/STM32F4xx_HAL_Driver/Src/stm32f4xx_hal_cortex.o
 .text.__NVIC_SetPriority
                0x08006da8       0x54 ./Drivers/STM32F4xx_HAL_Driver/Src/stm32f4xx_hal_cortex.o
 .text.NVIC_EncodePriority
                0x08006dfc       0x66 ./Drivers/STM32F4xx_HAL_Driver/Src/stm32f4xx_hal_cortex.o
 *fill*         0x08006e62        0x2 
 .text.__NVIC_SystemReset
                0x08006e64       0x2c ./Drivers/STM32F4xx_HAL_Driver/Src/stm32f4xx_hal_cortex.o
 .text.HAL_NVIC_SetPriorityGrouping
                0x08006e90       0x16 ./Drivers/STM32F4xx_HAL_Driver/Src/stm32f4xx_hal_cortex.o
                0x08006e90                HAL_NVIC_SetPriorityGrouping
 .text.HAL_NVIC_SetPriority
                0x08006ea6       0x38 ./Drivers/STM32F4xx_HAL_Driver/Src/stm32f4xx_hal_cortex.o
                0x08006ea6                HAL_NVIC_SetPriority
 .text.HAL_NVIC_EnableIRQ
                0x08006ede       0x1c ./Drivers/STM32F4xx_HAL_Driver/Src/stm32f4xx_hal_cortex.o
                0x08006ede                HAL_NVIC_EnableIRQ
 .text.HAL_NVIC_SystemReset
                0x08006efa        0x8 ./Drivers/STM32F4xx_HAL_Driver/Src/stm32f4xx_hal_cortex.o
                0x08006efa                HAL_NVIC_SystemReset
 .text.HAL_DMA_Abort
                0x08006f02       0xe0 ./Drivers/STM32F4xx_HAL_Driver/Src/stm32f4xx_hal_dma.o
                0x08006f02                HAL_DMA_Abort
 .text.HAL_DMA_Abort_IT
                0x08006fe2       0x44 ./Drivers/STM32F4xx_HAL_Driver/Src/stm32f4xx_hal_dma.o
                0x08006fe2                HAL_DMA_Abort_IT
 *fill*         0x08007026        0x2 
 .text.HAL_GPIO_Init
                0x08007028      0x338 ./Drivers/STM32F4xx_HAL_Driver/Src/stm32f4xx_hal_gpio.o
                0x08007028                HAL_GPIO_Init
 .text.HAL_GPIO_WritePin
                0x08007360       0x32 ./Drivers/STM32F4xx_HAL_Driver/Src/stm32f4xx_hal_gpio.o
                0x08007360                HAL_GPIO_WritePin
 *fill*         0x08007392        0x2 
 .text.HAL_I2C_Init
                0x08007394      0x288 ./Drivers/STM32F4xx_HAL_Driver/Src/stm32f4xx_hal_i2c.o
                0x08007394                HAL_I2C_Init
 .text.HAL_I2C_Mem_Write
                0x0800761c      0x1f4 ./Drivers/STM32F4xx_HAL_Driver/Src/stm32f4xx_hal_i2c.o
                0x0800761c                HAL_I2C_Mem_Write
 .text.HAL_I2C_Mem_Read
                0x08007810      0x464 ./Drivers/STM32F4xx_HAL_Driver/Src/stm32f4xx_hal_i2c.o
                0x08007810                HAL_I2C_Mem_Read
 .text.I2C_RequestMemoryWrite
                0x08007c74      0x12c ./Drivers/STM32F4xx_HAL_Driver/Src/stm32f4xx_hal_i2c.o
 .text.I2C_RequestMemoryRead
                0x08007da0      0x1d0 ./Drivers/STM32F4xx_HAL_Driver/Src/stm32f4xx_hal_i2c.o
 .text.I2C_WaitOnFlagUntilTimeout
                0x08007f70       0xf4 ./Drivers/STM32F4xx_HAL_Driver/Src/stm32f4xx_hal_i2c.o
 .text.I2C_WaitOnMasterAddressFlagUntilTimeout
                0x08008064      0x140 ./Drivers/STM32F4xx_HAL_Driver/Src/stm32f4xx_hal_i2c.o
 .text.I2C_WaitOnTXEFlagUntilTimeout
                0x080081a4       0x90 ./Drivers/STM32F4xx_HAL_Driver/Src/stm32f4xx_hal_i2c.o
 .text.I2C_WaitOnBTFFlagUntilTimeout
                0x08008234       0x90 ./Drivers/STM32F4xx_HAL_Driver/Src/stm32f4xx_hal_i2c.o
 .text.I2C_WaitOnRXNEFlagUntilTimeout
                0x080082c4       0xba ./Drivers/STM32F4xx_HAL_Driver/Src/stm32f4xx_hal_i2c.o
 .text.I2C_IsAcknowledgeFailed
                0x0800837e       0x5e ./Drivers/STM32F4xx_HAL_Driver/Src/stm32f4xx_hal_i2c.o
 .text.HAL_IWDG_Init
                0x080083dc       0x84 ./Drivers/STM32F4xx_HAL_Driver/Src/stm32f4xx_hal_iwdg.o
                0x080083dc                HAL_IWDG_Init
 .text.HAL_IWDG_Refresh
                0x08008460       0x20 ./Drivers/STM32F4xx_HAL_Driver/Src/stm32f4xx_hal_iwdg.o
                0x08008460                HAL_IWDG_Refresh
 .text.HAL_RCC_OscConfig
                0x08008480      0x4f0 ./Drivers/STM32F4xx_HAL_Driver/Src/stm32f4xx_hal_rcc.o
                0x08008480                HAL_RCC_OscConfig
 .text.HAL_RCC_ClockConfig
                0x08008970      0x1cc ./Drivers/STM32F4xx_HAL_Driver/Src/stm32f4xx_hal_rcc.o
                0x08008970                HAL_RCC_ClockConfig
 .text.HAL_RCC_GetSysClockFreq
                0x08008b3c      0x18c ./Drivers/STM32F4xx_HAL_Driver/Src/stm32f4xx_hal_rcc.o
                0x08008b3c                HAL_RCC_GetSysClockFreq
 .text.HAL_RCC_GetHCLKFreq
                0x08008cc8       0x18 ./Drivers/STM32F4xx_HAL_Driver/Src/stm32f4xx_hal_rcc.o
                0x08008cc8                HAL_RCC_GetHCLKFreq
 .text.HAL_RCC_GetPCLK1Freq
                0x08008ce0       0x28 ./Drivers/STM32F4xx_HAL_Driver/Src/stm32f4xx_hal_rcc.o
                0x08008ce0                HAL_RCC_GetPCLK1Freq
 .text.HAL_RCC_GetPCLK2Freq
                0x08008d08       0x28 ./Drivers/STM32F4xx_HAL_Driver/Src/stm32f4xx_hal_rcc.o
                0x08008d08                HAL_RCC_GetPCLK2Freq
 .text.HAL_RCC_GetClockConfig
                0x08008d30       0x64 ./Drivers/STM32F4xx_HAL_Driver/Src/stm32f4xx_hal_rcc.o
                0x08008d30                HAL_RCC_GetClockConfig
 .text.HAL_SPI_Init
                0x08008d94      0x112 ./Drivers/STM32F4xx_HAL_Driver/Src/stm32f4xx_hal_spi.o
                0x08008d94                HAL_SPI_Init
 .text.HAL_SPI_TransmitReceive
                0x08008ea6      0x352 ./Drivers/STM32F4xx_HAL_Driver/Src/stm32f4xx_hal_spi.o
                0x08008ea6                HAL_SPI_TransmitReceive
 .text.SPI_WaitFlagStateUntilTimeout
                0x080091f8      0x110 ./Drivers/STM32F4xx_HAL_Driver/Src/stm32f4xx_hal_spi.o
 .text.SPI_EndRxTxTransaction
                0x08009308       0xa8 ./Drivers/STM32F4xx_HAL_Driver/Src/stm32f4xx_hal_spi.o
 .text.HAL_TIM_Base_Init
                0x080093b0       0x9e ./Drivers/STM32F4xx_HAL_Driver/Src/stm32f4xx_hal_tim.o
                0x080093b0                HAL_TIM_Base_Init
 .text.HAL_TIM_Base_MspInit
                0x0800944e       0x14 ./Drivers/STM32F4xx_HAL_Driver/Src/stm32f4xx_hal_tim.o
                0x0800944e                HAL_TIM_Base_MspInit
 *fill*         0x08009462        0x2 
 .text.HAL_TIM_Base_Start_IT
                0x08009464       0xe0 ./Drivers/STM32F4xx_HAL_Driver/Src/stm32f4xx_hal_tim.o
                0x08009464                HAL_TIM_Base_Start_IT
 .text.HAL_TIM_IRQHandler
                0x08009544      0x1e0 ./Drivers/STM32F4xx_HAL_Driver/Src/stm32f4xx_hal_tim.o
                0x08009544                HAL_TIM_IRQHandler
 .text.HAL_TIM_OC_DelayElapsedCallback
                0x08009724       0x14 ./Drivers/STM32F4xx_HAL_Driver/Src/stm32f4xx_hal_tim.o
                0x08009724                HAL_TIM_OC_DelayElapsedCallback
 .text.HAL_TIM_IC_CaptureCallback
                0x08009738       0x14 ./Drivers/STM32F4xx_HAL_Driver/Src/stm32f4xx_hal_tim.o
                0x08009738                HAL_TIM_IC_CaptureCallback
 .text.HAL_TIM_PWM_PulseFinishedCallback
                0x0800974c       0x14 ./Drivers/STM32F4xx_HAL_Driver/Src/stm32f4xx_hal_tim.o
                0x0800974c                HAL_TIM_PWM_PulseFinishedCallback
 .text.HAL_TIM_TriggerCallback
                0x08009760       0x14 ./Drivers/STM32F4xx_HAL_Driver/Src/stm32f4xx_hal_tim.o
                0x08009760                HAL_TIM_TriggerCallback
 .text.TIM_Base_SetConfig
                0x08009774      0x158 ./Drivers/STM32F4xx_HAL_Driver/Src/stm32f4xx_hal_tim.o
                0x08009774                TIM_Base_SetConfig
 .text.HAL_TIMEx_CommutCallback
                0x080098cc       0x14 ./Drivers/STM32F4xx_HAL_Driver/Src/stm32f4xx_hal_tim_ex.o
                0x080098cc                HAL_TIMEx_CommutCallback
 .text.HAL_TIMEx_BreakCallback
                0x080098e0       0x14 ./Drivers/STM32F4xx_HAL_Driver/Src/stm32f4xx_hal_tim_ex.o
                0x080098e0                HAL_TIMEx_BreakCallback
 .text.HAL_UART_Init
                0x080098f4       0xa0 ./Drivers/STM32F4xx_HAL_Driver/Src/stm32f4xx_hal_uart.o
                0x080098f4                HAL_UART_Init
 .text.HAL_UART_Transmit
                0x08009994      0x116 ./Drivers/STM32F4xx_HAL_Driver/Src/stm32f4xx_hal_uart.o
                0x08009994                HAL_UART_Transmit
 .text.HAL_UART_Transmit_IT
                0x08009aaa       0x6c ./Drivers/STM32F4xx_HAL_Driver/Src/stm32f4xx_hal_uart.o
                0x08009aaa                HAL_UART_Transmit_IT
 .text.HAL_UART_Receive_IT
                0x08009b16       0x4a ./Drivers/STM32F4xx_HAL_Driver/Src/stm32f4xx_hal_uart.o
                0x08009b16                HAL_UART_Receive_IT
 .text.HAL_UART_IRQHandler
                0x08009b60      0x524 ./Drivers/STM32F4xx_HAL_Driver/Src/stm32f4xx_hal_uart.o
                0x08009b60                HAL_UART_IRQHandler
 .text.HAL_UART_ErrorCallback
                0x0800a084       0x14 ./Drivers/STM32F4xx_HAL_Driver/Src/stm32f4xx_hal_uart.o
                0x0800a084                HAL_UART_ErrorCallback
 .text.HAL_UARTEx_RxEventCallback
                0x0800a098       0x18 ./Drivers/STM32F4xx_HAL_Driver/Src/stm32f4xx_hal_uart.o
                0x0800a098                HAL_UARTEx_RxEventCallback
 .text.HAL_UART_GetState
                0x0800a0b0       0x3c ./Drivers/STM32F4xx_HAL_Driver/Src/stm32f4xx_hal_uart.o
                0x0800a0b0                HAL_UART_GetState
 .text.UART_WaitOnFlagUntilTimeout
                0x0800a0ec       0xb2 ./Drivers/STM32F4xx_HAL_Driver/Src/stm32f4xx_hal_uart.o
 .text.UART_Start_Receive_IT
                0x0800a19e       0x74 ./Drivers/STM32F4xx_HAL_Driver/Src/stm32f4xx_hal_uart.o
                0x0800a19e                UART_Start_Receive_IT
 .text.UART_EndRxTransfer
                0x0800a212       0xc6 ./Drivers/STM32F4xx_HAL_Driver/Src/stm32f4xx_hal_uart.o
 .text.UART_DMAAbortOnError
                0x0800a2d8       0x28 ./Drivers/STM32F4xx_HAL_Driver/Src/stm32f4xx_hal_uart.o
 .text.UART_Transmit_IT
                0x0800a300       0xa0 ./Drivers/STM32F4xx_HAL_Driver/Src/stm32f4xx_hal_uart.o
 .text.UART_EndTransmit_IT
                0x0800a3a0       0x30 ./Drivers/STM32F4xx_HAL_Driver/Src/stm32f4xx_hal_uart.o
 .text.UART_Receive_IT
                0x0800a3d0      0x17c ./Drivers/STM32F4xx_HAL_Driver/Src/stm32f4xx_hal_uart.o
 .text.UART_SetConfig
                0x0800a54c      0x4e8 ./Drivers/STM32F4xx_HAL_Driver/Src/stm32f4xx_hal_uart.o
 .text.makeFreeRtosPriority
                0x0800aa34       0x30 ./Middlewares/Third_Party/FreeRTOS/Source/CMSIS_RTOS/cmsis_os.o
 .text.inHandlerMode
                0x0800aa64       0x24 ./Middlewares/Third_Party/FreeRTOS/Source/CMSIS_RTOS/cmsis_os.o
 .text.osKernelStart
                0x0800aa88        0xe ./Middlewares/Third_Party/FreeRTOS/Source/CMSIS_RTOS/cmsis_os.o
                0x0800aa88                osKernelStart
 .text.osThreadCreate
                0x0800aa96       0x98 ./Middlewares/Third_Party/FreeRTOS/Source/CMSIS_RTOS/cmsis_os.o
                0x0800aa96                osThreadCreate
 .text.osDelay  0x0800ab2e       0x28 ./Middlewares/Third_Party/FreeRTOS/Source/CMSIS_RTOS/cmsis_os.o
                0x0800ab2e                osDelay
 *fill*         0x0800ab56        0x2 
 .text.osTimerCreate
                0x0800ab58       0x68 ./Middlewares/Third_Party/FreeRTOS/Source/CMSIS_RTOS/cmsis_os.o
                0x0800ab58                osTimerCreate
 .text.osTimerStart
                0x0800abc0       0x88 ./Middlewares/Third_Party/FreeRTOS/Source/CMSIS_RTOS/cmsis_os.o
                0x0800abc0                osTimerStart
 .text.osMutexCreate
                0x0800ac48       0x30 ./Middlewares/Third_Party/FreeRTOS/Source/CMSIS_RTOS/cmsis_os.o
                0x0800ac48                osMutexCreate
 .text.osMutexWait
                0x0800ac78       0x9c ./Middlewares/Third_Party/FreeRTOS/Source/CMSIS_RTOS/cmsis_os.o
                0x0800ac78                osMutexWait
 .text.osMutexRelease
                0x0800ad14       0x6c ./Middlewares/Third_Party/FreeRTOS/Source/CMSIS_RTOS/cmsis_os.o
                0x0800ad14                osMutexRelease
 .text.osSemaphoreCreate
                0x0800ad80       0x64 ./Middlewares/Third_Party/FreeRTOS/Source/CMSIS_RTOS/cmsis_os.o
                0x0800ad80                osSemaphoreCreate
 .text.osSemaphoreWait
                0x0800ade4       0x9c ./Middlewares/Third_Party/FreeRTOS/Source/CMSIS_RTOS/cmsis_os.o
                0x0800ade4                osSemaphoreWait
 .text.osSemaphoreRelease
                0x0800ae80       0x6c ./Middlewares/Third_Party/FreeRTOS/Source/CMSIS_RTOS/cmsis_os.o
                0x0800ae80                osSemaphoreRelease
 .text.osPoolCreate
                0x0800aeec       0xba ./Middlewares/Third_Party/FreeRTOS/Source/CMSIS_RTOS/cmsis_os.o
                0x0800aeec                osPoolCreate
 .text.osPoolAlloc
                0x0800afa6       0xc4 ./Middlewares/Third_Party/FreeRTOS/Source/CMSIS_RTOS/cmsis_os.o
                0x0800afa6                osPoolAlloc
 .text.osPoolFree
                0x0800b06a       0x82 ./Middlewares/Third_Party/FreeRTOS/Source/CMSIS_RTOS/cmsis_os.o
                0x0800b06a                osPoolFree
 .text.osMailCreate
                0x0800b0ec       0xb0 ./Middlewares/Third_Party/FreeRTOS/Source/CMSIS_RTOS/cmsis_os.o
                0x0800b0ec                osMailCreate
 .text.osMailAlloc
                0x0800b19c       0x2a ./Middlewares/Third_Party/FreeRTOS/Source/CMSIS_RTOS/cmsis_os.o
                0x0800b19c                osMailAlloc
 *fill*         0x0800b1c6        0x2 
 .text.osMailPut
                0x0800b1c8       0x7c ./Middlewares/Third_Party/FreeRTOS/Source/CMSIS_RTOS/cmsis_os.o
                0x0800b1c8                osMailPut
 .text.osMailGet
                0x0800b244       0xe8 ./Middlewares/Third_Party/FreeRTOS/Source/CMSIS_RTOS/cmsis_os.o
                0x0800b244                osMailGet
 .text.osMailFree
                0x0800b32c       0x2a ./Middlewares/Third_Party/FreeRTOS/Source/CMSIS_RTOS/cmsis_os.o
                0x0800b32c                osMailFree
 .text.vListInitialise
                0x0800b356       0x40 ./Middlewares/Third_Party/FreeRTOS/Source/list.o
                0x0800b356                vListInitialise
 .text.vListInitialiseItem
                0x0800b396       0x1a ./Middlewares/Third_Party/FreeRTOS/Source/list.o
                0x0800b396                vListInitialiseItem
 .text.vListInsertEnd
                0x0800b3b0       0x48 ./Middlewares/Third_Party/FreeRTOS/Source/list.o
                0x0800b3b0                vListInsertEnd
 .text.vListInsert
                0x0800b3f8       0x72 ./Middlewares/Third_Party/FreeRTOS/Source/list.o
                0x0800b3f8                vListInsert
 .text.uxListRemove
                0x0800b46a       0x54 ./Middlewares/Third_Party/FreeRTOS/Source/list.o
                0x0800b46a                uxListRemove
 *fill*         0x0800b4be        0x2 
 .text.xQueueGenericReset
                0x0800b4c0       0xd4 ./Middlewares/Third_Party/FreeRTOS/Source/queue.o
                0x0800b4c0                xQueueGenericReset
 .text.xQueueGenericCreateStatic
                0x0800b594       0xfa ./Middlewares/Third_Party/FreeRTOS/Source/queue.o
                0x0800b594                xQueueGenericCreateStatic
 .text.xQueueGenericCreate
                0x0800b68e       0x76 ./Middlewares/Third_Party/FreeRTOS/Source/queue.o
                0x0800b68e                xQueueGenericCreate
 .text.prvInitialiseNewQueue
                0x0800b704       0x3e ./Middlewares/Third_Party/FreeRTOS/Source/queue.o
 .text.prvInitialiseMutex
                0x0800b742       0x34 ./Middlewares/Third_Party/FreeRTOS/Source/queue.o
 .text.xQueueCreateMutex
                0x0800b776       0x30 ./Middlewares/Third_Party/FreeRTOS/Source/queue.o
                0x0800b776                xQueueCreateMutex
 .text.xQueueCreateMutexStatic
                0x0800b7a6       0x36 ./Middlewares/Third_Party/FreeRTOS/Source/queue.o
                0x0800b7a6                xQueueCreateMutexStatic
 .text.xQueueGenericSend
                0x0800b7dc      0x204 ./Middlewares/Third_Party/FreeRTOS/Source/queue.o
                0x0800b7dc                xQueueGenericSend
 .text.xQueueGenericSendFromISR
                0x0800b9e0      0x13c ./Middlewares/Third_Party/FreeRTOS/Source/queue.o
                0x0800b9e0                xQueueGenericSendFromISR
 .text.xQueueGiveFromISR
                0x0800bb1c      0x120 ./Middlewares/Third_Party/FreeRTOS/Source/queue.o
                0x0800bb1c                xQueueGiveFromISR
 .text.xQueueReceive
                0x0800bc3c      0x1c4 ./Middlewares/Third_Party/FreeRTOS/Source/queue.o
                0x0800bc3c                xQueueReceive
 .text.xQueueSemaphoreTake
                0x0800be00      0x220 ./Middlewares/Third_Party/FreeRTOS/Source/queue.o
                0x0800be00                xQueueSemaphoreTake
 .text.xQueueReceiveFromISR
                0x0800c020      0x104 ./Middlewares/Third_Party/FreeRTOS/Source/queue.o
                0x0800c020                xQueueReceiveFromISR
 .text.prvGetDisinheritPriorityAfterTimeout
                0x0800c124       0x30 ./Middlewares/Third_Party/FreeRTOS/Source/queue.o
 .text.prvCopyDataToQueue
                0x0800c154       0xd4 ./Middlewares/Third_Party/FreeRTOS/Source/queue.o
 .text.prvCopyDataFromQueue
                0x0800c228       0x4c ./Middlewares/Third_Party/FreeRTOS/Source/queue.o
 .text.prvUnlockQueue
                0x0800c274       0xa4 ./Middlewares/Third_Party/FreeRTOS/Source/queue.o
 .text.prvIsQueueEmpty
                0x0800c318       0x2c ./Middlewares/Third_Party/FreeRTOS/Source/queue.o
 .text.prvIsQueueFull
                0x0800c344       0x30 ./Middlewares/Third_Party/FreeRTOS/Source/queue.o
 .text.vQueueAddToRegistry
                0x0800c374       0x54 ./Middlewares/Third_Party/FreeRTOS/Source/queue.o
                0x0800c374                vQueueAddToRegistry
 .text.vQueueWaitForMessageRestricted
                0x0800c3c8       0x68 ./Middlewares/Third_Party/FreeRTOS/Source/queue.o
                0x0800c3c8                vQueueWaitForMessageRestricted
 .text.xTaskCreateStatic
                0x0800c430       0xc0 ./Middlewares/Third_Party/FreeRTOS/Source/tasks.o
                0x0800c430                xTaskCreateStatic
 .text.xTaskCreate
                0x0800c4f0       0x8a ./Middlewares/Third_Party/FreeRTOS/Source/tasks.o
                0x0800c4f0                xTaskCreate
 *fill*         0x0800c57a        0x2 
 .text.prvInitialiseNewTask
                0x0800c57c      0x140 ./Middlewares/Third_Party/FreeRTOS/Source/tasks.o
 .text.prvAddNewTaskToReadyList
                0x0800c6bc       0xd4 ./Middlewares/Third_Party/FreeRTOS/Source/tasks.o
 .text.vTaskDelay
                0x0800c790       0x6c ./Middlewares/Third_Party/FreeRTOS/Source/tasks.o
                0x0800c790                vTaskDelay
 .text.vTaskStartScheduler
                0x0800c7fc       0xe0 ./Middlewares/Third_Party/FreeRTOS/Source/tasks.o
                0x0800c7fc                vTaskStartScheduler
 .text.vTaskSuspendAll
                0x0800c8dc       0x1c ./Middlewares/Third_Party/FreeRTOS/Source/tasks.o
                0x0800c8dc                vTaskSuspendAll
 .text.xTaskResumeAll
                0x0800c8f8      0x13c ./Middlewares/Third_Party/FreeRTOS/Source/tasks.o
                0x0800c8f8                xTaskResumeAll
 .text.xTaskGetTickCount
                0x0800ca34       0x20 ./Middlewares/Third_Party/FreeRTOS/Source/tasks.o
                0x0800ca34                xTaskGetTickCount
 .text.xTaskIncrementTick
                0x0800ca54      0x174 ./Middlewares/Third_Party/FreeRTOS/Source/tasks.o
                0x0800ca54                xTaskIncrementTick
 .text.vTaskSwitchContext
                0x0800cbc8       0xc8 ./Middlewares/Third_Party/FreeRTOS/Source/tasks.o
                0x0800cbc8                vTaskSwitchContext
 .text.vTaskPlaceOnEventList
                0x0800cc90       0x4c ./Middlewares/Third_Party/FreeRTOS/Source/tasks.o
                0x0800cc90                vTaskPlaceOnEventList
 .text.vTaskPlaceOnEventListRestricted
                0x0800ccdc       0x58 ./Middlewares/Third_Party/FreeRTOS/Source/tasks.o
                0x0800ccdc                vTaskPlaceOnEventListRestricted
 .text.xTaskRemoveFromEventList
                0x0800cd34       0xc8 ./Middlewares/Third_Party/FreeRTOS/Source/tasks.o
                0x0800cd34                xTaskRemoveFromEventList
 .text.vTaskInternalSetTimeOutState
                0x0800cdfc       0x2c ./Middlewares/Third_Party/FreeRTOS/Source/tasks.o
                0x0800cdfc                vTaskInternalSetTimeOutState
 .text.xTaskCheckForTimeOut
                0x0800ce28       0xc8 ./Middlewares/Third_Party/FreeRTOS/Source/tasks.o
                0x0800ce28                xTaskCheckForTimeOut
 .text.vTaskMissedYield
                0x0800cef0       0x18 ./Middlewares/Third_Party/FreeRTOS/Source/tasks.o
                0x0800cef0                vTaskMissedYield
 .text.prvIdleTask
                0x0800cf08       0x30 ./Middlewares/Third_Party/FreeRTOS/Source/tasks.o
 .text.prvInitialiseTaskLists
                0x0800cf38       0x80 ./Middlewares/Third_Party/FreeRTOS/Source/tasks.o
 .text.prvCheckTasksWaitingTermination
                0x0800cfb8       0x5c ./Middlewares/Third_Party/FreeRTOS/Source/tasks.o
 .text.prvDeleteTCB
                0x0800d014       0x6a ./Middlewares/Third_Party/FreeRTOS/Source/tasks.o
 *fill*         0x0800d07e        0x2 
 .text.prvResetNextTaskUnblockTime
                0x0800d080       0x40 ./Middlewares/Third_Party/FreeRTOS/Source/tasks.o
 .text.xTaskGetSchedulerState
                0x0800d0c0       0x3c ./Middlewares/Third_Party/FreeRTOS/Source/tasks.o
                0x0800d0c0                xTaskGetSchedulerState
 .text.xTaskPriorityInherit
                0x0800d0fc       0xec ./Middlewares/Third_Party/FreeRTOS/Source/tasks.o
                0x0800d0fc                xTaskPriorityInherit
 .text.xTaskPriorityDisinherit
                0x0800d1e8      0x110 ./Middlewares/Third_Party/FreeRTOS/Source/tasks.o
                0x0800d1e8                xTaskPriorityDisinherit
 .text.vTaskPriorityDisinheritAfterTimeout
                0x0800d2f8      0x120 ./Middlewares/Third_Party/FreeRTOS/Source/tasks.o
                0x0800d2f8                vTaskPriorityDisinheritAfterTimeout
 .text.pvTaskIncrementMutexHeldCount
                0x0800d418       0x28 ./Middlewares/Third_Party/FreeRTOS/Source/tasks.o
                0x0800d418                pvTaskIncrementMutexHeldCount
 .text.prvAddCurrentTaskToDelayedList
                0x0800d440       0xcc ./Middlewares/Third_Party/FreeRTOS/Source/tasks.o
 .text.xTimerCreateTimerTask
                0x0800d50c       0x94 ./Middlewares/Third_Party/FreeRTOS/Source/timers.o
                0x0800d50c                xTimerCreateTimerTask
 .text.xTimerCreate
                0x0800d5a0       0x42 ./Middlewares/Third_Party/FreeRTOS/Source/timers.o
                0x0800d5a0                xTimerCreate
 .text.xTimerCreateStatic
                0x0800d5e2       0x80 ./Middlewares/Third_Party/FreeRTOS/Source/timers.o
                0x0800d5e2                xTimerCreateStatic
 .text.prvInitialiseNewTimer
                0x0800d662       0x78 ./Middlewares/Third_Party/FreeRTOS/Source/timers.o
 *fill*         0x0800d6da        0x2 
 .text.xTimerGenericCommand
                0x0800d6dc       0x9c ./Middlewares/Third_Party/FreeRTOS/Source/timers.o
                0x0800d6dc                xTimerGenericCommand
 .text.prvProcessExpiredTimer
                0x0800d778       0x9c ./Middlewares/Third_Party/FreeRTOS/Source/timers.o
 .text.prvTimerTask
                0x0800d814       0x26 ./Middlewares/Third_Party/FreeRTOS/Source/timers.o
 *fill*         0x0800d83a        0x2 
 .text.prvProcessTimerOrBlockTask
                0x0800d83c       0x9c ./Middlewares/Third_Party/FreeRTOS/Source/timers.o
 .text.prvGetNextExpireTime
                0x0800d8d8       0x48 ./Middlewares/Third_Party/FreeRTOS/Source/timers.o
 .text.prvSampleTimeNow
                0x0800d920       0x40 ./Middlewares/Third_Party/FreeRTOS/Source/timers.o
 .text.prvInsertTimerInActiveList
                0x0800d960       0x84 ./Middlewares/Third_Party/FreeRTOS/Source/timers.o
 .text.prvProcessReceivedCommands
                0x0800d9e4      0x194 ./Middlewares/Third_Party/FreeRTOS/Source/timers.o
 .text.prvSwitchTimerLists
                0x0800db78       0xcc ./Middlewares/Third_Party/FreeRTOS/Source/timers.o
 .text.prvCheckForValidListAndQueue
                0x0800dc44       0x80 ./Middlewares/Third_Party/FreeRTOS/Source/timers.o
 .text.pxPortInitialiseStack
                0x0800dcc4       0x68 ./Middlewares/Third_Party/FreeRTOS/Source/portable/GCC/ARM_CM4F/port.o
                0x0800dcc4                pxPortInitialiseStack
 .text.prvTaskExitError
                0x0800dd2c       0x5c ./Middlewares/Third_Party/FreeRTOS/Source/portable/GCC/ARM_CM4F/port.o
 *fill*         0x0800dd88        0x8 
 .text.SVC_Handler
                0x0800dd90       0x28 ./Middlewares/Third_Party/FreeRTOS/Source/portable/GCC/ARM_CM4F/port.o
                0x0800dd90                SVC_Handler
 .text.prvPortStartFirstTask
                0x0800ddb8       0x28 ./Middlewares/Third_Party/FreeRTOS/Source/portable/GCC/ARM_CM4F/port.o
 .text.xPortStartScheduler
                0x0800dde0      0x148 ./Middlewares/Third_Party/FreeRTOS/Source/portable/GCC/ARM_CM4F/port.o
                0x0800dde0                xPortStartScheduler
 .text.vPortEnterCritical
                0x0800df28       0x64 ./Middlewares/Third_Party/FreeRTOS/Source/portable/GCC/ARM_CM4F/port.o
                0x0800df28                vPortEnterCritical
 .text.vPortExitCritical
                0x0800df8c       0x54 ./Middlewares/Third_Party/FreeRTOS/Source/portable/GCC/ARM_CM4F/port.o
                0x0800df8c                vPortExitCritical
 .text.PendSV_Handler
                0x0800dfe0       0x68 ./Middlewares/Third_Party/FreeRTOS/Source/portable/GCC/ARM_CM4F/port.o
                0x0800dfe0                PendSV_Handler
 .text.SysTick_Handler
                0x0800e048       0x44 ./Middlewares/Third_Party/FreeRTOS/Source/portable/GCC/ARM_CM4F/port.o
                0x0800e048                SysTick_Handler
 .text.vPortSetupTimerInterrupt
                0x0800e08c       0x48 ./Middlewares/Third_Party/FreeRTOS/Source/portable/GCC/ARM_CM4F/port.o
                0x0800e08c                vPortSetupTimerInterrupt
 .text.vPortEnableVFP
                0x0800e0d4       0x14 ./Middlewares/Third_Party/FreeRTOS/Source/portable/GCC/ARM_CM4F/port.o
 .text.vPortValidateInterruptPriority
                0x0800e0e8       0x84 ./Middlewares/Third_Party/FreeRTOS/Source/portable/GCC/ARM_CM4F/port.o
                0x0800e0e8                vPortValidateInterruptPriority
 .text.pvPortMalloc
                0x0800e16c      0x19c ./Middlewares/Third_Party/FreeRTOS/Source/portable/MemMang/heap_4.o
                0x0800e16c                pvPortMalloc
 .text.vPortFree
                0x0800e308       0xc8 ./Middlewares/Third_Party/FreeRTOS/Source/portable/MemMang/heap_4.o
                0x0800e308                vPortFree
 .text.prvHeapInit
                0x0800e3d0       0xc4 ./Middlewares/Third_Party/FreeRTOS/Source/portable/MemMang/heap_4.o
 .text.prvInsertBlockIntoFreeList
                0x0800e494       0xb4 ./Middlewares/Third_Party/FreeRTOS/Source/portable/MemMang/heap_4.o
 .text._vsnprintf_r
                0x0800e548       0x5c C:/ST/STM32CubeIDE_1.7.0/STM32CubeIDE/plugins/com.st.stm32cube.ide.mcu.externaltools.gnu-tools-for-stm32.13.3.rel1.win32_1.0.0.202411081344/tools/bin/../lib/gcc/arm-none-eabi/13.3.1/../../../../arm-none-eabi/lib/thumb/v7e-m+fp/hard\libc_nano.a(libc_a-vsnprintf.o)
                0x0800e548                _vsniprintf_r
                0x0800e548                _vsnprintf_r
 .text.vsnprintf
                0x0800e5a4       0x1c C:/ST/STM32CubeIDE_1.7.0/STM32CubeIDE/plugins/com.st.stm32cube.ide.mcu.externaltools.gnu-tools-for-stm32.13.3.rel1.win32_1.0.0.202411081344/tools/bin/../lib/gcc/arm-none-eabi/13.3.1/../../../../arm-none-eabi/lib/thumb/v7e-m+fp/hard\libc_nano.a(libc_a-vsnprintf.o)
                0x0800e5a4                vsniprintf
                0x0800e5a4                vsnprintf
 .text.memset   0x0800e5c0       0x10 C:/ST/STM32CubeIDE_1.7.0/STM32CubeIDE/plugins/com.st.stm32cube.ide.mcu.externaltools.gnu-tools-for-stm32.13.3.rel1.win32_1.0.0.202411081344/tools/bin/../lib/gcc/arm-none-eabi/13.3.1/../../../../arm-none-eabi/lib/thumb/v7e-m+fp/hard\libc_nano.a(libc_a-memset.o)
                0x0800e5c0                memset
 .text._reclaim_reent
                0x0800e5d0       0xbc C:/ST/STM32CubeIDE_1.7.0/STM32CubeIDE/plugins/com.st.stm32cube.ide.mcu.externaltools.gnu-tools-for-stm32.13.3.rel1.win32_1.0.0.202411081344/tools/bin/../lib/gcc/arm-none-eabi/13.3.1/../../../../arm-none-eabi/lib/thumb/v7e-m+fp/hard\libc_nano.a(libc_a-reent.o)
                0x0800e5d0                _reclaim_reent
 .text.__errno  0x0800e68c        0xc C:/ST/STM32CubeIDE_1.7.0/STM32CubeIDE/plugins/com.st.stm32cube.ide.mcu.externaltools.gnu-tools-for-stm32.13.3.rel1.win32_1.0.0.202411081344/tools/bin/../lib/gcc/arm-none-eabi/13.3.1/../../../../arm-none-eabi/lib/thumb/v7e-m+fp/hard\libc_nano.a(libc_a-errno.o)
                0x0800e68c                __errno
 .text.__libc_init_array
                0x0800e698       0x48 C:/ST/STM32CubeIDE_1.7.0/STM32CubeIDE/plugins/com.st.stm32cube.ide.mcu.externaltools.gnu-tools-for-stm32.13.3.rel1.win32_1.0.0.202411081344/tools/bin/../lib/gcc/arm-none-eabi/13.3.1/../../../../arm-none-eabi/lib/thumb/v7e-m+fp/hard\libc_nano.a(libc_a-init.o)
                0x0800e698                __libc_init_array
 .text.__retarget_lock_acquire_recursive
                0x0800e6e0        0x2 C:/ST/STM32CubeIDE_1.7.0/STM32CubeIDE/plugins/com.st.stm32cube.ide.mcu.externaltools.gnu-tools-for-stm32.13.3.rel1.win32_1.0.0.202411081344/tools/bin/../lib/gcc/arm-none-eabi/13.3.1/../../../../arm-none-eabi/lib/thumb/v7e-m+fp/hard\libc_nano.a(libc_a-lock.o)
                0x0800e6e0                __retarget_lock_acquire_recursive
 .text.__retarget_lock_release_recursive
                0x0800e6e2        0x2 C:/ST/STM32CubeIDE_1.7.0/STM32CubeIDE/plugins/com.st.stm32cube.ide.mcu.externaltools.gnu-tools-for-stm32.13.3.rel1.win32_1.0.0.202411081344/tools/bin/../lib/gcc/arm-none-eabi/13.3.1/../../../../arm-none-eabi/lib/thumb/v7e-m+fp/hard\libc_nano.a(libc_a-lock.o)
                0x0800e6e2                __retarget_lock_release_recursive
 .text.memcpy   0x0800e6e4       0x1c C:/ST/STM32CubeIDE_1.7.0/STM32CubeIDE/plugins/com.st.stm32cube.ide.mcu.externaltools.gnu-tools-for-stm32.13.3.rel1.win32_1.0.0.202411081344/tools/bin/../lib/gcc/arm-none-eabi/13.3.1/../../../../arm-none-eabi/lib/thumb/v7e-m+fp/hard\libc_nano.a(libc_a-memcpy-stub.o)
                0x0800e6e4                memcpy
 .text._free_r  0x0800e700       0x94 C:/ST/STM32CubeIDE_1.7.0/STM32CubeIDE/plugins/com.st.stm32cube.ide.mcu.externaltools.gnu-tools-for-stm32.13.3.rel1.win32_1.0.0.202411081344/tools/bin/../lib/gcc/arm-none-eabi/13.3.1/../../../../arm-none-eabi/lib/thumb/v7e-m+fp/hard\libc_nano.a(libc_a-freer.o)
                0x0800e700                _free_r
 .text.sbrk_aligned
                0x0800e794       0x44 C:/ST/STM32CubeIDE_1.7.0/STM32CubeIDE/plugins/com.st.stm32cube.ide.mcu.externaltools.gnu-tools-for-stm32.13.3.rel1.win32_1.0.0.202411081344/tools/bin/../lib/gcc/arm-none-eabi/13.3.1/../../../../arm-none-eabi/lib/thumb/v7e-m+fp/hard\libc_nano.a(libc_a-mallocr.o)
 .text._malloc_r
                0x0800e7d8      0x100 C:/ST/STM32CubeIDE_1.7.0/STM32CubeIDE/plugins/com.st.stm32cube.ide.mcu.externaltools.gnu-tools-for-stm32.13.3.rel1.win32_1.0.0.202411081344/tools/bin/../lib/gcc/arm-none-eabi/13.3.1/../../../../arm-none-eabi/lib/thumb/v7e-m+fp/hard\libc_nano.a(libc_a-mallocr.o)
                0x0800e7d8                _malloc_r
 .text.__malloc_lock
                0x0800e8d8        0xc C:/ST/STM32CubeIDE_1.7.0/STM32CubeIDE/plugins/com.st.stm32cube.ide.mcu.externaltools.gnu-tools-for-stm32.13.3.rel1.win32_1.0.0.202411081344/tools/bin/../lib/gcc/arm-none-eabi/13.3.1/../../../../arm-none-eabi/lib/thumb/v7e-m+fp/hard\libc_nano.a(libc_a-mlock.o)
                0x0800e8d8                __malloc_lock
 .text.__malloc_unlock
                0x0800e8e4        0xc C:/ST/STM32CubeIDE_1.7.0/STM32CubeIDE/plugins/com.st.stm32cube.ide.mcu.externaltools.gnu-tools-for-stm32.13.3.rel1.win32_1.0.0.202411081344/tools/bin/../lib/gcc/arm-none-eabi/13.3.1/../../../../arm-none-eabi/lib/thumb/v7e-m+fp/hard\libc_nano.a(libc_a-mlock.o)
                0x0800e8e4                __malloc_unlock
 .text.__ssputs_r
                0x0800e8f0       0xb6 C:/ST/STM32CubeIDE_1.7.0/STM32CubeIDE/plugins/com.st.stm32cube.ide.mcu.externaltools.gnu-tools-for-stm32.13.3.rel1.win32_1.0.0.202411081344/tools/bin/../lib/gcc/arm-none-eabi/13.3.1/../../../../arm-none-eabi/lib/thumb/v7e-m+fp/hard\libc_nano.a(libc_a-nano-svfprintf.o)
                0x0800e8f0                __ssputs_r
 *fill*         0x0800e9a6        0x2 
 .text._svfprintf_r
                0x0800e9a8      0x1f8 C:/ST/STM32CubeIDE_1.7.0/STM32CubeIDE/plugins/com.st.stm32cube.ide.mcu.externaltools.gnu-tools-for-stm32.13.3.rel1.win32_1.0.0.202411081344/tools/bin/../lib/gcc/arm-none-eabi/13.3.1/../../../../arm-none-eabi/lib/thumb/v7e-m+fp/hard\libc_nano.a(libc_a-nano-svfprintf.o)
                0x0800e9a8                _svfiprintf_r
                0x0800e9a8                _svfprintf_r
 .text._printf_common
                0x0800eba0       0xda C:/ST/STM32CubeIDE_1.7.0/STM32CubeIDE/plugins/com.st.stm32cube.ide.mcu.externaltools.gnu-tools-for-stm32.13.3.rel1.win32_1.0.0.202411081344/tools/bin/../lib/gcc/arm-none-eabi/13.3.1/../../../../arm-none-eabi/lib/thumb/v7e-m+fp/hard\libc_nano.a(libc_a-nano-vfprintf_i.o)
                0x0800eba0                _printf_common
 *fill*         0x0800ec7a        0x2 
 .text._printf_i
                0x0800ec7c      0x23c C:/ST/STM32CubeIDE_1.7.0/STM32CubeIDE/plugins/com.st.stm32cube.ide.mcu.externaltools.gnu-tools-for-stm32.13.3.rel1.win32_1.0.0.202411081344/tools/bin/../lib/gcc/arm-none-eabi/13.3.1/../../../../arm-none-eabi/lib/thumb/v7e-m+fp/hard\libc_nano.a(libc_a-nano-vfprintf_i.o)
                0x0800ec7c                _printf_i
 .text.memmove  0x0800eeb8       0x34 C:/ST/STM32CubeIDE_1.7.0/STM32CubeIDE/plugins/com.st.stm32cube.ide.mcu.externaltools.gnu-tools-for-stm32.13.3.rel1.win32_1.0.0.202411081344/tools/bin/../lib/gcc/arm-none-eabi/13.3.1/../../../../arm-none-eabi/lib/thumb/v7e-m+fp/hard\libc_nano.a(libc_a-memmove.o)
                0x0800eeb8                memmove
 .text._sbrk_r  0x0800eeec       0x20 C:/ST/STM32CubeIDE_1.7.0/STM32CubeIDE/plugins/com.st.stm32cube.ide.mcu.externaltools.gnu-tools-for-stm32.13.3.rel1.win32_1.0.0.202411081344/tools/bin/../lib/gcc/arm-none-eabi/13.3.1/../../../../arm-none-eabi/lib/thumb/v7e-m+fp/hard\libc_nano.a(libc_a-sbrkr.o)
                0x0800eeec                _sbrk_r
 .text._realloc_r
                0x0800ef0c       0x5c C:/ST/STM32CubeIDE_1.7.0/STM32CubeIDE/plugins/com.st.stm32cube.ide.mcu.externaltools.gnu-tools-for-stm32.13.3.rel1.win32_1.0.0.202411081344/tools/bin/../lib/gcc/arm-none-eabi/13.3.1/../../../../arm-none-eabi/lib/thumb/v7e-m+fp/hard\libc_nano.a(libc_a-reallocr.o)
                0x0800ef0c                _realloc_r
 .text._malloc_usable_size_r
                0x0800ef68       0x10 C:/ST/STM32CubeIDE_1.7.0/STM32CubeIDE/plugins/com.st.stm32cube.ide.mcu.externaltools.gnu-tools-for-stm32.13.3.rel1.win32_1.0.0.202411081344/tools/bin/../lib/gcc/arm-none-eabi/13.3.1/../../../../arm-none-eabi/lib/thumb/v7e-m+fp/hard\libc_nano.a(libc_a-msizer.o)
                0x0800ef68                _malloc_usable_size_r
 *(.glue_7)
 .glue_7        0x0800ef78        0x0 linker stubs
 *(.glue_7t)
 .glue_7t       0x0800ef78        0x0 linker stubs
 *(.eh_frame)
 .eh_frame      0x0800ef78        0x0 C:/ST/STM32CubeIDE_1.7.0/STM32CubeIDE/plugins/com.st.stm32cube.ide.mcu.externaltools.gnu-tools-for-stm32.13.3.rel1.win32_1.0.0.202411081344/tools/bin/../lib/gcc/arm-none-eabi/13.3.1/thumb/v7e-m+fp/hard/crtbegin.o
 *(.init)
 .init          0x0800ef78        0x4 C:/ST/STM32CubeIDE_1.7.0/STM32CubeIDE/plugins/com.st.stm32cube.ide.mcu.externaltools.gnu-tools-for-stm32.13.3.rel1.win32_1.0.0.202411081344/tools/bin/../lib/gcc/arm-none-eabi/13.3.1/thumb/v7e-m+fp/hard/crti.o
                0x0800ef78                _init
 .init          0x0800ef7c        0x8 C:/ST/STM32CubeIDE_1.7.0/STM32CubeIDE/plugins/com.st.stm32cube.ide.mcu.externaltools.gnu-tools-for-stm32.13.3.rel1.win32_1.0.0.202411081344/tools/bin/../lib/gcc/arm-none-eabi/13.3.1/thumb/v7e-m+fp/hard/crtn.o
 *(.fini)
 .fini          0x0800ef84        0x4 C:/ST/STM32CubeIDE_1.7.0/STM32CubeIDE/plugins/com.st.stm32cube.ide.mcu.externaltools.gnu-tools-for-stm32.13.3.rel1.win32_1.0.0.202411081344/tools/bin/../lib/gcc/arm-none-eabi/13.3.1/thumb/v7e-m+fp/hard/crti.o
                0x0800ef84                _fini
 .fini          0x0800ef88        0x8 C:/ST/STM32CubeIDE_1.7.0/STM32CubeIDE/plugins/com.st.stm32cube.ide.mcu.externaltools.gnu-tools-for-stm32.13.3.rel1.win32_1.0.0.202411081344/tools/bin/../lib/gcc/arm-none-eabi/13.3.1/thumb/v7e-m+fp/hard/crtn.o
                0x0800ef90                        . = ALIGN (0x4)
                0x0800ef90                        _etext = .

.vfp11_veneer   0x0800ef90        0x0
 .vfp11_veneer  0x0800ef90        0x0 linker stubs

.v4_bx          0x0800ef90        0x0
 .v4_bx         0x0800ef90        0x0 linker stubs

.iplt           0x0800ef90        0x0
 .iplt          0x0800ef90        0x0 C:/ST/STM32CubeIDE_1.7.0/STM32CubeIDE/plugins/com.st.stm32cube.ide.mcu.externaltools.gnu-tools-for-stm32.13.3.rel1.win32_1.0.0.202411081344/tools/bin/../lib/gcc/arm-none-eabi/13.3.1/thumb/v7e-m+fp/hard/crtbegin.o

.rodata         0x0800ef90     0x1a2c
                0x0800ef90                        . = ALIGN (0x4)
 *(.rodata)
 .rodata        0x0800ef90      0x170 ./Core/Src/config/app_config.o
 .rodata        0x0800f100      0x1fa ./Core/Src/config/app_config_flash.o
 *fill*         0x0800f2fa        0x2 
 .rodata        0x0800f2fc        0xf ./Core/Src/log.o
 *fill*         0x0800f30b        0x1 
 .rodata        0x0800f30c      0x1f2 ./Core/Src/main.o
 *fill*         0x0800f4fe        0x2 
 .rodata        0x0800f500       0x5c ./Core/Src/m_env/m_env.o
 .rodata        0x0800f55c      0x11c ./Core/Src/m_ether/ip_arp_udp_tcp.o
 .rodata        0x0800f678      0x2d0 ./Core/Src/m_ether/m_ether.o
 .rodata        0x0800f948       0xd4 ./Core/Src/m_event/m_event_queue.o
 .rodata        0x0800fa1c      0x31c ./Core/Src/m_menu/m_normal.o
 .rodata        0x0800fd38      0x2e4 ./Core/Src/m_serial/fpga_proc.o
 .rodata        0x0801001c       0xe8 ./Core/Src/m_serial/m_front.o
 .rodata        0x08010104      0x368 ./Core/Src/m_serial/m_remote.o
 .rodata        0x0801046c       0x97 ./Core/Src/m_serial/m_serial.o
 *fill*         0x08010503        0x1 
 .rodata        0x08010504        0x1 ./Middlewares/Third_Party/FreeRTOS/Source/CMSIS_RTOS/cmsis_os.o
 *fill*         0x08010505        0x3 
 .rodata        0x08010508        0x5 ./Middlewares/Third_Party/FreeRTOS/Source/tasks.o
 *fill*         0x0801050d        0x3 
 .rodata        0x08010510        0xd ./Middlewares/Third_Party/FreeRTOS/Source/timers.o
 *(.rodata*)
 *fill*         0x0801051d        0x3 
 .rodata.__func__.5
                0x08010520       0x10 ./Core/Src/config/app_config.o
 .rodata.__func__.4
                0x08010530       0x11 ./Core/Src/config/app_config.o
 *fill*         0x08010541        0x3 
 .rodata.__func__.3
                0x08010544       0x14 ./Core/Src/config/app_config.o
 .rodata.__func__.3
                0x08010558       0x1e ./Core/Src/config/app_config_flash.o
 *fill*         0x08010576        0x2 
 .rodata.__func__.2
                0x08010578       0x1d ./Core/Src/config/app_config_flash.o
 *fill*         0x08010595        0x3 
 .rodata.__func__.1
                0x08010598       0x17 ./Core/Src/config/app_config_flash.o
 *fill*         0x080105af        0x1 
 .rodata.__func__.0
                0x080105b0       0x16 ./Core/Src/config/app_config_flash.o
 *fill*         0x080105c6        0x2 
 .rodata.__func__.3
                0x080105c8        0x7 ./Core/Src/main.o
 *fill*         0x080105cf        0x1 
 .rodata.__func__.2
                0x080105d0        0xb ./Core/Src/main.o
 *fill*         0x080105db        0x1 
 .rodata.__func__.1
                0x080105dc        0x5 ./Core/Src/main.o
 *fill*         0x080105e1        0x3 
 .rodata.__func__.0
                0x080105e4        0xa ./Core/Src/main.o
 *fill*         0x080105ee        0x2 
 .rodata.AHBPrescTable
                0x080105f0       0x10 ./Core/Src/system_stm32f4xx.o
                0x080105f0                AHBPrescTable
 .rodata.APBPrescTable
                0x08010600        0x8 ./Core/Src/system_stm32f4xx.o
                0x08010600                APBPrescTable
 .rodata.__func__.1
                0x08010608       0x10 ./Core/Src/m_env/m_env.o
 .rodata.__func__.0
                0x08010618        0xf ./Core/Src/m_env/m_env.o
 *fill*         0x08010627        0x1 
 .rodata.arpreqhdr
                0x08010628        0x8 ./Core/Src/m_ether/ip_arp_udp_tcp.o
                0x08010628                arpreqhdr
 .rodata.iphdr  0x08010630        0x9 ./Core/Src/m_ether/ip_arp_udp_tcp.o
                0x08010630                iphdr
 *fill*         0x08010639        0x3 
 .rodata.__func__.0
                0x0801063c       0x14 ./Core/Src/m_ether/ip_arp_udp_tcp.o
 .rodata.__func__.7
                0x08010650        0xe ./Core/Src/m_ether/m_ether.o
 *fill*         0x0801065e        0x2 
 .rodata.__func__.6
                0x08010660        0xe ./Core/Src/m_ether/m_ether.o
 *fill*         0x0801066e        0x2 
 .rodata.__func__.5
                0x08010670       0x18 ./Core/Src/m_ether/m_ether.o
 .rodata.__func__.4
                0x08010688       0x17 ./Core/Src/m_ether/m_ether.o
 *fill*         0x0801069f        0x1 
 .rodata.__func__.3
                0x080106a0       0x11 ./Core/Src/m_ether/m_ether.o
 *fill*         0x080106b1        0x3 
 .rodata.__func__.2
                0x080106b4        0xc ./Core/Src/m_ether/m_ether.o
 .rodata.__func__.1
                0x080106c0        0xd ./Core/Src/m_ether/m_ether.o
 *fill*         0x080106cd        0x3 
 .rodata.__func__.0
                0x080106d0        0xd ./Core/Src/m_ether/m_ether.o
 *fill*         0x080106dd        0x3 
 .rodata.__func__.3
                0x080106e0        0xd ./Core/Src/m_event/m_event_queue.o
 *fill*         0x080106ed        0x3 
 .rodata.__func__.1
                0x080106f0       0x11 ./Core/Src/m_event/m_event_queue.o
 *fill*         0x08010701        0x3 
 .rodata.__func__.0
                0x08010704        0xd ./Core/Src/m_event/m_event_queue.o
 *fill*         0x08010711        0x3 
 .rodata.__func__.8
                0x08010714        0xb ./Core/Src/m_menu/m_normal.o
 *fill*         0x0801071f        0x1 
 .rodata.__func__.7
                0x08010720        0xc ./Core/Src/m_menu/m_normal.o
 .rodata.__func__.6
                0x0801072c        0xe ./Core/Src/m_menu/m_normal.o
 *fill*         0x0801073a        0x2 
 .rodata.__func__.5
                0x0801073c       0x10 ./Core/Src/m_menu/m_normal.o
 .rodata.__func__.4
                0x0801074c        0x8 ./Core/Src/m_menu/m_normal.o
 .rodata.__func__.3
                0x08010754        0x8 ./Core/Src/m_menu/m_normal.o
 .rodata.__func__.2
                0x0801075c        0xd ./Core/Src/m_menu/m_normal.o
 *fill*         0x08010769        0x3 
 .rodata.__func__.1
                0x0801076c        0xc ./Core/Src/m_menu/m_normal.o
 .rodata.__func__.0
                0x08010778       0x13 ./Core/Src/m_menu/m_normal.o
 *fill*         0x0801078b        0x1 
 .rodata.__func__.11
                0x0801078c       0x18 ./Core/Src/m_serial/fpga_proc.o
 .rodata.__func__.10
                0x080107a4       0x17 ./Core/Src/m_serial/fpga_proc.o
 *fill*         0x080107bb        0x1 
 .rodata.__func__.9
                0x080107bc        0xe ./Core/Src/m_serial/fpga_proc.o
 *fill*         0x080107ca        0x2 
 .rodata.__func__.8
                0x080107cc       0x11 ./Core/Src/m_serial/fpga_proc.o
 *fill*         0x080107dd        0x3 
 .rodata.__func__.7
                0x080107e0       0x14 ./Core/Src/m_serial/fpga_proc.o
 .rodata.__func__.6
                0x080107f4       0x11 ./Core/Src/m_serial/fpga_proc.o
 *fill*         0x08010805        0x3 
 .rodata.__func__.5
                0x08010808       0x13 ./Core/Src/m_serial/fpga_proc.o
 *fill*         0x0801081b        0x1 
 .rodata.__func__.4
                0x0801081c       0x15 ./Core/Src/m_serial/fpga_proc.o
 *fill*         0x08010831        0x3 
 .rodata.__func__.3
                0x08010834       0x17 ./Core/Src/m_serial/fpga_proc.o
 *fill*         0x0801084b        0x1 
 .rodata.__func__.2
                0x0801084c       0x15 ./Core/Src/m_serial/fpga_proc.o
 *fill*         0x08010861        0x3 
 .rodata.__func__.1
                0x08010864       0x16 ./Core/Src/m_serial/fpga_proc.o
 *fill*         0x0801087a        0x2 
 .rodata.__func__.0
                0x0801087c       0x17 ./Core/Src/m_serial/fpga_proc.o
 *fill*         0x08010893        0x1 
 .rodata.__func__.2
                0x08010894       0x10 ./Core/Src/m_serial/m_front.o
 .rodata.__func__.1
                0x080108a4        0xd ./Core/Src/m_serial/m_front.o
 *fill*         0x080108b1        0x3 
 .rodata.__func__.0
                0x080108b4        0xa ./Core/Src/m_serial/m_front.o
 *fill*         0x080108be        0x2 
 .rodata.__func__.5
                0x080108c0       0x10 ./Core/Src/m_serial/m_remote.o
 .rodata.__func__.4
                0x080108d0        0xc ./Core/Src/m_serial/m_remote.o
 .rodata.__func__.3
                0x080108dc       0x17 ./Core/Src/m_serial/m_remote.o
 *fill*         0x080108f3        0x1 
 .rodata.__func__.2
                0x080108f4        0xe ./Core/Src/m_serial/m_remote.o
 *fill*         0x08010902        0x2 
 .rodata.__func__.1
                0x08010904        0xf ./Core/Src/m_serial/m_remote.o
 *fill*         0x08010913        0x1 
 .rodata.__func__.0
                0x08010914       0x11 ./Core/Src/m_serial/m_remote.o
 *fill*         0x08010925        0x3 
 .rodata.__func__.1
                0x08010928        0xe ./Core/Src/m_serial/m_serial.o
 *fill*         0x08010936        0x2 
 .rodata.__func__.0
                0x08010938        0xe ./Core/Src/m_serial/m_serial.o
 *fill*         0x08010946        0x2 
 .rodata.table.0
                0x08010948       0x40 ./Core/Src/util/crc32_sw.o
 .rodata._svfprintf_r.str1.1
                0x08010988       0x33 C:/ST/STM32CubeIDE_1.7.0/STM32CubeIDE/plugins/com.st.stm32cube.ide.mcu.externaltools.gnu-tools-for-stm32.13.3.rel1.win32_1.0.0.202411081344/tools/bin/../lib/gcc/arm-none-eabi/13.3.1/../../../../arm-none-eabi/lib/thumb/v7e-m+fp/hard\libc_nano.a(libc_a-nano-svfprintf.o)
                                 0x11 (size before relaxing)
 .rodata._printf_i.str1.1
                0x080109bb       0x22 C:/ST/STM32CubeIDE_1.7.0/STM32CubeIDE/plugins/com.st.stm32cube.ide.mcu.externaltools.gnu-tools-for-stm32.13.3.rel1.win32_1.0.0.202411081344/tools/bin/../lib/gcc/arm-none-eabi/13.3.1/../../../../arm-none-eabi/lib/thumb/v7e-m+fp/hard\libc_nano.a(libc_a-nano-vfprintf_i.o)
                0x080109e0                        . = ALIGN (0x4)
 *fill*         0x080109bb        0x1 

.ARM.extab      0x080109bc        0x0
                0x080109bc                        . = ALIGN (0x4)
 *(.ARM.extab* .gnu.linkonce.armextab.*)
                0x080109bc                        . = ALIGN (0x4)

.ARM            0x080109bc        0x8
                0x080109bc                        . = ALIGN (0x4)
                0x080109bc                        __exidx_start = .
 *(.ARM.exidx*)
 .ARM.exidx     0x080109bc        0x8 C:/ST/STM32CubeIDE_1.7.0/STM32CubeIDE/plugins/com.st.stm32cube.ide.mcu.externaltools.gnu-tools-for-stm32.13.3.rel1.win32_1.0.0.202411081344/tools/bin/../lib/gcc/arm-none-eabi/13.3.1/../../../../arm-none-eabi/lib/thumb/v7e-m+fp/hard\libc_nano.a(libc_a-strlen.o)
 .ARM.exidx     0x080109c4        0x0 C:/ST/STM32CubeIDE_1.7.0/STM32CubeIDE/plugins/com.st.stm32cube.ide.mcu.externaltools.gnu-tools-for-stm32.13.3.rel1.win32_1.0.0.202411081344/tools/bin/../lib/gcc/arm-none-eabi/13.3.1/../../../../arm-none-eabi/lib/thumb/v7e-m+fp/hard\libc_nano.a(libc_a-memchr.o)
                                  0x8 (size before relaxing)
 .ARM.exidx     0x080109c4        0x0 C:/ST/STM32CubeIDE_1.7.0/STM32CubeIDE/plugins/com.st.stm32cube.ide.mcu.externaltools.gnu-tools-for-stm32.13.3.rel1.win32_1.0.0.202411081344/tools/bin/../lib/gcc/arm-none-eabi/13.3.1/thumb/v7e-m+fp/hard\libgcc.a(_udivmoddi4.o)
                                  0x8 (size before relaxing)
                0x080109c4                        __exidx_end = .
                0x080109c4                        . = ALIGN (0x4)

.preinit_array  0x080109c4        0x0
                0x080109c4                        . = ALIGN (0x4)
                0x080109c4                        PROVIDE (__preinit_array_start = .)
 *(.preinit_array*)
                0x080109c4                        PROVIDE (__preinit_array_end = .)
                0x080109c4                        . = ALIGN (0x4)

.init_array     0x080109c4        0x4
                0x080109c4                        . = ALIGN (0x4)
                0x080109c4                        PROVIDE (__init_array_start = .)
 *(SORT_BY_NAME(.init_array.*))
 *(.init_array*)
 .init_array    0x080109c4        0x4 C:/ST/STM32CubeIDE_1.7.0/STM32CubeIDE/plugins/com.st.stm32cube.ide.mcu.externaltools.gnu-tools-for-stm32.13.3.rel1.win32_1.0.0.202411081344/tools/bin/../lib/gcc/arm-none-eabi/13.3.1/thumb/v7e-m+fp/hard/crtbegin.o
                0x080109c8                        PROVIDE (__init_array_end = .)
                0x080109c8                        . = ALIGN (0x4)

.fini_array     0x080109c8        0x4
                0x080109c8                        . = ALIGN (0x4)
                [!provide]                        PROVIDE (__fini_array_start = .)
 *(SORT_BY_NAME(.fini_array.*))
 *(.fini_array*)
 .fini_array    0x080109c8        0x4 C:/ST/STM32CubeIDE_1.7.0/STM32CubeIDE/plugins/com.st.stm32cube.ide.mcu.externaltools.gnu-tools-for-stm32.13.3.rel1.win32_1.0.0.202411081344/tools/bin/../lib/gcc/arm-none-eabi/13.3.1/thumb/v7e-m+fp/hard/crtbegin.o
                [!provide]                        PROVIDE (__fini_array_end = .)
                0x080109cc                        . = ALIGN (0x4)
                0x080109cc                        _sidata = LOADADDR (.data)

.rel.dyn        0x080109cc        0x0
 .rel.iplt      0x080109cc        0x0 C:/ST/STM32CubeIDE_1.7.0/STM32CubeIDE/plugins/com.st.stm32cube.ide.mcu.externaltools.gnu-tools-for-stm32.13.3.rel1.win32_1.0.0.202411081344/tools/bin/../lib/gcc/arm-none-eabi/13.3.1/thumb/v7e-m+fp/hard/crtbegin.o

.data           0x20000000      0x15c load address 0x080109cc
                0x20000000                        . = ALIGN (0x4)
                0x20000000                        _sdata = .
 *(.data)
 *(.data*)
 .data.def_config
                0x20000000       0xc4 ./Core/Src/config/app_config.o
 .data.m_app_cfg
                0x200000c4        0x4 ./Core/Src/config/app_config.o
                0x200000c4                m_app_cfg
 .data.SystemCoreClock
                0x200000c8        0x4 ./Core/Src/system_stm32f4xx.o
                0x200000c8                SystemCoreClock
 .data.wwwport_l
                0x200000cc        0x1 ./Core/Src/m_ether/ip_arp_udp_tcp.o
 .data.tcpclient_src_port_l
                0x200000cd        0x1 ./Core/Src/m_ether/ip_arp_udp_tcp.o
 .data.delaycnt
                0x200000ce        0x2 ./Core/Src/m_ether/ip_arp_udp_tcp.o
 .data.waitgwmac
                0x200000d0        0x1 ./Core/Src/m_ether/ip_arp_udp_tcp.o
 .data.seqnum   0x200000d1        0x1 ./Core/Src/m_ether/ip_arp_udp_tcp.o
 *fill*         0x200000d2        0x2 
 .data.mymac    0x200000d4        0x6 ./Core/Src/m_ether/m_ether.o
 *fill*         0x200000da        0x2 
 .data.old_status.9
                0x200000dc        0x4 ./Core/Src/m_menu/m_normal.o
 .data.m_cfg    0x200000e0       0x10 ./Core/Src/m_serial/fpga_proc.o
 .data.m_cfg    0x200000f0       0x10 ./Core/Src/m_serial/m_remote.o
 .data.uwTickPrio