../Core/Src/apps/apps.c:66:9:key_check	16	static
../Core/Src/apps/apps.c:91:6:btn_tmr_callback	16	static
../Core/Src/apps/apps.c:102:6:set_skip_key	4	static
../Core/Src/apps/apps.c:111:7:key_process	16	static
../Core/Src/apps/apps.c:195:6:run_menu	24	static
../Core/Src/apps/apps.c:259:6:key_handler	16	static
../Core/Src/apps/apps.c:281:6:AppsTask	24	static
../Core/Src/apps/apps.c:337:6:apps_set_remote_mode	8	static
../Core/Src/apps/apps.c:343:6:apps_set_blink_enable	16	static
../Core/Src/apps/apps.c:348:5:apps_init	16	static
