../Core/Src/apps/apps.c:64:9:key_check	16	static
../Core/Src/apps/apps.c:89:6:btn_tmr_callback	16	static
../Core/Src/apps/apps.c:100:6:set_skip_key	8	static
../Core/Src/apps/apps.c:109:7:key_process	16	static
../Core/Src/apps/apps.c:190:6:run_menu	32	static
../Core/Src/apps/apps.c:251:6:key_handler	16	static
../Core/Src/apps/apps.c:273:6:AppsTask	24	static
../Core/Src/apps/apps.c:330:6:apps_set_remote_mode	8	static
../Core/Src/apps/apps.c:336:6:apps_set_blink_enable	16	static
../Core/Src/apps/apps.c:341:5:apps_init	16	static
