13:11:18 **** Incremental Build of configuration Debug for project Backend ****
make -j12 all 
arm-none-eabi-gcc "../Core/Src/m_serial/m_remote.c" -mcpu=cortex-m4 -std=gnu11 -g3 -DDEBUG -DUSE_HAL_DRIVER -DSTM32F405xx -c -I"D:/project/yns/MSV2008/Backend/Drivers/BSP/components/ethernet" -I../Core/Inc -I"D:/project/yns/MSV2008/Backend/Core/Src/config" -I"D:/project/yns/MSV2008/Backend/Core/Src/m_env" -I"D:/project/yns/MSV2008/Backend/Core/Src/m_ether" -I"D:/project/yns/MSV2008/Backend/Core/Src/m_event" -I"D:/project/yns/MSV2008/Backend/Core/Src/m_menu" -I"D:/project/yns/MSV2008/Backend/Core/Src/m_serial" -I"D:/project/yns/MSV2008/Backend/Core/Src/util" -I../Drivers/STM32F4xx_HAL_Driver/Inc -I../Drivers/STM32F4xx_HAL_Driver/Inc/Legacy -I../Drivers/CMSIS/Device/ST/STM32F4xx/Include -I../Drivers/CMSIS/Include -I../Middlewares/Third_Party/FreeRTOS/Source/include -I../Middlewares/Third_Party/FreeRTOS/Source/CMSIS_RTOS -I../Middlewares/Third_Party/FreeRTOS/Source/portable/GCC/ARM_CM4F -O0 -ffunction-sections -fdata-sections -Wall -fstack-usage -fcyclomatic-complexity -MMD -MP -MF"Core/Src/m_serial/m_remote.d" -MT"Core/Src/m_serial/m_remote.o" --specs=nano.specs -mfpu=fpv4-sp-d16 -mfloat-abi=hard -mthumb -o "Core/Src/m_serial/m_remote.o"
arm-none-eabi-gcc -o "Backend.elf" @"objects.list"   -mcpu=cortex-m4 -T"D:\project\yns\MSV2008\Backend\STM32F405RGTX_FLASH.ld" --specs=nosys.specs -Wl,-Map="Backend.map" -Wl,--gc-sections -static --specs=nano.specs -mfpu=fpv4-sp-d16 -mfloat-abi=hard -mthumb -Wl,--start-group -lc -lm -Wl,--end-group
Finished building target: Backend.elf
 
arm-none-eabi-size  Backend.elf 
arm-none-eabi-objdump -h -S Backend.elf  > "Backend.list"
   text	   data	    bss	    dec	    hex	filename
  68036	   6444	  80388	 154868	  25cf4	Backend.elf
arm-none-eabi-objcopy  -O ihex Backend.elf  "Backend.hex"
Finished building: default.size.stdout
 
Finished building: Backend.list
Finished building: Backend.hex
 
 

13:11:21 Build Finished. 0 errors, 0 warnings. (took 3s.354ms)

