16:17:24 **** Incremental Build of configuration Debug for project Frontend ****
make -j12 all 
arm-none-eabi-gcc "../Core/Src/apps/apps.c" -mcpu=cortex-m3 -std=gnu11 -g3 -DDEBUG -DUSE_HAL_DRIVER -DSTM32F103xB -c -I../Core/Inc -I"D:/project/yns/MSV2008/Frontend/Core/Src/apps" -I"D:/project/yns/MSV2008/Frontend/Core/Src/config" -I"D:/project/yns/MSV2008/Frontend/Core/Src/env" -I"D:/project/yns/MSV2008/Frontend/Core/Src/lcd" -I../Drivers/STM32F1xx_HAL_Driver/Inc/Legacy -I../Drivers/STM32F1xx_HAL_Driver/Inc -I../Drivers/CMSIS/Device/ST/STM32F1xx/Include -I../Drivers/CMSIS/Include -I../Middlewares/Third_Party/FreeRTOS/Source/include -I../Middlewares/Third_Party/FreeRTOS/Source/CMSIS_RTOS -I../Middlewares/Third_Party/FreeRTOS/Source/portable/GCC/ARM_CM3 -O0 -ffunction-sections -fdata-sections -Wall -fstack-usage -fcyclomatic-complexity -MMD -MP -MF"Core/Src/apps/apps.d" -MT"Core/Src/apps/apps.o" --specs=nano.specs -mfloat-abi=soft -mthumb -o "Core/Src/apps/apps.o"
arm-none-eabi-gcc -o "Frontend.elf" @"objects.list"   -mcpu=cortex-m3 -T"D:\project\yns\MSV2008\Frontend\STM32F103C8TX_FLASH.ld" --specs=nosys.specs -Wl,-Map="Frontend.map" -Wl,--gc-sections -static --specs=nano.specs -mfloat-abi=soft -mthumb -Wl,--start-group -lc -lm -Wl,--end-group
Finished building target: Frontend.elf
 
arm-none-eabi-size  Frontend.elf 
arm-none-eabi-objdump -h -S Frontend.elf  > "Frontend.list"
   text	   data	    bss	    dec	    hex	filename
  38868	    424	   9416	  48708	   be44	Frontend.elf
arm-none-eabi-objcopy  -O ihex Frontend.elf  "Frontend.hex"
Finished building: default.size.stdout
 
Finished building: Frontend.list
 
Finished building: Frontend.hex
 
